
 Start         Length     Name                   Class
 0001:00401000 00083588H .text                   CODE
 0002:00485000 00000494H .itext                  ICODE
 0003:00486000 00005638H .data                   DATA
 0004:0048C000 000045D8H .bss                    BSS
 0005:00000000 00000000H .tls                    TLS


Detailed map of segments

 0001:00000000 0000041E C=CODE     S=.text    G=(none)   M=System   ACBP=A9
 0001:00000420 00000203 C=CODE     S=.text    G=(none)   M=SysInit  ACBP=A9
 0001:00000624 0000078C C=CODE     S=.text    G=(none)   M=Windows  ACBP=A9
 0001:00000DB0 0000021E C=CODE     S=.text    G=(none)   M=SysUtils ACBP=A9
 0001:00000FD0 0000021E C=CODE     S=.text    G=(none)   M=Classes  ACBP=A9
 0001:000011F0 00000036 C=CODE     S=.text    G=(none)   M=TypInfo  ACBP=A9
 0001:00001228 0000003E C=CODE     S=.text    G=(none)   M=Variants ACBP=A9
 0001:00001268 00000006 C=CODE     S=.text    G=(none)   M=VarUtils ACBP=A9
 0001:00001270 0000004E C=CODE     S=.text    G=(none)   M=Graphics ACBP=A9
 0001:000012C0 00000006 C=CODE     S=.text    G=(none)   M=Registry ACBP=A9
 0001:000012C8 0000008E C=CODE     S=.text    G=(none)   M=IniFiles ACBP=A9
 0001:00001358 00000146 C=CODE     S=.text    G=(none)   M=Controls ACBP=A9
 0001:000014A0 00000006 C=CODE     S=.text    G=(none)   M=ActnList ACBP=A9
 0001:000014A8 00000006 C=CODE     S=.text    G=(none)   M=ImgList  ACBP=A9
 0001:000014B0 00000049 C=CODE     S=.text    G=(none)   M=CommCtrl ACBP=A9
 0001:000014FC 00000006 C=CODE     S=.text    G=(none)   M=Themes   ACBP=A9
 0001:00001504 00000056 C=CODE     S=.text    G=(none)   M=Menus    ACBP=A9
 0001:0000155C 00000006 C=CODE     S=.text    G=(none)   M=UxTheme  ACBP=A9
 0001:00001564 00000006 C=CODE     S=.text    G=(none)   M=MultiMon ACBP=A9
 0001:0000156C 00000006 C=CODE     S=.text    G=(none)   M=DwmApi   ACBP=A9
 0001:00001574 0000015E C=CODE     S=.text    G=(none)   M=Forms    ACBP=A9
 0001:000016D4 00000006 C=CODE     S=.text    G=(none)   M=HelpIntfs ACBP=A9
 0001:000016DC 00000016 C=CODE     S=.text    G=(none)   M=Dialogs  ACBP=A9
 0001:000016F4 0000000E C=CODE     S=.text    G=(none)   M=ShellAPI ACBP=A9
 0001:00001704 00000006 C=CODE     S=.text    G=(none)   M=StdCtrls ACBP=A9
 0001:0000170C 00000006 C=CODE     S=.text    G=(none)   M=Printers ACBP=A9
 0001:00001714 0000002E C=CODE     S=.text    G=(none)   M=ExtCtrls ACBP=A9
 0001:00001744 00000006 C=CODE     S=.text    G=(none)   M=GraphUtil ACBP=A9
 0001:0000174C 00000016 C=CODE     S=.text    G=(none)   M=Clipbrd  ACBP=A9
 0001:00001764 00000006 C=CODE     S=.text    G=(none)   M=FlatSB   ACBP=A9
 0001:0000176C 00000006 C=CODE     S=.text    G=(none)   M=Buttons  ACBP=A9
 0001:00001774 00001E69 C=CODE     S=.text    G=(none)   M=ELeaks   ACBP=A9
 0001:000035E0 00000FFE C=CODE     S=.text    G=(none)   M=ETypes   ACBP=A9
 0001:000045E0 0000298C C=CODE     S=.text    G=(none)   M=EConsts  ACBP=A9
 0001:00006F6C 00005CB4 C=CODE     S=.text    G=(none)   M=ECore    ACBP=A9
 0001:0000CC20 00005169 C=CODE     S=.text    G=(none)   M=EDebug   ACBP=A9
 0001:00011D8C 00000066 C=CODE     S=.text    G=(none)   M=WinSock  ACBP=A9
 0001:00011DF4 000015FC C=CODE     S=.text    G=(none)   M=EHook    ACBP=A9
 0001:000133F0 000000DE C=CODE     S=.text    G=(none)   M=ELang    ACBP=A9
 0001:000134D0 000017C0 C=CODE     S=.text    G=(none)   M=ESockets ACBP=A9
 0001:00014C90 0000A4FE C=CODE     S=.text    G=(none)   M=EZlib2   ACBP=A9
 0001:0001F190 00000B02 C=CODE     S=.text    G=(none)   M=EHash    ACBP=A9
 0001:0001FC94 000003FA C=CODE     S=.text    G=(none)   M=EEncrypt ACBP=A9
 0001:00020090 000002D2 C=CODE     S=.text    G=(none)   M=EBase64  ACBP=A9
 0001:00020364 00000246 C=CODE     S=.text    G=(none)   M=EZip     ACBP=A9
 0001:000205AC 00007FA2 C=CODE     S=.text    G=(none)   M=EWebTools ACBP=A9
 0001:00028550 000006F2 C=CODE     S=.text    G=(none)   M=EXMLBuilder ACBP=A9
 0001:00028C44 0000452E C=CODE     S=.text    G=(none)   M=ELogManager ACBP=A9
 0001:0002D174 000013AE C=CODE     S=.text    G=(none)   M=EListView ACBP=A9
 0001:0002E524 00007471 C=CODE     S=.text    G=(none)   M=EDisAsm  ACBP=A9
 0001:00035998 0002AFB0 C=CODE     S=.text    G=(none)   M=ExceptionLog ACBP=A9
 0001:00060948 00000086 C=CODE     S=.text    G=(none)   M=ComCtrls ACBP=A9
 0001:000609D0 00000006 C=CODE     S=.text    G=(none)   M=ExtActns ACBP=A9
 0001:000609D8 00000006 C=CODE     S=.text    G=(none)   M=ExtDlgs  ACBP=A9
 0001:000609E0 00000006 C=CODE     S=.text    G=(none)   M=Mapi     ACBP=A9
 0001:000609E8 000007BE C=CODE     S=.text    G=(none)   M=EDesign  ACBP=A9
 0001:000611A8 00000006 C=CODE     S=.text    G=(none)   M=FileCtrl ACBP=A9
 0001:000611B0 0000182D C=CODE     S=.text    G=(none)   M=EBorlandDebug ACBP=A9
 0001:000629E0 00002496 C=CODE     S=.text    G=(none)   M=EResource ACBP=A9
 0001:00064E78 0000C4A8 C=CODE     S=.text    G=(none)   M=EBaseModule ACBP=A9
 0001:00071320 00000006 C=CODE     S=.text    G=(none)   M=ToolsAPI ACBP=A9
 0001:00071328 00000006 C=CODE     S=.text    G=(none)   M=XMLIntf  ACBP=A9
 0001:00071330 00000006 C=CODE     S=.text    G=(none)   M=xmldom   ACBP=A9
 0001:00071338 00000006 C=CODE     S=.text    G=(none)   M=msxmldom ACBP=A9
 0001:00071340 00000006 C=CODE     S=.text    G=(none)   M=ComObj   ACBP=A9
 0001:00071348 00000016 C=CODE     S=.text    G=(none)   M=DesignIntf ACBP=A9
 0001:00071360 00000006 C=CODE     S=.text    G=(none)   M=DockForm ACBP=A9
 0001:00071368 00000006 C=CODE     S=.text    G=(none)   M=IDEMessages ACBP=A9
 0001:00071370 00000006 C=CODE     S=.text    G=(none)   M=DeskForm ACBP=A9
 0001:00071378 00000006 C=CODE     S=.text    G=(none)   M=BaseDock ACBP=A9
 0001:00071380 00000006 C=CODE     S=.text    G=(none)   M=PercentageDockTree ACBP=A9
 0001:00071388 00000006 C=CODE     S=.text    G=(none)   M=CaptionedDockTree ACBP=A9
 0001:00071390 00000006 C=CODE     S=.text    G=(none)   M=DockTabSet ACBP=A9
 0001:00071398 00000006 C=CODE     S=.text    G=(none)   M=Tabs     ACBP=A9
 0001:000713A0 00000006 C=CODE     S=.text    G=(none)   M=DeskUtil ACBP=A9
 0001:000713A8 00000006 C=CODE     S=.text    G=(none)   M=ActnMan  ACBP=A9
 0001:000713B0 00000006 C=CODE     S=.text    G=(none)   M=ActnMenus ACBP=A9
 0001:000713B8 00000006 C=CODE     S=.text    G=(none)   M=XPStyleActnCtrls ACBP=A9
 0001:000713C0 00000696 C=CODE     S=.text    G=(none)   M=EMessages ACBP=A9
 0001:00071A58 0000042E C=CODE     S=.text    G=(none)   M=EVariables ACBP=A9
 0001:00071E88 0000028A C=CODE     S=.text    G=(none)   M=EWait    ACBP=A9
 0001:00072114 000007EA C=CODE     S=.text    G=(none)   M=EAbout   ACBP=A9
 0001:00072900 00002058 C=CODE     S=.text    G=(none)   M=ECommon  ACBP=A9
 0001:00074958 0000A274 C=CODE     S=.text    G=(none)   M=EOption  ACBP=A9
 0001:0007EBCC 0000050A C=CODE     S=.text    G=(none)   M=EIDEOptions ACBP=A9
 0001:0007F0D8 00000DD3 C=CODE     S=.text    G=(none)   M=EParser  ACBP=A9
 0001:0007FEAC 00002FEC C=CODE     S=.text    G=(none)   M=EToolsAPI ACBP=A9
 0001:00082E98 00000268 C=CODE     S=.text    G=(none)   M=EMain    ACBP=A9
 0001:00083100 00000487 C=CODE     S=.text    G=(none)   M=.ExceptionExpert11 ACBP=A9
 0002:00000000 00000006 C=ICODE    S=.itext   G=(none)   M=System   ACBP=A9
 0002:00000008 00000011 C=ICODE    S=.itext   G=(none)   M=Windows  ACBP=A9
 0002:0000001C 00000006 C=ICODE    S=.itext   G=(none)   M=SysUtils ACBP=A9
 0002:00000024 00000006 C=ICODE    S=.itext   G=(none)   M=Classes  ACBP=A9
 0002:0000002C 00000006 C=ICODE    S=.itext   G=(none)   M=TypInfo  ACBP=A9
 0002:00000034 00000006 C=ICODE    S=.itext   G=(none)   M=Variants ACBP=A9
 0002:0000003C 00000006 C=ICODE    S=.itext   G=(none)   M=VarUtils ACBP=A9
 0002:00000044 00000006 C=ICODE    S=.itext   G=(none)   M=Graphics ACBP=A9
 0002:0000004C 00000006 C=ICODE    S=.itext   G=(none)   M=Registry ACBP=A9
 0002:00000054 00000006 C=ICODE    S=.itext   G=(none)   M=IniFiles ACBP=A9
 0002:0000005C 00000006 C=ICODE    S=.itext   G=(none)   M=Controls ACBP=A9
 0002:00000064 00000006 C=ICODE    S=.itext   G=(none)   M=ActnList ACBP=A9
 0002:0000006C 00000006 C=ICODE    S=.itext   G=(none)   M=Themes   ACBP=A9
 0002:00000074 00000006 C=ICODE    S=.itext   G=(none)   M=Menus    ACBP=A9
 0002:0000007C 00000006 C=ICODE    S=.itext   G=(none)   M=UxTheme  ACBP=A9
 0002:00000084 00000006 C=ICODE    S=.itext   G=(none)   M=MultiMon ACBP=A9
 0002:0000008C 00000006 C=ICODE    S=.itext   G=(none)   M=DwmApi   ACBP=A9
 0002:00000094 00000006 C=ICODE    S=.itext   G=(none)   M=Forms    ACBP=A9
 0002:0000009C 00000006 C=ICODE    S=.itext   G=(none)   M=HelpIntfs ACBP=A9
 0002:000000A4 00000006 C=ICODE    S=.itext   G=(none)   M=Dialogs  ACBP=A9
 0002:000000AC 00000006 C=ICODE    S=.itext   G=(none)   M=Printers ACBP=A9
 0002:000000B4 00000006 C=ICODE    S=.itext   G=(none)   M=ExtCtrls ACBP=A9
 0002:000000BC 00000006 C=ICODE    S=.itext   G=(none)   M=GraphUtil ACBP=A9
 0002:000000C4 00000006 C=ICODE    S=.itext   G=(none)   M=Clipbrd  ACBP=A9
 0002:000000CC 00000006 C=ICODE    S=.itext   G=(none)   M=FlatSB   ACBP=A9
 0002:000000D4 00000006 C=ICODE    S=.itext   G=(none)   M=Buttons  ACBP=A9
 0002:000000DC 00000013 C=ICODE    S=.itext   G=(none)   M=ELeaks   ACBP=A9
 0002:000000F0 00000008 C=ICODE    S=.itext   G=(none)   M=ETypes   ACBP=A9
 0002:000000F8 00000008 C=ICODE    S=.itext   G=(none)   M=EConsts  ACBP=A9
 0002:00000100 00000030 C=ICODE    S=.itext   G=(none)   M=ECore    ACBP=A9
 0002:00000130 00000008 C=ICODE    S=.itext   G=(none)   M=EDebug   ACBP=A9
 0002:00000138 00000030 C=ICODE    S=.itext   G=(none)   M=EHook    ACBP=A9
 0002:00000168 00000008 C=ICODE    S=.itext   G=(none)   M=ELang    ACBP=A9
 0002:00000170 00000034 C=ICODE    S=.itext   G=(none)   M=ESockets ACBP=A9
 0002:000001A4 00000008 C=ICODE    S=.itext   G=(none)   M=EZlib2   ACBP=A9
 0002:000001AC 00000008 C=ICODE    S=.itext   G=(none)   M=EHash    ACBP=A9
 0002:000001B4 00000008 C=ICODE    S=.itext   G=(none)   M=EEncrypt ACBP=A9
 0002:000001BC 00000008 C=ICODE    S=.itext   G=(none)   M=EBase64  ACBP=A9
 0002:000001C4 00000008 C=ICODE    S=.itext   G=(none)   M=EZip     ACBP=A9
 0002:000001CC 00000008 C=ICODE    S=.itext   G=(none)   M=EWebTools ACBP=A9
 0002:000001D4 00000008 C=ICODE    S=.itext   G=(none)   M=EXMLBuilder ACBP=A9
 0002:000001DC 00000008 C=ICODE    S=.itext   G=(none)   M=ELogManager ACBP=A9
 0002:000001E4 00000008 C=ICODE    S=.itext   G=(none)   M=EListView ACBP=A9
 0002:000001EC 00000008 C=ICODE    S=.itext   G=(none)   M=EDisAsm  ACBP=A9
 0002:000001F4 00000078 C=ICODE    S=.itext   G=(none)   M=ExceptionLog ACBP=A9
 0002:0000026C 00000006 C=ICODE    S=.itext   G=(none)   M=ComCtrls ACBP=A9
 0002:00000274 00000006 C=ICODE    S=.itext   G=(none)   M=ExtActns ACBP=A9
 0002:0000027C 00000006 C=ICODE    S=.itext   G=(none)   M=ExtDlgs  ACBP=A9
 0002:00000284 00000006 C=ICODE    S=.itext   G=(none)   M=Mapi     ACBP=A9
 0002:0000028C 00000008 C=ICODE    S=.itext   G=(none)   M=EDesign  ACBP=A9
 0002:00000294 0000000F C=ICODE    S=.itext   G=(none)   M=EBorlandDebug ACBP=A9
 0002:000002A4 00000008 C=ICODE    S=.itext   G=(none)   M=EResource ACBP=A9
 0002:000002AC 00000038 C=ICODE    S=.itext   G=(none)   M=EBaseModule ACBP=A9
 0002:000002E4 00000006 C=ICODE    S=.itext   G=(none)   M=ToolsAPI ACBP=A9
 0002:000002EC 00000006 C=ICODE    S=.itext   G=(none)   M=XMLIntf  ACBP=A9
 0002:000002F4 00000006 C=ICODE    S=.itext   G=(none)   M=xmldom   ACBP=A9
 0002:000002FC 00000006 C=ICODE    S=.itext   G=(none)   M=msxmldom ACBP=A9
 0002:00000304 00000006 C=ICODE    S=.itext   G=(none)   M=ComObj   ACBP=A9
 0002:0000030C 00000006 C=ICODE    S=.itext   G=(none)   M=DockForm ACBP=A9
 0002:00000314 00000006 C=ICODE    S=.itext   G=(none)   M=IDEMessages ACBP=A9
 0002:0000031C 00000006 C=ICODE    S=.itext   G=(none)   M=DeskForm ACBP=A9
 0002:00000324 00000006 C=ICODE    S=.itext   G=(none)   M=BaseDock ACBP=A9
 0002:0000032C 00000006 C=ICODE    S=.itext   G=(none)   M=PercentageDockTree ACBP=A9
 0002:00000334 00000006 C=ICODE    S=.itext   G=(none)   M=CaptionedDockTree ACBP=A9
 0002:0000033C 00000006 C=ICODE    S=.itext   G=(none)   M=DockTabSet ACBP=A9
 0002:00000344 00000006 C=ICODE    S=.itext   G=(none)   M=Tabs     ACBP=A9
 0002:0000034C 00000006 C=ICODE    S=.itext   G=(none)   M=DeskUtil ACBP=A9
 0002:00000354 00000006 C=ICODE    S=.itext   G=(none)   M=ActnMan  ACBP=A9
 0002:0000035C 00000006 C=ICODE    S=.itext   G=(none)   M=ActnMenus ACBP=A9
 0002:00000364 00000006 C=ICODE    S=.itext   G=(none)   M=XPStyleActnCtrls ACBP=A9
 0002:0000036C 00000008 C=ICODE    S=.itext   G=(none)   M=EMessages ACBP=A9
 0002:00000374 00000008 C=ICODE    S=.itext   G=(none)   M=EVariables ACBP=A9
 0002:0000037C 00000008 C=ICODE    S=.itext   G=(none)   M=EWait    ACBP=A9
 0002:00000384 00000008 C=ICODE    S=.itext   G=(none)   M=EAbout   ACBP=A9
 0002:0000038C 00000034 C=ICODE    S=.itext   G=(none)   M=ECommon  ACBP=A9
 0002:000003C0 00000034 C=ICODE    S=.itext   G=(none)   M=EOption  ACBP=A9
 0002:000003F4 00000008 C=ICODE    S=.itext   G=(none)   M=EIDEOptions ACBP=A9
 0002:000003FC 00000008 C=ICODE    S=.itext   G=(none)   M=EParser  ACBP=A9
 0002:00000404 00000058 C=ICODE    S=.itext   G=(none)   M=EToolsAPI ACBP=A9
 0002:0000045C 00000030 C=ICODE    S=.itext   G=(none)   M=EMain    ACBP=A9
 0002:0000048C 00000005 C=ICODE    S=.itext   G=(none)   M=.ExceptionExpert11 ACBP=A9
 0003:00000000 00000030 C=DATA     S=.data    G=DGROUP   M=SysInit  ACBP=A9
 0003:00000030 00000014 C=DATA     S=.data    G=DGROUP   M=ELeaks   ACBP=A9
 0003:00000044 00000908 C=DATA     S=.data    G=DGROUP   M=EConsts  ACBP=A9
 0003:0000094C 00000044 C=DATA     S=.data    G=DGROUP   M=ECore    ACBP=A9
 0003:00000990 0000004C C=DATA     S=.data    G=DGROUP   M=EDebug   ACBP=A9
 0003:000009DC 000001A0 C=DATA     S=.data    G=DGROUP   M=EHook    ACBP=A9
 0003:00000B7C 00000001 C=DATA     S=.data    G=DGROUP   M=ESockets ACBP=A9
 0003:00000B80 00000FCC C=DATA     S=.data    G=DGROUP   M=EZlib2   ACBP=A9
 0003:00001B4C 00000212 C=DATA     S=.data    G=DGROUP   M=EHash    ACBP=A9
 0003:00001D60 000000C0 C=DATA     S=.data    G=DGROUP   M=EBase64  ACBP=A9
 0003:00001E20 00001C14 C=DATA     S=.data    G=DGROUP   M=EWebTools ACBP=A9
 0003:00003A34 00000020 C=DATA     S=.data    G=DGROUP   M=EXMLBuilder ACBP=A9
 0003:00003A54 00000024 C=DATA     S=.data    G=DGROUP   M=ELogManager ACBP=A9
 0003:00003A78 000012D5 C=DATA     S=.data    G=DGROUP   M=EDisAsm  ACBP=A9
 0003:00004D50 0000059C C=DATA     S=.data    G=DGROUP   M=ExceptionLog ACBP=A9
 0003:000052EC 000001D8 C=DATA     S=.data    G=DGROUP   M=EBaseModule ACBP=A9
 0003:000054C4 00000008 C=DATA     S=.data    G=DGROUP   M=ECommon  ACBP=A9
 0003:000054CC 00000048 C=DATA     S=.data    G=DGROUP   M=EOption  ACBP=A9
 0003:00005514 00000028 C=DATA     S=.data    G=DGROUP   M=EParser  ACBP=A9
 0003:0000553C 00000020 C=DATA     S=.data    G=DGROUP   M=EToolsAPI ACBP=A9
 0004:00000000 0000000C C=BSS      S=.bss     G=DGROUP   M=SysInit  ACBP=A9
 0004:0000000C 00000008 C=BSS      S=.bss     G=DGROUP   M=Windows  ACBP=A9
 0004:00000014 00000054 C=BSS      S=.bss     G=DGROUP   M=ELeaks   ACBP=A9
 0004:00000068 00000004 C=BSS      S=.bss     G=DGROUP   M=ETypes   ACBP=A9
 0004:0000006C 00000004 C=BSS      S=.bss     G=DGROUP   M=EConsts  ACBP=A9
 0004:00000070 00000009 C=BSS      S=.bss     G=DGROUP   M=ECore    ACBP=A9
 0004:0000007C 00000004 C=BSS      S=.bss     G=DGROUP   M=EDebug   ACBP=A9
 0004:00000080 00000010 C=BSS      S=.bss     G=DGROUP   M=EHook    ACBP=A9
 0004:00000090 00000004 C=BSS      S=.bss     G=DGROUP   M=ELang    ACBP=A9
 0004:00000094 00000004 C=BSS      S=.bss     G=DGROUP   M=ESockets ACBP=A9
 0004:00000098 00003120 C=BSS      S=.bss     G=DGROUP   M=EZlib2   ACBP=A9
 0004:000031B8 00000404 C=BSS      S=.bss     G=DGROUP   M=EHash    ACBP=A9
 0004:000035BC 0000001C C=BSS      S=.bss     G=DGROUP   M=EEncrypt ACBP=A9
 0004:000035D8 00000004 C=BSS      S=.bss     G=DGROUP   M=EBase64  ACBP=A9
 0004:000035DC 00000004 C=BSS      S=.bss     G=DGROUP   M=EZip     ACBP=A9
 0004:000035E0 00000048 C=BSS      S=.bss     G=DGROUP   M=EWebTools ACBP=A9
 0004:00003628 00000004 C=BSS      S=.bss     G=DGROUP   M=EXMLBuilder ACBP=A9
 0004:0000362C 00000004 C=BSS      S=.bss     G=DGROUP   M=ELogManager ACBP=A9
 0004:00003630 00000004 C=BSS      S=.bss     G=DGROUP   M=EListView ACBP=A9
 0004:00003634 00000004 C=BSS      S=.bss     G=DGROUP   M=EDisAsm  ACBP=A9
 0004:00003638 00000E7C C=BSS      S=.bss     G=DGROUP   M=ExceptionLog ACBP=A9
 0004:000044B4 00000004 C=BSS      S=.bss     G=DGROUP   M=EDesign  ACBP=A9
 0004:000044B8 0000003C C=BSS      S=.bss     G=DGROUP   M=EBorlandDebug ACBP=A9
 0004:000044F4 00000004 C=BSS      S=.bss     G=DGROUP   M=EResource ACBP=A9
 0004:000044F8 00000018 C=BSS      S=.bss     G=DGROUP   M=EBaseModule ACBP=A9
 0004:00004510 00000008 C=BSS      S=.bss     G=DGROUP   M=EMessages ACBP=A9
 0004:00004518 00000008 C=BSS      S=.bss     G=DGROUP   M=EVariables ACBP=A9
 0004:00004520 00000008 C=BSS      S=.bss     G=DGROUP   M=EWait    ACBP=A9
 0004:00004528 00000008 C=BSS      S=.bss     G=DGROUP   M=EAbout   ACBP=A9
 0004:00004530 0000002C C=BSS      S=.bss     G=DGROUP   M=ECommon  ACBP=A9
 0004:0000455C 0000000C C=BSS      S=.bss     G=DGROUP   M=EOption  ACBP=A9
 0004:00004568 00000008 C=BSS      S=.bss     G=DGROUP   M=EIDEOptions ACBP=A9
 0004:00004570 00000051 C=BSS      S=.bss     G=DGROUP   M=EParser  ACBP=A9
 0004:000045C4 0000000C C=BSS      S=.bss     G=DGROUP   M=EToolsAPI ACBP=A9
 0004:000045D0 00000008 C=BSS      S=.bss     G=DGROUP   M=EMain    ACBP=A9
 0005:00000000 00000173 C=TLS      S=.tls     G=(none)   M=ExceptionLog ACBP=A9


  Address             Publics by Name

 0002:0000048C       .ExceptionExpert11..ExceptionExpert11
 0001:00083568       .ExceptionExpert11.@GetPackageInfoTable
 0001:00083570       .ExceptionExpert11.@PackageLoad
 0001:0008357C       .ExceptionExpert11.@PackageUnload
 0001:000014B0       CommCtrl.ListView_GetCheckState
 0001:000014D0       CommCtrl.ListView_SetCheckState
 0004:0000452C       EAbout..2
 0001:00072114       EAbout..TAboutForm
 0004:00004528       EAbout.ActivateDelay
 0002:00000384       EAbout.EAbout
 0001:000728D0       EAbout.Finalization
 0001:00072844       EAbout.TAboutForm.BigLabelClick
 0001:000727DC       EAbout.TAboutForm.EmailClick
 0001:00072820       EAbout.TAboutForm.FormCloseQuery
 0001:00072514       EAbout.TAboutForm.FormCreate
 0001:000727C4       EAbout.TAboutForm.FormKeyDown
 0001:000727D8       EAbout.TAboutForm.FormShow
 0001:0007288C       EAbout.TAboutForm.Label5Click
 0001:00072824       EAbout.TAboutForm.OrderBtnClick
 0001:000724D8       EAbout.TAboutForm.SiteClick
 0001:0007281C       EAbout.TAboutForm.TimerTimer
 0001:00072828       EAbout.TAboutForm.WhatBtnClick
 0004:000035D8       EBase64..1
 0001:000201B0       EBase64.Base64Decode
 0001:00020290       EBase64.Base64DecodeStr
 0001:000202F8       EBase64.Base64DecodeString
 0001:000200F4       EBase64.Base64Encode
 0001:00020244       EBase64.Base64EncodeStr
 0001:000202F0       EBase64.Base64EncodeString
 0001:00020300       EBase64.Base64EncodeToString
 0001:000200BC       EBase64.CalcDecodedSize
 0001:00020090       EBase64.CalcEncodedSize
 0003:00001D60       EBase64.cBase64Codec
 0003:00001DA0       EBase64.cBase64Codec
 0002:000001BC       EBase64.EBase64
 0001:00020334       EBase64.Finalization
 0004:0000450C       EBaseModule..9
 0001:00065174       EBaseModule..TBaseModule
 0001:00065564       EBaseModule..TCppBuilderWin32Personality
 0001:00065428       EBaseModule..TCustomPersonality
 0001:000654C0       EBaseModule..TDelphiWin32Personality
 0001:00065610       EBaseModule..TInMemIniFile
 0001:00065274       EBaseModule..TModules
 0001:00068B04       EBaseModule.AdjustDir
 0001:00068DF0       EBaseModule.Align
 0001:00069128       EBaseModule.CalcCrc32
 0001:00068E04       EBaseModule.CalculateCheckSum
 0003:00005388       EBaseModule.CheckCompiler
 0001:00065984       EBaseModule.CheckOptionFile
 0004:000044FC       EBaseModule.Compiled
 0004:00004508       EBaseModule.CurrentPersonality
 0001:0006A3FC       EBaseModule.DebugNotFoundProcedure
 0001:00068890       EBaseModule.DefaultOptionFile
 0001:00067098       EBaseModule.DeleteLine
 0001:00067C20       EBaseModule.DLLNameFromThunkData
 0001:00071230       EBaseModule.Done
 0002:000002AC       EBaseModule.EBaseModule
 0001:00067F58       EBaseModule.ElaborateParameter
 0001:00067674       EBaseModule.ElaborateText
 0003:00005420       EBaseModule.EndChars0
 0003:00005440       EBaseModule.EndChars1
 0003:000052FC       EBaseModule.EndComments
 0001:000689B8       EBaseModule.EnvironmentStringsToList
 0001:00068958       EBaseModule.EurekaDefaultOptionFile
 0001:00068860       EBaseModule.EurekaLogFirstLine
 0001:00068878       EBaseModule.EurekaLogLastLine
 0001:000699BC       EBaseModule.ExtractProcName
 0001:00069A90       EBaseModule.ExtractUnitName
 0001:000701AC       EBaseModule.ExtractXMLSubStr
 0001:00071244       EBaseModule.Finalization
 0001:00069CA4       EBaseModule.FindFirstLine
 0001:0006A084       EBaseModule.FindProcByAddr
 0001:00069FDC       EBaseModule.FindUnit
 0001:0006B7CC       EBaseModule.FindUnits
 0001:0006790C       EBaseModule.GetCppFileOptionValue
 0001:00070BE4       EBaseModule.GetCurrentModuleName
 0004:00004500       EBaseModule.GetCurrentModuleNameProc
 0001:0006FB58       EBaseModule.GetDelphiModuleInfo
 0001:0006F488       EBaseModule.GetDirectiveValue
 0001:00065704       EBaseModule.GetFileTimes
 0001:00068D10       EBaseModule.GetHeaders
 0001:00067B84       EBaseModule.GetImageData
 0001:0006FF1C       EBaseModule.GetOptionFromCfgFile
 0001:0006A134       EBaseModule.GetProcedureBySymbol
 0001:00069B64       EBaseModule.GoToNextLine
 0001:00069BB8       EBaseModule.GotoSection
 0001:00067BA4       EBaseModule.hModule
 0003:0000532C       EBaseModule.HookedFunctions
 0001:000674C8       EBaseModule.IncludeLastBackslash
 0001:000711E4       EBaseModule.Init
 0001:00071020       EBaseModule.InstalledPackage
 0001:0006579C       EBaseModule.InternalCheckCompiler
 0001:000711DC       EBaseModule.InternalGetCurrentPersonality
 0001:00067A60       EBaseModule.InternalIsAcceptableProject
 0004:00004504       EBaseModule.IsAcceptableProject
 0001:000657A0       EBaseModule.IsConvertingOldOptionsFile
 0001:0006682C       EBaseModule.IsEncoded
 0001:00065A80       EBaseModule.IsEurekaLogOptionsFile
 0001:000658BC       EBaseModule.IsEurekaLogPackage
 0001:00065F14       EBaseModule.IsOldBCB2006File
 0001:00066810       EBaseModule.IsValidChar
 0001:000675F8       EBaseModule.IsXMLText
 0001:00068098       EBaseModule.KillInutilChars
 0001:0006B954       EBaseModule.ListLen
 0001:0006784C       EBaseModule.LoadXMLFile
 0001:00069EB0       EBaseModule.MapError
 0003:00005384       EBaseModule.MasterCompiledFile
 0003:00005380       EBaseModule.MasterOptionsFile
 0001:00067CCC       EBaseModule.ModifyImportFunction
 0004:000044F8       EBaseModule.ModuleOptions
 0003:0000530C       EBaseModule.NameSet
 0003:00005390       EBaseModule.OkChars
 0001:00068848       EBaseModule.OldOptionFileExt
 0001:00068830       EBaseModule.OptionFileExt
 0001:0006758C       EBaseModule.PosEx
 0001:000677CC       EBaseModule.ProcessText
 0001:00069830       EBaseModule.ReadHex
 0001:0006988C       EBaseModule.ReadInt
 0001:00068694       EBaseModule.ReadKeyList
 0001:000698D4       EBaseModule.ReadString
 0001:000684B8       EBaseModule.ReadStrings
 0001:0006B9D8       EBaseModule.RemoveUnit
 0001:00067BB4       EBaseModule.SecDelta
 0001:00065754       EBaseModule.SetFileTimes
 0003:00005460       EBaseModule.SharedUnits
 0001:00069E6C       EBaseModule.SimpleUnitName
 0001:00069B90       EBaseModule.SkipLines
 0003:000052EC       EBaseModule.StartComments
 0001:0006B670       EBaseModule.StoreUnitNames
 0001:00068E70       EBaseModule.StripRelocationTable
 0003:000053D0       EBaseModule.SymbolNames
 0001:000710A0       EBaseModule.TBaseModule.AfterCompile
 0001:0006B434       EBaseModule.TBaseModule.Assign
 0001:00070F60       EBaseModule.TBaseModule.BeforeCompile
 0001:0006A474       EBaseModule.TBaseModule.BuildMapFile
 0001:0006C56C       EBaseModule.TBaseModule.Create
 0001:0006F928       EBaseModule.TBaseModule.DeleteText
 0001:0006F3E4       EBaseModule.TBaseModule.ErrorMessage
 0001:00070EA0       EBaseModule.TBaseModule.ExecProgram
 0001:0007001C       EBaseModule.TBaseModule.GetCommandLineOption
 0001:00070A50       EBaseModule.TBaseModule.GetCompiledFile
 0001:00070324       EBaseModule.TBaseModule.GetCppBuilderOutputFile
 0001:00070B90       EBaseModule.TBaseModule.GetMapFile
 0001:0006FE1C       EBaseModule.TBaseModule.GetModuleInfo
 0001:0006FEC8       EBaseModule.TBaseModule.GetModuleType
 0001:00070214       EBaseModule.TBaseModule.GetMSBuildOutputFile
 0001:0006F85C       EBaseModule.TBaseModule.GetOptionFile
 0001:000707CC       EBaseModule.TBaseModule.GetOutputDir
 0001:0006F55C       EBaseModule.TBaseModule.GetRealFileName
 0001:0006F8B8       EBaseModule.TBaseModule.GetText
 0001:000708AC       EBaseModule.TBaseModule.GetUnitDirs
 0001:0006F9DC       EBaseModule.TBaseModule.InsertText
 0001:0006F45C       EBaseModule.TBaseModule.IsReadOnly
 0001:0006E334       EBaseModule.TBaseModule.LoadOptions
 0001:0006E380       EBaseModule.TBaseModule.LoadOptionsFromDefaultOptionFile
 0001:0006C608       EBaseModule.TBaseModule.LoadOptionsFromFile
 0001:0006BC00       EBaseModule.TBaseModule.MakeLine
 0001:0006F7C4       EBaseModule.TBaseModule.SaveOptions
 0001:0006F810       EBaseModule.TBaseModule.SaveOptionsToDefaultOptionFile
 0001:0006E3CC       EBaseModule.TBaseModule.SaveOptionsToFile
 0001:000708B0       EBaseModule.TBaseModule.SetBplFile
 0001:0006FA9C       EBaseModule.TBaseModule.SetDebugOptions
 0001:0006FAA0       EBaseModule.TBaseModule.SetModuleTypeFromExt
 0001:0006B468       EBaseModule.TBaseModule.SetToDefaultOptions
 0001:00069160       EBaseModule.TBaseModule.WriteOnEXE
 0001:00065FC4       EBaseModule.TCppBuilderWin32Personality.GetOptionValue
 0001:00065F10       EBaseModule.TCppBuilderWin32Personality.GetPersonality
 0001:00065B3C       EBaseModule.TCustomPersonality.GetOptionValue
 0001:00065BC4       EBaseModule.TCustomPersonality.GetPersonality
 0001:00065B4C       EBaseModule.TCustomPersonality.IsOptionEqual
 0001:00065BCC       EBaseModule.TDelphiWin32Personality.GetOptionValue
 0001:00065BC8       EBaseModule.TDelphiWin32Personality.GetPersonality
 0001:00066324       EBaseModule.TInMemIniFile.AddSection
 0001:00066380       EBaseModule.TInMemIniFile.Clear
 0001:00066250       EBaseModule.TInMemIniFile.Create
 0001:00066928       EBaseModule.TInMemIniFile.DecodeData
 0001:000674B4       EBaseModule.TInMemIniFile.DeleteKey
 0001:000662E8       EBaseModule.TInMemIniFile.Destroy
 0001:00066C84       EBaseModule.TInMemIniFile.EncodeData
 0001:000674B8       EBaseModule.TInMemIniFile.EraseSection
 0001:00066500       EBaseModule.TInMemIniFile.GetDataRange
 0001:000663B8       EBaseModule.TInMemIniFile.GetStrings
 0001:000666C4       EBaseModule.TInMemIniFile.LoadValues
 0001:000674BC       EBaseModule.TInMemIniFile.ReadSection
 0001:000674C0       EBaseModule.TInMemIniFile.ReadSections
 0001:000674C4       EBaseModule.TInMemIniFile.ReadSectionValues
 0001:00066E48       EBaseModule.TInMemIniFile.ReadString
 0001:00066EF0       EBaseModule.TInMemIniFile.SetStrings
 0001:00067228       EBaseModule.TInMemIniFile.UpdateFile
 0001:00066FD8       EBaseModule.TInMemIniFile.WriteString
 0003:000053B0       EBaseModule.TInvalidChars
 0001:00070C18       EBaseModule.TModules.AddModule
 0001:00070E78       EBaseModule.TModules.Delete
 0001:00070C94       EBaseModule.TModules.Destroy
 0001:00070CD8       EBaseModule.TModules.FindByName
 0001:00070E00       EBaseModule.TModules.GetCurrentModule
 0001:00070E64       EBaseModule.TModules.GetItem
 0001:00070E98       EBaseModule.TModules.SetItem
 0003:0000538C       EBaseModule.TUnhandledModules
 0001:0006A3BC       EBaseModule.TwoDots
 0001:00069CFC       EBaseModule.WriteString
 0001:00068378       EBaseModule.WriteStrings
 0004:000044B8       EBorlandDebug..1
 0001:000623F0       EBorlandDebug.CompleteMapFile
 0001:0006249C       EBorlandDebug.DllFullPath
 0004:000044F0       EBorlandDebug.DllHandle
 0001:0006299C       EBorlandDebug.Done
 0002:00000294       EBorlandDebug.EBorlandDebug
 0001:000615C4       EBorlandDebug.ErrorType
 0001:00061584       EBorlandDebug.ExtractFileNameEx
 0001:000613EC       EBorlandDebug.ExtractProcName
 0001:00061258       EBorlandDebug.ExtractStr
 0001:000629A8       EBorlandDebug.Finalization
 0001:000616CC       EBorlandDebug.GetDebugData
 0001:00061214       EBorlandDebug.GetName
 0001:00062660       EBorlandDebug.Init
 0001:000611D0       EBorlandDebug.SixSpaces
 0004:000044DC       EBorlandDebug._BorDebugNameIndexToName
 0004:000044E4       EBorlandDebug._BorDebugNextSymbol
 0004:000044BC       EBorlandDebug._BorDebugRegisterFile
 0004:000044CC       EBorlandDebug._BorDebugSrcModule
 0004:000044D8       EBorlandDebug._BorDebugSrcModuleLineNumbers
 0004:000044D4       EBorlandDebug._BorDebugSrcModuleSourceRanges
 0004:000044D0       EBorlandDebug._BorDebugSrcModuleSources
 0004:000044E0       EBorlandDebug._BorDebugStartSymbols
 0004:000044C8       EBorlandDebug._BorDebugSubSection
 0004:000044C4       EBorlandDebug._BorDebugSubSectionCount
 0004:000044E8       EBorlandDebug._BorDebugSymbolGPROC32
 0004:000044EC       EBorlandDebug._BorDebugSymbolGPROCREF
 0004:000044C0       EBorlandDebug._BorDebugUnregisterFile
 0004:00004534       ECommon..3
 0001:00072B3C       ECommon..TCheckUpdate
 0001:00072A30       ECommon..TEurekaApp
 0001:00072900       ECommon..TIDEManager
 0001:00072A88       ECommon..TMailSlotTimer
 0001:000729B0       ECommon..TMenuEvents
 0001:00073F58       ECommon.AboutBox
 0001:00073350       ECommon.Add
 0001:000735B8       ECommon.AddModulePath
 0001:000744D0       ECommon.Done
 0002:0000038C       ECommon.ECommon
 0001:00073AFC       ECommon.EurekaLogPath
 0001:000748F4       ECommon.Finalization
 0001:00072BA0       ECommon.HookApplicationOnException
 0001:00072C5C       ECommon.IDECatchEnabled
 0004:00004530       ECommon.IDEManager
 0001:0007435C       ECommon.Init
 0001:00074104       ECommon.InternalHookDllProcedureEx
 0001:00074550       ECommon.IsValidVersionString
 0001:00074340       ECommon.IsWinNT4
 0003:000054C4       ECommon.LastOpenedOptionFile
 0001:00072FDC       ECommon.MailSlotCreate
 0004:00004540       ECommon.MailSlotOK
 0001:00073080       ECommon.MailSlotRead
 0004:00004538       ECommon.MailSlotSrv
 0004:00004544       ECommon.MailSlotTimer
 0001:00074180       ECommon.NewCreateFile
 0001:0007426C       ECommon.NewLoadLibrary
 0004:00004558       ECommon.NotifiersList
 0004:00004554       ECommon.OldCreateFile
 0004:00004550       ECommon.OldLoadLibrary
 0004:00004548       ECommon.OldOnException
 0001:000745C8       ECommon.TCheckUpdate.Execute
 0001:00072CC4       ECommon.TEurekaApp.ExceptionNotify
 0001:000739FC       ECommon.TIDEManager.CheckAndInstallNotify
 0001:00073CB4       ECommon.TIDEManager.CheckForConflicts
 0001:00073EE8       ECommon.TIDEManager.DeleteText
 0001:000739D0       ECommon.TIDEManager.FindNotifier
 0001:000733E4       ECommon.TIDEManager.FromPathToList
 0001:00073490       ECommon.TIDEManager.GetLibraryPath
 0001:00073EF4       ECommon.TIDEManager.GetText
 0001:00073F00       ECommon.TIDEManager.InsertText
 0001:00073F08       ECommon.TIDEManager.InstallNotifier
 0001:00073998       ECommon.TIDEManager.InternalInstallNotifier
 0001:000739AC       ECommon.TIDEManager.InternalRemoveNotifier
 0001:00073F0C       ECommon.TIDEManager.MarkModified
 0001:00073620       ECommon.TIDEManager.PathFromInternalFiles
 0001:00073F10       ECommon.TIDEManager.RemoveNotifier
 0001:00073EE4       ECommon.TIDEManager.SaveAllModifiedFiles
 0001:000737D8       ECommon.TIDEManager.SearchDir
 0001:00073EF0       ECommon.TIDEManager.SetMenuState
 0001:00073F18       ECommon.TIDEManager.ShowFile
 0001:00073F14       ECommon.TIDEManager.UnloadProjectsList
 0001:00073124       ECommon.TMailSlotTimer.Create
 0001:0007317C       ECommon.TMailSlotTimer.TimerTick
 0001:000740FC       ECommon.TMenuEvents.OnAboutClick
 0001:00073F84       ECommon.TMenuEvents.OnHelpOptionsClick
 0001:00073F8C       ECommon.TMenuEvents.OnIDEOptionsClick
 0001:00073FB0       ECommon.TMenuEvents.OnOptionsClick
 0001:000740F4       ECommon.TMenuEvents.OnTutorialClick
 0001:00074020       ECommon.TMenuEvents.OnViewLogClick
 0001:00072C04       ECommon.UnHookApplicationOnException
 0003:000054C8       ECommon.UpdateThread
 0004:0000006C       EConsts..5
 0002:000000F8       EConsts.EConsts
 0003:0000004C       EConsts.EMsgs
 0003:00000824       EConsts.EShowOptions
 0003:00000044       EConsts.EurekaLogCurrentVersion
 0003:000005AC       EConsts.EVals
 0003:000008E4       EConsts.EVariablesOptions
 0001:00006EE8       EConsts.Finalization
 0003:00000048       EConsts.UnassignedPointer
 0004:00000074       ECore..4
 0001:00006F6C       ECore..EIgnoreException
 0001:00007A4C       ECore..TEurekaExceptionsFilters
 0001:00007AF4       ECore..TEurekaModuleOptions
 0001:0000AD20       ECore.BinToStr
 0001:000098B0       ECore.CheckDirectoryExists
 0001:00009698       ECore.CheckIntoIDE
 0001:0000922C       ECore.CheckKey
 0001:00007CEC       ECore.CompleteVersion
 0001:0000C888       ECore.ComputerName
 0001:00008B44       ECore.ConvertAddress
 0003:0000094C       ECore.CriticalError
 0003:00000950       ECore.Digits
 0001:0000CBC8       ECore.Done
 0001:00008450       ECore.DotNetHostedFile
 0002:00000100       ECore.ECore
 0001:00009564       ECore.EurekaLogType
 0001:00009824       ECore.ExcludeLastBackslash
 0001:00008364       ECore.ExpandEnvVars
 0001:00007F2C       ECore.ExtractList
 0001:00008FFC       ECore.ExtractStringsEx
 0001:0000CBCC       ECore.Finalization
 0001:000098D4       ECore.ForceDirectoriesEx
 0001:00008228       ECore.GetEnvVariable
 0001:000085B0       ECore.GetEurekaLogDir
 0001:00009624       ECore.GetEurekaLogLabel
 0001:000094F8       ECore.GetGMT
 0001:00009538       ECore.GetGMTDateTime
 0001:00008C20       ECore.GetLongNameFromShort
 0001:00008B7C       ECore.GetModifiedDate
 0001:000092C0       ECore.GetMultiConfigurationString
 0001:00008478       ECore.GetProfileFolder
 0001:00008AA4       ECore.GetReadableSize
 0001:00008534       ECore.GetUserApplicationsPath
 0001:00009BDC       ECore.GetWorkingDir
 0001:00009A88       ECore.GetWorkingFile
 0001:00009774       ECore.IncludeLastBackslash
 0001:00008614       ECore.IniDir
 0001:0000CBBC       ECore.Init
 0004:00000078       ECore.InternalIntoIDE
 0001:00009690       ECore.IntoIDE
 0001:00009A78       ECore.IsFileOK
 0001:00007E78       ECore.IsGreaterVersion
 0001:00009A40       ECore.IsReadableFile
 0001:00008B2C       ECore.IsValidBlockAddr
 0001:000099A8       ECore.IsWritableFile
 0004:00000070       ECore.LastEurekaVersion
 0003:00000970       ECore.NoChars
 0001:000089C0       ECore.OneString
 0001:00008E4C       ECore.PosEx
 0001:00008EE4       ECore.QuickStringReplace
 0001:00009444       ECore.RADDir
 0001:000093B0       ECore.RADRegistryKey
 0001:000087D0       ECore.ReadBool
 0001:0000874C       ECore.ReadInteger
 0001:00009118       ECore.ReadKey
 0001:0000A8A0       ECore.ReadRawStrings
 0001:0000AE50       ECore.ReadString
 0001:00008634       ECore.ReadString
 0001:00007F1C       ECore.Real_GetMainModuleFileName
 0001:0000C9E0       ECore.SafeExec
 0001:00008164       ECore.StringToUtf8
 0001:0000ADB4       ECore.StrToBin
 0001:00008A7C       ECore.SupportsEx
 0001:00009C84       ECore.TEurekaExceptionsFilters.Add
 0001:00009CA0       ECore.TEurekaExceptionsFilters.Assign
 0001:00009D64       ECore.TEurekaExceptionsFilters.Clear
 0001:00009D90       ECore.TEurekaExceptionsFilters.Create
 0001:00009DC8       ECore.TEurekaExceptionsFilters.Delete
 0001:00009DF8       ECore.TEurekaExceptionsFilters.Destroy
 0001:00009E24       ECore.TEurekaExceptionsFilters.GetItem
 0001:00009E38       ECore.TEurekaExceptionsFilters.Insert
 0001:00009F38       ECore.TEurekaModuleOptions.Assign
 0001:00009E4C       ECore.TEurekaModuleOptions.Create
 0001:00009F04       ECore.TEurekaModuleOptions.Destroy
 0001:0000BC44       ECore.TEurekaModuleOptions.DisableSharedDataWrite
 0001:0000BC48       ECore.TEurekaModuleOptions.EnableSharedDataWrite
 0001:0000A31C       ECore.TEurekaModuleOptions.GetCustomizedExpandedTexts
 0001:0000A300       ECore.TEurekaModuleOptions.GetCustomizedTexts
 0001:0000ABE4       ECore.TEurekaModuleOptions.LoadCustomizedTextsFromFile
 0001:0000ACCC       ECore.TEurekaModuleOptions.LoadFromFile
 0001:0000AEC8       ECore.TEurekaModuleOptions.LoadFromStream
 0001:0000BC40       ECore.TEurekaModuleOptions.LoadSharedData
 0001:0000C78C       ECore.TEurekaModuleOptions.OutputFile
 0001:0000C900       ECore.TEurekaModuleOptions.OutputLogFile
 0001:0000BC4C       ECore.TEurekaModuleOptions.SaveCustomizedTextsToFile
 0001:0000A338       ECore.TEurekaModuleOptions.SaveToFile
 0001:0000BD2C       ECore.TEurekaModuleOptions.SaveToSharedData
 0001:0000A498       ECore.TEurekaModuleOptions.SaveToStream
 0001:0000C354       ECore.TEurekaModuleOptions.SetActivateHandle
 0001:0000C360       ECore.TEurekaModuleOptions.SetActivateLog
 0001:0000C2F8       ECore.TEurekaModuleOptions.SetActive
 0001:0000C36C       ECore.TEurekaModuleOptions.SetAppendLogs
 0001:0000C6A8       ECore.TEurekaModuleOptions.SetAttachedFiles
 0001:0000C6EC       ECore.TEurekaModuleOptions.SetAutoCloseDialogSecs
 0001:0000C6F8       ECore.TEurekaModuleOptions.SetAutoCrashMinutes
 0001:0000C704       ECore.TEurekaModuleOptions.SetAutoCrashNumber
 0001:0000C710       ECore.TEurekaModuleOptions.SetAutoCrashOperation
 0001:0000C75C       ECore.TEurekaModuleOptions.SetBehaviourOptions
 0001:0000C774       ECore.TEurekaModuleOptions.SetCallStackOptions
 0001:0000C67C       ECore.TEurekaModuleOptions.SetCommonSendOptions
 0001:0000C694       ECore.TEurekaModuleOptions.SetCompiledFileOptions
 0001:0000C29C       ECore.TEurekaModuleOptions.SetCustomizedTexts
 0001:0000C378       ECore.TEurekaModuleOptions.SetEMailAddresses
 0001:0000C398       ECore.TEurekaModuleOptions.SetEMailMessage
 0001:0000C3B8       ECore.TEurekaModuleOptions.SetEMailSendMode
 0001:0000C3C4       ECore.TEurekaModuleOptions.SetEMailSubject
 0001:0000C310       ECore.TEurekaModuleOptions.SetErrorsNumberToSave
 0001:0000C3E4       ECore.TEurekaModuleOptions.SetErrorsNumberToShowTerminateBtn
 0001:0000C6C8       ECore.TEurekaModuleOptions.SetExceptionDialogOptions
 0001:0000C6E0       ECore.TEurekaModuleOptions.SetExceptionDialogType
 0001:0000C3F0       ECore.TEurekaModuleOptions.SetExceptionsFilters
 0001:0000C3FC       ECore.TEurekaModuleOptions.SetForegroundTab
 0001:0000C304       ECore.TEurekaModuleOptions.SetFreezeActivate
 0001:0000C408       ECore.TEurekaModuleOptions.SetFreezeTimeout
 0001:0000C71C       ECore.TEurekaModuleOptions.SetHTMLLayout
 0001:0000C414       ECore.TEurekaModuleOptions.SetLogOptions
 0001:0000C348       ECore.TEurekaModuleOptions.SetModuleHandle
 0001:0000C32C       ECore.TEurekaModuleOptions.SetModuleName
 0001:0000C42C       ECore.TEurekaModuleOptions.SetOutputPath
 0001:0000C44C       ECore.TEurekaModuleOptions.SetPostFailureBuildEvent
 0001:0000C468       ECore.TEurekaModuleOptions.SetPostSuccessfulBuildEvent
 0001:0000C484       ECore.TEurekaModuleOptions.SetPreBuildEvent
 0001:0000C4A0       ECore.TEurekaModuleOptions.SetProxyPassword
 0001:0000C4BC       ECore.TEurekaModuleOptions.SetProxyPort
 0001:0000C4C8       ECore.TEurekaModuleOptions.SetProxyURL
 0001:0000C4E4       ECore.TEurekaModuleOptions.SetProxyUserID
 0001:0000C500       ECore.TEurekaModuleOptions.SetReproduceText
 0001:0000C520       ECore.TEurekaModuleOptions.SetSaveLogFile
 0001:0000C52C       ECore.TEurekaModuleOptions.SetShowOptions
 0001:0000C540       ECore.TEurekaModuleOptions.SetSMTPFrom
 0001:0000C55C       ECore.TEurekaModuleOptions.SetSMTPHost
 0001:0000C578       ECore.TEurekaModuleOptions.SetSMTPPassword
 0001:0000C594       ECore.TEurekaModuleOptions.SetSMTPPort
 0001:0000C5A0       ECore.TEurekaModuleOptions.SetSMTPUserID
 0001:0000C73C       ECore.TEurekaModuleOptions.SetSupportURL
 0001:0000C5BC       ECore.TEurekaModuleOptions.SetTerminateBtnOperation
 0001:0000C5C8       ECore.TEurekaModuleOptions.SetTextsCollection
 0001:0000BD44       ECore.TEurekaModuleOptions.SetToDefaultOptions
 0001:0000C1F4       ECore.TEurekaModuleOptions.SetTrakerAssignTo
 0001:0000C210       ECore.TEurekaModuleOptions.SetTrakerCategory
 0001:0000C22C       ECore.TEurekaModuleOptions.SetTrakerPassword
 0001:0000C248       ECore.TEurekaModuleOptions.SetTrakerProject
 0001:0000C264       ECore.TEurekaModuleOptions.SetTrakerTrialID
 0001:0000C280       ECore.TEurekaModuleOptions.SetTrakerUserID
 0001:0000C614       ECore.TEurekaModuleOptions.SetWebPassword
 0001:0000C634       ECore.TEurekaModuleOptions.SetWebPort
 0001:0000C5E8       ECore.TEurekaModuleOptions.SetWebSendMode
 0001:0000C5F4       ECore.TEurekaModuleOptions.SetWebURL
 0001:0000C640       ECore.TEurekaModuleOptions.SetWebUserID
 0001:0000C660       ECore.TEurekaModuleOptions.SetZipPassword
 0001:0000BC3C       ECore.TEurekaModuleOptions.StoreSharedData
 0001:00008088       ECore.WideStringToUtf8
 0001:00008580       ECore.WindowsDir
 0001:00008968       ECore.WriteBool
 0001:000088F8       ECore.WriteInteger
 0001:0000AA90       ECore.WriteRawStrings
 0001:00008830       ECore.WriteString
 0001:0000A390       ECore.WriteString
 0001:00007CAC       ECore.ZeroComplete
 0004:0000007C       EDebug..03
 0001:0000D804       EDebug..TELAbstractMapParser
 0001:0000DC30       EDebug..TELBinDebugScanner
 0001:0000D480       EDebug..TELConstantSymbolInfo
 0001:0000D120       EDebug..TELDataSymbolInfo
 0001:0000DE2C       EDebug..TELDebugInfoJedy
 0001:0000DD94       EDebug..TELDebugInfoMap
 0001:0000DCF4       EDebug..TELDebugInfoSource
 0001:0000DECC       EDebug..TELDebugInfoTD32
 0001:0000D240       EDebug..TELGDataSymbolInfo
 0001:0000CFF0       EDebug..TELGlobalProcSymbolInfo
 0001:0000D3F0       EDebug..TELLabelSymbolInfo
 0001:0000D1B0       EDebug..TELLDataSymbolInfo
 0001:0000CD38       EDebug..TELLineInfo
 0001:0000CF58       EDebug..TELLocalProcSymbolInfo
 0001:0000DAF0       EDebug..TELMapParser
 0001:0000DB90       EDebug..TELMapScanner
 0001:0000CCB4       EDebug..TELModuleInfo
 0001:0000D088       EDebug..TELObjNameSymbolInfo
 0001:0000D778       EDebug..TELPeBorTD32Image
 0001:0000CEC8       EDebug..TELProcSymbolInfo
 0001:0000D2D0       EDebug..TELPublicSymbolInfo
 0001:0000CDB4       EDebug..TELSourceModuleInfo
 0001:0000CE40       EDebug..TELSymbolInfo
 0001:0000D640       EDebug..TELTD32InfoParser
 0001:0000D6DC       EDebug..TELTD32InfoScanner
 0001:0000D518       EDebug..TELUdtSymbolInfo
 0001:0000D5A8       EDebug..TELVftPathSymbolInfo
 0001:0000D360       EDebug..TELWithSymbolInfo
 0001:0000DF6C       EDebug..THModuleStream
 0001:0000CC20       EDebug..TObjectListEx
 0001:00011C2C       EDebug.AssignValidDebugInfo
 0001:0000F178       EDebug.DecodeNameString
 0002:00000130       EDebug.EDebug
 0001:0000E480       EDebug.Eof
 0001:00011CF0       EDebug.Finalization
 0001:0000E5E8       EDebug.FindParam
 0001:000116BC       EDebug.FormatProcName
 0001:00011A00       EDebug.GetImageNtHeaders
 0001:0000E494       EDebug.IsDecDigit
 0001:0000DFE8       EDebug.Max
 0001:0000DFF0       EDebug.Min
 0001:00011AD8       EDebug.ModuleFileName
 0001:0000FE28       EDebug.PEInitialize
 0001:0000FD88       EDebug.PeMapImgFindSection
 0001:0000FDE4       EDebug.PeMapImgNtHeaders
 0001:0000FD74       EDebug.PeMapImgSections
 0003:000009B0       EDebug.PublicsByNameHeader
 0003:000009C0       EDebug.PublicsByValueHeader
 0001:0000E57C       EDebug.ReadAddress
 0001:0000E4D8       EDebug.ReadDecValue
 0001:0000E508       EDebug.ReadHexValue
 0001:0000E5B8       EDebug.ReadString
 0001:0000E4AC       EDebug.ReadTextLine
 0003:000009D0       EDebug.ResourceFilesHeader
 0001:0000E07C       EDebug.SafeLoadFromFileToStream
 0001:0000DFF8       EDebug.SearchDynArray
 0001:0000ED60       EDebug.Search_MapLineNumber
 0001:0000EF30       EDebug.Search_MapProcName
 0003:000009A0       EDebug.SegmentsHeader
 0001:0000F134       EDebug.SimpleCryptString
 0001:0000E460       EDebug.SkipEndLine
 0001:0000E43C       EDebug.SkipWhiteSpace
 0001:000115B0       EDebug.StringReplace
 0001:0000E608       EDebug.SyncToHeader
 0001:0000E6E4       EDebug.SyncToPrefix
 0003:00000990       EDebug.TableHeader
 0001:0000E184       EDebug.TELAbstractMapParser.Create
 0001:0000E1E4       EDebug.TELAbstractMapParser.Destroy
 0001:0000E218       EDebug.TELAbstractMapParser.GetLinkerBugUnitName
 0001:0000E230       EDebug.TELAbstractMapParser.MapStringToFileName
 0001:0000E2C0       EDebug.TELAbstractMapParser.MapStringToStr
 0001:0000E7B4       EDebug.TELAbstractMapParser.Parse
 0001:0000F318       EDebug.TELBinDebugScanner.CacheLineNumbers
 0001:0000F3D8       EDebug.TELBinDebugScanner.CacheProcNames
 0001:0000F4D8       EDebug.TELBinDebugScanner.CheckFormat
 0001:0000F2C0       EDebug.TELBinDebugScanner.Create
 0001:0000F574       EDebug.TELBinDebugScanner.DataToStr
 0001:00011CB0       EDebug.TELBinDebugScanner.Destroy
 0001:0000F5A4       EDebug.TELBinDebugScanner.GetModuleName
 0001:0000F5C0       EDebug.TELBinDebugScanner.LineNumberFromAddr
 0001:0000F6B4       EDebug.TELBinDebugScanner.MakePtr
 0001:0000F6C0       EDebug.TELBinDebugScanner.ModuleNameFromAddr
 0001:0000F72C       EDebug.TELBinDebugScanner.ModuleStartFromAddr
 0001:0000F784       EDebug.TELBinDebugScanner.ProcNameFromAddr
 0001:0000F930       EDebug.TELBinDebugScanner.ReadValue
 0001:0000F968       EDebug.TELBinDebugScanner.SourceNameFromAddr
 0001:00010A70       EDebug.TELConstantSymbolInfo.Create
 0001:00010820       EDebug.TELDataSymbolInfo.Create
 0001:0000FC40       EDebug.TELDebugInfoJedy.Destroy
 0001:0000FC80       EDebug.TELDebugInfoJedy.GetLocationInfo
 0001:0000FE60       EDebug.TELDebugInfoJedy.InitializeSource
 0001:0000FF58       EDebug.TELDebugInfoJedy.ValidData
 0001:0000FA7C       EDebug.TELDebugInfoMap.Destroy
 0001:0000FAB0       EDebug.TELDebugInfoMap.GetLocationInfo
 0001:0000FBA4       EDebug.TELDebugInfoMap.InitializeSource
 0001:0000FC38       EDebug.TELDebugInfoMap.ValidData
 0001:0000F9F4       EDebug.TELDebugInfoSource.Create
 0001:0000FA2C       EDebug.TELDebugInfoSource.GetFileName
 0001:0000FA70       EDebug.TELDebugInfoSource.VAFromAddr
 0001:0000FF6C       EDebug.TELDebugInfoTD32.Destroy
 0001:0000FFA0       EDebug.TELDebugInfoTD32.GetLocationInfo
 0001:0001009C       EDebug.TELDebugInfoTD32.InitializeSource
 0001:000100F8       EDebug.TELDebugInfoTD32.ValidData
 0001:000109B0       EDebug.TELLabelSymbolInfo.Create
 0001:000102B8       EDebug.TELLineInfo.Create
 0001:0000EA4C       EDebug.TELMapParser.ClassTableItem
 0001:0000EACC       EDebug.TELMapParser.LineNumbersItem
 0001:0000EAE4       EDebug.TELMapParser.LineNumberUnitItem
 0001:0000EB5C       EDebug.TELMapParser.PublicsByNameItem
 0001:0000EBBC       EDebug.TELMapParser.PublicsByValueItem
 0001:0000EC1C       EDebug.TELMapParser.SegmentItem
 0001:0000ED58       EDebug.TELMapScanner.ClassTableItem
 0001:0000EC9C       EDebug.TELMapScanner.Create
 0001:0000ED00       EDebug.TELMapScanner.Destroy
 0001:0000ED68       EDebug.TELMapScanner.LineNumberFromAddr
 0001:0000EDD4       EDebug.TELMapScanner.LineNumbersItem
 0001:0000EEA0       EDebug.TELMapScanner.LineNumberUnitItem
 0001:0000EEA4       EDebug.TELMapScanner.ModuleNameFromAddr
 0001:0000EEF4       EDebug.TELMapScanner.ModuleStartFromAddr
 0001:0000EF38       EDebug.TELMapScanner.ProcNameFromAddr
 0001:0000EFB8       EDebug.TELMapScanner.PublicsByNameItem
 0001:0000EFBC       EDebug.TELMapScanner.PublicsByValueItem
 0001:0000F01C       EDebug.TELMapScanner.Scan
 0001:0000F06C       EDebug.TELMapScanner.SegmentItem
 0001:0000F0D4       EDebug.TELMapScanner.SourceNameFromAddr
 0001:00010160       EDebug.TELModuleInfo.Create
 0001:0001021C       EDebug.TELModuleInfo.GetSegment
 0001:00010760       EDebug.TELObjNameSymbolInfo.Create
 0001:00011984       EDebug.TELPeBorTD32Image.CheckDebugData
 0001:000119D4       EDebug.TELPeBorTD32Image.Clear
 0001:000119DC       EDebug.TELPeBorTD32Image.ClearDebugData
 0001:000118EC       EDebug.TELPeBorTD32Image.Create
 0001:00011948       EDebug.TELPeBorTD32Image.Destroy
 0001:00011A04       EDebug.TELPeBorTD32Image.IsDebugInfoInImage
 0001:00011B20       EDebug.TELPeBorTD32Image.IsDebugInfoInTds
 0001:00010698       EDebug.TELProcSymbolInfo.Create
 0001:00010300       EDebug.TELSourceModuleInfo.Create
 0001:00010460       EDebug.TELSourceModuleInfo.Destroy
 0001:00010544       EDebug.TELSourceModuleInfo.FindLine
 0001:00010494       EDebug.TELSourceModuleInfo.GetLine
 0001:000104A8       EDebug.TELSourceModuleInfo.GetLineCount
 0001:000104B0       EDebug.TELSourceModuleInfo.GetSegment
 0001:000105E4       EDebug.TELSymbolInfo.Create
 0001:00010E48       EDebug.TELTD32InfoParser.Analyse
 0001:00010FCC       EDebug.TELTD32InfoParser.AnalyseAlignSymbols
 0001:0001116C       EDebug.TELTD32InfoParser.AnalyseModules
 0001:00010F9C       EDebug.TELTD32InfoParser.AnalyseNames
 0001:00011190       EDebug.TELTD32InfoParser.AnalyseSourceModules
 0001:00010CC8       EDebug.TELTD32InfoParser.Create
 0001:00010DEC       EDebug.TELTD32InfoParser.Destroy
 0001:00011254       EDebug.TELTD32InfoParser.FindModule
 0001:000113AC       EDebug.TELTD32InfoParser.FindProc
 0001:0001130C       EDebug.TELTD32InfoParser.FindSourceModule
 0001:000111D8       EDebug.TELTD32InfoParser.GetModule
 0001:000111EC       EDebug.TELTD32InfoParser.GetModuleCount
 0001:000111F4       EDebug.TELTD32InfoParser.GetName
 0001:00011214       EDebug.TELTD32InfoParser.GetNameCount
 0001:0001121C       EDebug.TELTD32InfoParser.GetSourceModule
 0001:00011230       EDebug.TELTD32InfoParser.GetSourceModuleCount
 0001:00011238       EDebug.TELTD32InfoParser.GetSymbol
 0001:0001124C       EDebug.TELTD32InfoParser.GetSymbolCount
 0001:00011434       EDebug.TELTD32InfoParser.IsTD32DebugInfoValid
 0001:0001150C       EDebug.TELTD32InfoParser.IsTD32Sign
 0001:00011524       EDebug.TELTD32InfoParser.LfaToVa
 0001:0001152C       EDebug.TELTD32InfoScanner.LineNumberFromAddr
 0001:00011578       EDebug.TELTD32InfoScanner.ModuleNameFromAddr
 0001:0001181C       EDebug.TELTD32InfoScanner.ProcNameFromAddr
 0001:000118BC       EDebug.TELTD32InfoScanner.SourceNameFromAddr
 0001:00010B38       EDebug.TELUdtSymbolInfo.Create
 0001:00010C00       EDebug.TELVftPathSymbolInfo.Create
 0001:000108E8       EDebug.TELWithSymbolInfo.Create
 0001:00010114       EDebug.THModuleStream.Create
 0001:0000E138       EDebug.TObjectListEx.Destroy
 0004:000044B4       EDesign..1
 0001:00060BFC       EDesign.AdjustFontLanguage
 0001:00060B94       EDesign.AdjustXPThemeSupport
 0001:00060C18       EDesign.BaseDir
 0001:00060B48       EDesign.ChangeCharset
 0002:0000028C       EDesign.EDesign
 0001:000609E8       EDesign.EnumFontFamProc
 0001:00061178       EDesign.Finalization
 0001:00060A00       EDesign.FontFamily
 0001:00060F38       EDesign.HelpPath
 0001:00060D50       EDesign.PackagePath
 0001:00060A8C       EDesign.SetSingle
 0001:00060FE4       EDesign.ShowHelp
 0001:00060E54       EDesign.ShowLog
 0001:000610EC       EDesign.ShowTutorial
 0001:00060DD4       EDesign.ViewerPath
 0004:00003634       EDisAsm..2
 0001:0002E570       EDisAsm..TDisAsm
 0003:00004D38       EDisAsm.ByteRegs1
 0003:00004D3C       EDisAsm.ByteRegs2
 0002:000001EC       EDisAsm.EDisAsm
 0001:000358FC       EDisAsm.Finalization
 0003:00004438       EDisAsm.FloatingPointOpcodes
 0001:00034338       EDisAsm.GetEffectiveAddress
 0001:00033CE8       EDisAsm.GetRefAddress
 0001:00033E48       EDisAsm.GetRegName
 0003:00004278       EDisAsm.GroupsOpcodes
 0003:000043B8       EDisAsm.GroupsOperands
 0001:00033DF0       EDisAsm.ModRM
 0003:00003A78       EDisAsm.OneByteOpcodes
 0001:000348A4       EDisAsm.Operand
 0001:00033CC8       EDisAsm.ReadByte
 0001:00033C88       EDisAsm.ReadDWord
 0001:00033F58       EDisAsm.ReadSib
 0001:00033CA8       EDisAsm.ReadWord
 0001:00035230       EDisAsm.Replacer
 0001:00033E1C       EDisAsm.Sib
 0001:00033BE8       EDisAsm.SignedIntToHex
 0001:00035554       EDisAsm.TDisAsm.GetInstruction
 0003:00003E78       EDisAsm.TwoByteOpcodes
 0003:00004D40       EDisAsm.WordRegs1
 0003:00004D48       EDisAsm.WordRegs2
 0004:000035BC       EEncrypt..1
 0004:000035C0       EEncrypt.CV
 0001:0001FF9C       EEncrypt.Decrypt
 0002:000001B4       EEncrypt.EEncrypt
 0001:0001FEF0       EEncrypt.Encrypt
 0001:00020060       EEncrypt.Finalization
 0001:0001FE50       EEncrypt.InitKey
 0004:000035C8       EEncrypt.KeyData
 0001:0001FCBC       EEncrypt.SwapDWord
 0001:0001FDA0       EEncrypt.TEA_Decrypt
 0001:0001FCF0       EEncrypt.TEA_Encrypt
 0001:0001FC94       EEncrypt.XorBlock
 0004:000031B8       EHash..1
 0001:0001F298       EHash.Compress
 0003:00001B4C       EHash.Crc16Tab
 0004:000031BC       EHash.crc_table
 0003:00001D4C       EHash.crc_table_computed
 0002:000001AC       EHash.EHash
 0001:0001FC64       EHash.Finalization
 0001:0001F234       EHash.GetCRC16
 0001:0001F1EC       EHash.GetCRC32
 0001:0001FB54       EHash.GetMD5
 0001:0001F280       EHash.LRot32
 0001:0001F190       EHash.make_crc_table
 0003:00001D50       EHash.p
 0004:00000080       EHook..1
 0001:00011DF4       EHook..EHookError
 0001:00011EA4       EHook..EHookingError
 0001:00011E4C       EHook..EProcNull
 0001:00011F00       EHook..ESharedArea
 0001:00011F7C       EHook..THookedMethodsList
 0001:000123C4       EHook.AddrSize
 0003:00000A7C       EHook.AsmConst
 0001:0001271C       EHook.CalculateRelocatedAsmSize
 0001:00012D38       EHook.CheckFail
 0004:00000088       EHook.DllList
 0001:000132F4       EHook.Done
 0002:00000138       EHook.EHook
 0001:0001339C       EHook.Finalization
 0001:00012530       EHook.GetAsmSize
 0001:00012664       EHook.GetFunctionSize
 0001:00012128       EHook.GetVirtualMethod
 0001:00012D9C       EHook.HookDllProcedure
 0001:000131F0       EHook.HookDllProcedureEx
 0004:0000008C       EHook.HookedMethodsList
 0004:00000084       EHook.HookedProcedures
 0001:0001297C       EHook.HookProcedure
 0001:00012A8C       EHook.HookProcedureEx
 0001:0001217C       EHook.HookVirtualMethod
 0001:000132C0       EHook.Init
 0001:00012CD8       EHook.IsWin9xDebugThunk
 0001:00012374       EHook.JumpToMem
 0001:000123F0       EHook.ModRMByte
 0001:00012394       EHook.ModuleFileName
 0003:00000A3C       EHook.OpCodeLongJump1Byte
 0003:00000A5C       EHook.OpCodeLongJump2Bytes
 0003:000009DC       EHook.OpCodePrefixes
 0003:00000A1C       EHook.OpCodeReturn
 0003:000009FC       EHook.OpCodeShortJump
 0001:00012CEC       EHook.PeMapImgNtHeaders
 0001:000127D0       EHook.RelocateMemory
 0001:00012134       EHook.SetVirtualMethod
 0001:000123D8       EHook.SIDSize
 0001:00011FEC       EHook.THookedMethodsList.Create
 0001:00012058       EHook.THookedMethodsList.Delete
 0001:00012080       EHook.THookedMethodsList.Destroy
 0001:0001202C       EHook.THookedMethodsList.GetItem
 0001:00012040       EHook.THookedMethodsList.Lock
 0001:0001204C       EHook.THookedMethodsList.Unlock
 0001:000130A4       EHook.TryHookDllProcedureEx
 0001:00012C5C       EHook.UnhookProcedure
 0001:00012270       EHook.UnhookVirtualMethod
 0001:00012334       EHook.WriteMem
 0004:0000456C       EIDEOptions..2
 0001:0007EBCC       EIDEOptions..TIDEOptionsForm
 0002:000003F4       EIDEOptions.EIDEOptions
 0001:0007F0A8       EIDEOptions.Finalization
 0004:00004568       EIDEOptions.IDEOptionsForm
 0001:0007EE98       EIDEOptions.TIDEOptionsForm.CheckUpdatesClick
 0001:0007EEE4       EIDEOptions.TIDEOptionsForm.FormCreate
 0001:0007EFD0       EIDEOptions.TIDEOptionsForm.OKClick
 0004:00000090       ELang..1
 0002:00000168       ELang.ELang
 0001:000134A0       ELang.Finalization
 0001:000133F0       ELang.TranslateCharsetInfo
 0001:000133F8       ELang.UserCharSet
 0004:0000002C       ELeaks..1
 0004:00000028       ELeaks.AddLeak
 0004:00000044       ELeaks.AllocatedList_End
 0004:0000003C       ELeaks.AllocatedList_Lock
 0004:00000040       ELeaks.AllocatedList_Start
 0001:000021FC       ELeaks.AreTheSameLeak
 0003:00000034       ELeaks.BlockOverFoot
 0003:00000030       ELeaks.BlockOverHead
 0001:00001818       ELeaks.CallerOfReallocMem
 0001:00002014       ELeaks.CheckMemoryOverrun
 0001:00001F04       ELeaks.CheckOurPointer
 0001:00001B00       ELeaks.ConvertAddress
 0001:00002858       ELeaks.CountAllLeaks
 0001:00003334       ELeaks.DisableMemoryLeaksCheck
 0001:00003520       ELeaks.Done
 0001:000030C0       ELeaks.DoneShareMem
 0002:000000DC       ELeaks.ELeaks
 0001:000031A8       ELeaks.EnableMemoryLeaksCheck
 0001:00002F88       ELeaks.Error
 0001:000017B4       ELeaks.ExtractFileName
 0001:000035A8       ELeaks.Finalization
 0004:0000001C       ELeaks.FinalizationProc
 0001:000022C8       ELeaks.FindLeakAddress
 0001:000024EC       ELeaks.FindLeakClassName
 0001:00002220       ELeaks.FindLeakSons
 0001:0000217C       ELeaks.FindNextValidLeak
 0001:00002828       ELeaks.FreeAllLeaks
 0001:00002058       ELeaks.GetDataCaller
 0001:00001B78       ELeaks.GetFramesCallStackDump
 0001:0000227C       ELeaks.GetLeakCount
 0001:00002068       ELeaks.GetObjectCaller
 0001:00002F38       ELeaks.GetOptionsFromExeFile
 0001:00001BF0       ELeaks.GetRawCallStackDump
 0001:00002E98       ELeaks.GetRawOptions
 0001:0000182C       ELeaks.GetReadableSize
 0001:00002E50       ELeaks.GetResourceData
 0001:00002880       ELeaks.HandleAnyLeak
 0001:00001FE4       ELeaks.HandleError
 0001:00003354       ELeaks.Init
 0001:00002FCC       ELeaks.InitShareMem
 0004:00000050       ELeaks.InstallNewMemoryManager
 0001:000026B4       ELeaks.Internal_AddLeak
 0001:000026A0       ELeaks.Internal_ResetLeaks
 0001:00002764       ELeaks.Internal_ShowLeaks
 0001:0000218C       ELeaks.IsALeakChild
 0001:00002050       ELeaks.IsAntiLeaksEnabled
 0001:00001A34       ELeaks.IsAParentClassStr
 0001:00003190       ELeaks.IsCompiledWithPackages
 0001:00002D74       ELeaks.IsIntoIDE
 0004:00000058       ELeaks.IsMMHost
 0001:000017F8       ELeaks.IsObjectCreation
 0001:000018B4       ELeaks.IsValidBlockAddr
 0001:000019A0       ELeaks.IsValidClass
 0001:00001988       ELeaks.IsValidSymbolName
 0001:00002908       ELeaks.LeaksCheck
 0004:00000052       ELeaks.LeaksOptions
 0001:00001B3C       ELeaks.LockCheck
 0001:00001B48       ELeaks.LockVariable
 0004:00000054       ELeaks.MemoryPages
 0001:00003108       ELeaks.ModuleName
 0004:00000018       ELeaks.MultiFreeProc
 0001:000020E0       ELeaks.NewFreeMem
 0001:00002074       ELeaks.NewGetMem
 0003:00000038       ELeaks.NewMemoryManager
 0001:0000210C       ELeaks.NewReallocMem
 0004:00000030       ELeaks.OldMemoryManager
 0004:0000005C       ELeaks.OriginalMemMgr
 0004:00000014       ELeaks.OverrunProc
 0001:00001C48       ELeaks.PurgeCallStack
 0001:00002778       ELeaks.PurgeCallStacks
 0001:00002578       ELeaks.PurgeInvalidLeaks
 0001:00002678       ELeaks.RemoveExtraLeaks
 0001:00002800       ELeaks.RemoveLeaksSons
 0001:0000240C       ELeaks.RemoveMemBlock
 0004:00000020       ELeaks.ResetLeaks
 0001:00001E48       ELeaks.SetOurPointer
 0004:00000024       ELeaks.ShowLeaks
 0004:00000048       ELeaks.TObjectCreate
 0004:0000004C       ELeaks.TObjectNewInstance
 0001:00001B74       ELeaks.UnlockVariable
 0001:00001774       ELeaks.UpperCase
 0004:00000051       ELeaks.UseNewMemoryManager
 0004:00003630       EListView..2
 0001:0002D19C       EListView..TListViewItems
 0001:0002DAAC       EListView.ClickOnSign
 0001:0002D270       EListView.DrawBmp
 0001:0002DDF8       EListView.DrawBottom
 0001:0002DD84       EListView.DrawFrame
 0001:0002DEA0       EListView.DrawItem
 0001:0002DE4C       EListView.DrawLine
 0002:000001E4       EListView.EListView
 0001:0002E4F4       EListView.Finalization
 0001:0002E374       EListView.GetColumnAlign
 0001:0002E348       EListView.GetColumnCount
 0001:0002D248       EListView.GetItemRect
 0001:0002DD10       EListView.HandleBackgroundState
 0001:0002D500       EListView.ImageList_Add
 0001:0002D4F8       EListView.ImageList_Create
 0001:0002D508       EListView.ImageList_Destroy
 0001:0002D764       EListView.TListViewItems.AddRow
 0001:0002DCA8       EListView.TListViewItems.Clear
 0001:0002DAF4       EListView.TListViewItems.ClickOnItem
 0001:0002D510       EListView.TListViewItems.Create
 0001:0002DC64       EListView.TListViewItems.Delete
 0001:0002DA84       EListView.TListViewItems.DeleteItem
 0001:0002D6CC       EListView.TListViewItems.Destroy
 0001:0002E2E0       EListView.TListViewItems.DrawItem
 0001:0002E2B8       EListView.TListViewItems.DrawList
 0001:0002DCCC       EListView.TListViewItems.GetItem
 0001:0002DCE0       EListView.TListViewItems.GetItemParam
 0001:0002E3D0       EListView.TListViewItems.InitializeData
 0001:0002D954       EListView.TListViewItems.InsertItem
 0001:0002DA98       EListView.TListViewItems.RedrawItems
 0001:0002E4E0       EListView.TListViewItems.SetRedrawState
 0004:0000362C       ELogManager..3
 0001:00028C44       ELogManager..TLogFile
 0001:00028CDC       ELogManager..TLogItem
 0001:0002A4C4       ELogManager.AddValueField
 0003:00003A58       ELogManager.chars
 0001:000296AC       ELogManager.CompleteStr
 0001:00028DBC       ELogManager.ConvertNotDosText
 0001:0002932C       ELogManager.ElaborateString
 0002:000001DC       ELogManager.ELogManager
 0003:00003A54       ELogManager.EOFLine
 0001:0002A9E0       ELogManager.ExtractValue
 0001:0002D138       ELogManager.Finalization
 0001:0002CF0C       ELogManager.Lines
 0001:00028D7C       ELogManager.NeedConvertNotDosText
 0001:0002CF40       ELogManager.NormalizeLines
 0001:0002CD54       ELogManager.NormalizeSpaces
 0001:0002CBF0       ELogManager.RemoveEmptySections
 0001:000294A8       ELogManager.SearchItem
 0001:00028F5C       ELogManager.SearchNextItem
 0001:0002CD20       ELogManager.Spaces
 0001:0002AA18       ELogManager.TestDecrypt
 0001:00029290       ELogManager.TLogFile.Append
 0001:00029320       ELogManager.TLogFile.Clear
 0001:00028E80       ELogManager.TLogFile.Create
 0001:00029310       ELogManager.TLogFile.DeleteItem
 0001:00028F2C       ELogManager.TLogFile.Destroy
 0001:000295B0       ELogManager.TLogFile.FindItem
 0001:0002C718       ELogManager.TLogFile.GetCorruptedLog
 0001:00029D14       ELogManager.TLogFile.GetCount
 0001:00029D34       ELogManager.TLogFile.GetItem
 0001:00029AA0       ELogManager.TLogFile.GetItemValue
 0001:0002A164       ELogManager.TLogFile.GetItem_Assembler
 0001:0002B9E4       ELogManager.TLogFile.GetItem_AssemblerXML
 0001:00029E88       ELogManager.TLogFile.GetItem_CallStack
 0001:0002AA50       ELogManager.TLogFile.GetItem_CallStackXML
 0001:0002A248       ELogManager.TLogFile.GetItem_CPU
 0001:0002BC70       ELogManager.TLogFile.GetItem_CPUXML
 0001:00029DE4       ELogManager.TLogFile.GetItem_Generals
 0001:0002A628       ELogManager.TLogFile.GetItem_GeneralsXML
 0001:00029F20       ELogManager.TLogFile.GetItem_Modules
 0001:0002B358       ELogManager.TLogFile.GetItem_ModulesXML
 0001:0002A028       ELogManager.TLogFile.GetItem_Processes
 0001:0002B69C       ELogManager.TLogFile.GetItem_ProcessesXML
 0001:0002A360       ELogManager.TLogFile.GetItem_Reproduce
 0001:0002C21C       ELogManager.TLogFile.GetItem_ReproduceXML
 0001:0002C320       ELogManager.TLogFile.GetItem_XML
 0001:0002C644       ELogManager.TLogFile.GetLogVersion
 0001:00029D20       ELogManager.TLogFile.GetText
 0001:0002C4E0       ELogManager.TLogFile.GetXML
 0001:000290A8       ELogManager.TLogFile.LoadFromStream
 0001:00028FB0       ELogManager.TLogFile.ParseBuffer
 0001:0002965C       ELogManager.TLogFile.Save
 0001:000291C8       ELogManager.TLogFile.SaveToStream
 0001:0002C800       ELogManager.TLogFile.SaveXMLCopy
 0001:00029D50       ELogManager.TLogFile.SectionIndex
 0001:000296EC       ELogManager.TLogFile.SetItemValue
 0001:0002C8EC       ELogManager.TLogItem.AddHeader
 0001:0002C964       ELogManager.TLogItem.AddItem
 0001:0002C8D4       ELogManager.TLogItem.Clear
 0001:0002C89C       ELogManager.TLogItem.Create
 0001:0002D0C0       ELogManager.TLogItem.GetString
 0004:000045D0       EMain..1
 0001:00082E98       EMain..TStartTimer
 0001:0008308C       EMain.Done
 0002:0000045C       EMain.EMain
 0001:000830AC       EMain.Finalization
 0001:00083024       EMain.Init
 0001:00082F48       EMain.InternalActionNotify
 0001:00082FF0       EMain.Register
 0001:00082F44       EMain.SetDefaultOptions
 0004:000045D4       EMain.StartTimer
 0001:00082FE0       EMain.TStartTimer.EventTimer
 0004:00004514       EMessages..2
 0001:000713C0       EMessages..TMessageForm
 0002:0000036C       EMessages.EMessages
 0001:00071A28       EMessages.Finalization
 0004:00004510       EMessages.MessageForm
 0001:00071738       EMessages.TMessageForm.ExceptionTypeChange
 0001:00071790       EMessages.TMessageForm.FormCreate
 0001:000718E8       EMessages.TMessageForm.FormShow
 0001:00071948       EMessages.TMessageForm.HandlerTypeCmbChange
 0004:0000455C       EOption..7
 0001:00074A9C       EOption..TModule
 0001:00074B74       EOption..TOptionsForm
 0003:000054EC       EOption.ActionValues
 0001:00077BC0       EOption.CheckValidURL
 0001:00077E80       EOption.CheckWebTrakerData
 0003:00005504       EOption.CompilationProjectName
 0003:000054CC       EOption.DialogValues
 0001:0007EA54       EOption.Done
 0002:000003C0       EOption.EOption
 0001:00077AE4       EOption.Error
 0001:0007DB38       EOption.EurekaUnitExists
 0001:0007DA28       EOption.EurekaUnitFullPath
 0001:0007EAF4       EOption.Finalization
 0001:00076BEC       EOption.FindModuleInterface
 0001:00076A80       EOption.FullEnaled
 0001:0007E178       EOption.GetActiveProjectFileName
 0001:0007E1D0       EOption.GetCurrentModuleName
 0001:00076CB8       EOption.GetCurrentProject
 0001:00076DB0       EOption.GetCurrentProjectName
 0003:000054E0       EOption.HandleValues
 0001:0007EA30       EOption.Init
 0001:0007E944       EOption.InternalGetCurrentPersonality
 0001:0007E744       EOption.InternalIsAcceptableProject
 0001:00077AA0       EOption.IsValidEmail
 0003:0000550C       EOption.LastActiveOption
 0003:00005510       EOption.LastActiveProject
 0004:00004560       EOption.LastItem
 0004:00004564       EOption.LastOption
 0001:00076AD0       EOption.ListAllCollections
 0001:00076FF4       EOption.LoadTextsFromFile
 0003:00005508       EOption.OldActiveOption
 0001:0007DC50       EOption.RemoveEurekaUnit
 0001:0007A52C       EOption.SaveTextsToFile
 0001:0007CAD8       EOption.SetDefine
 0001:0007A8B4       EOption.SetEnum
 0001:0007DDB0       EOption.ShowCompilerProgress
 0001:0007DE9C       EOption.TModule.BuildMapFile
 0001:0007D4C0       EOption.TModule.DeleteText
 0001:0007D9FC       EOption.TModule.ErrorMessage
 0001:0007D4E8       EOption.TModule.GetModuleInfo
 0001:0007DF54       EOption.TModule.GetOutputDir
 0001:0007C88C       EOption.TModule.GetRealFileName
 0001:0007D480       EOption.TModule.GetText
 0001:0007E0C8       EOption.TModule.GetUnitDirs
 0001:0007D498       EOption.TModule.InsertText
 0001:0007DCD0       EOption.TModule.MakeLine
 0001:0007CCC8       EOption.TModule.SetDebugOptions
 0001:0007E480       EOption.TOptionsForm.ActivateAutoTerminationClick
 0001:0007E234       EOption.TOptionsForm.ActivateClick
 0001:0007E408       EOption.TOptionsForm.Activate_HandleClick
 0001:00076E1C       EOption.TOptionsForm.AddBtnClick
 0001:00076F68       EOption.TOptionsForm.AutoTerminationOperationChange
 0001:0007C5A8       EOption.TOptionsForm.CatchLeaksClick
 0001:0007C628       EOption.TOptionsForm.ChangeMessageText
 0001:0007EA5C       EOption.TOptionsForm.CheckFileCorruptionClick
 0001:00077160       EOption.TOptionsForm.CollectionsListClick
 0001:0007731C       EOption.TOptionsForm.DeleteCollectionBtnClick
 0001:00077500       EOption.TOptionsForm.DialogTypeCmbChange
 0001:000798B8       EOption.TOptionsForm.ErrorsNumberKeyPress
 0001:000798CC       EOption.TOptionsForm.ExceptionsFiltersListDblClick
 0001:00079B90       EOption.TOptionsForm.ExceptionsFiltersListDeletion
 0001:00079BB8       EOption.TOptionsForm.ExceptionsFiltersListInsert
 0001:00078638       EOption.TOptionsForm.FlatTimerTimer
 0001:0007881C       EOption.TOptionsForm.FormCreate
 0001:0007A370       EOption.TOptionsForm.FormDestroy
 0001:00077934       EOption.TOptionsForm.FormShow
 0001:0007E1DC       EOption.TOptionsForm.FreezeActivateChkBoxClick
 0001:0007A864       EOption.TOptionsForm.GetEmailSendType
 0001:0007A88C       EOption.TOptionsForm.GetWebSendType
 0001:0007A1B8       EOption.TOptionsForm.HelpBtnClick
 0001:0007C478       EOption.TOptionsForm.HelpBtnKeyDown
 0001:0007A384       EOption.TOptionsForm.LeaksLimitsClick
 0001:0007A3AC       EOption.TOptionsForm.LoadBtnClick
 0001:0007A8F4       EOption.TOptionsForm.LoadModuleFromForm
 0001:0007C48C       EOption.TOptionsForm.LogSaveLogFileClick
 0001:0007C714       EOption.TOptionsForm.MessagesListClick
 0001:0007C730       EOption.TOptionsForm.MessagesListKeyUp
 0001:0007C748       EOption.TOptionsForm.MessagesTextCustomDraw
 0001:000780F8       EOption.TOptionsForm.OKBtnClick
 0001:000783E0       EOption.TOptionsForm.Option1Click
 0001:00078610       EOption.TOptionsForm.Option1MouseMove
 0001:0007E740       EOption.TOptionsForm.OrderBtnClick
 0001:0007A118       EOption.TOptionsForm.OutputBtnClick
 0001:0007EA58       EOption.TOptionsForm.Panel49Resize
 0001:0007E500       EOption.TOptionsForm.PauseBorlandThreadsClick
 0001:0007E53C       EOption.TOptionsForm.PostFailBtnClick
 0001:0007E5A0       EOption.TOptionsForm.PostSuccBtnClick
 0001:0007E604       EOption.TOptionsForm.PreBuildBtnClick
 0001:00079810       EOption.TOptionsForm.RewriteLogClick
 0001:0007A46C       EOption.TOptionsForm.SaveBtnClick
 0001:0007A68C       EOption.TOptionsForm.SaveCollectionBtnClick
 0001:0007B9B8       EOption.TOptionsForm.SaveModuleToForm
 0001:00079BE0       EOption.TOptionsForm.SendOptionsClick
 0001:0007E738       EOption.TOptionsForm.SendScreenClick
 0001:0007C79C       EOption.TOptionsForm.SetDefaultMessagesList
 0001:0007A878       EOption.TOptionsForm.SetEmailSendType
 0001:0007A8A0       EOption.TOptionsForm.SetWebSendType
 0001:0007773C       EOption.TOptionsForm.SubBtnClick
 0001:000777A8       EOption.TOptionsForm.TerminateOperationEdtChange
 0001:00077810       EOption.TOptionsForm.TextMemoChange
 0001:00077904       EOption.TOptionsForm.TextMemoExit
 0001:0007790C       EOption.TOptionsForm.VariableBtnClick
 0001:0007E668       EOption.TOptionsForm.WebOptClick
 0003:000054F8       EOption.TypeValues
 0004:00004570       EParser..1
 0004:000045B8       EParser.BeginWord
 0004:000045C0       EParser.CaseSensitive
 0001:0007F4B4       EParser.CharPosToLineNo
 0004:00004574       EParser.CommentsNumber
 0001:0007F3DC       EParser.CompareWord
 0004:00004588       EParser.EndComments
 0003:00005514       EParser.EndProcWord
 0004:000045BC       EParser.EndWord
 0001:0007F2D8       EParser.EnumerateWord
 0002:000003FC       EParser.EParser
 0003:00005528       EParser.ExternalWord
 0001:0007FDE8       EParser.Finalization
 0003:00005520       EParser.FinalizationWord
 0001:0007F6E8       EParser.FindProcStartIdx
 0001:0007FCE0       EParser.FindProcStartLineCppBuilder
 0001:0007FB98       EParser.FindProcStartLineDelphi
 0001:0007F594       EParser.FindWord
 0003:00005524       EParser.ForwardWord
 0003:00005518       EParser.ImplementationWord
 0003:0000551C       EParser.InitializationWord
 0001:0007F7D8       EParser.InternalFindProcStartLineDelphi
 0001:0007F1A0       EParser.KillInutilChars
 0004:00004598       EParser.NameSet
 0003:0000552C       EParser.ProcArray
 0001:0007FBB8       EParser.SetGlobalVariables
 0001:0007FA48       EParser.SetGlobalVariables
 0001:0007F648       EParser.SkipProcedure
 0004:00004578       EParser.StartComments
 0004:000044F4       EResource..8
 0001:00062DE4       EResource..EPEException
 0001:00062B4C       EResource..TImageSectionRead
 0001:00062BDC       EResource..TImageSectionWrite
 0001:00062C6C       EResource..TPEModule
 0001:00062D20       EResource..TPEResourceModule
 0001:00062A94       EResource..TResourceDetails
 0001:000629E0       EResource..TResourceModule
 0001:00062ED8       EResource..TResourceNode
 0001:00063354       EResource.CompareDetails
 0002:000002A4       EResource.EResource
 0001:00064E48       EResource.Finalization
 0001:00062FD4       EResource.GetAlign
 0001:00062F44       EResource.GetImageNtHeaders
 0001:0006407C       EResource.GetNameTableSize
 0001:00063E28       EResource.GetResource
 0001:00062F94       EResource.GetResourceSecNo
 0001:00063DE8       EResource.GetResourceStr
 0001:00062F48       EResource.ModuleHnd
 0001:00062F58       EResource.MoveResourceData
 0001:00063308       EResource.ResourceNameToInt
 0001:000632B0       EResource.ResourceWideCharToStr
 0001:0006413C       EResource.SaveNode
 0001:000643D8       EResource.SaveToSection
 0001:00063BD0       EResource.TImageSectionRead.Create
 0001:00063C24       EResource.TImageSectionWrite.Create
 0001:00063CB4       EResource.TImageSectionWrite.Destroy
 0001:000636DC       EResource.TPEModule.Create
 0001:00063740       EResource.TPEModule.Decode
 0001:00063948       EResource.TPEModule.Destroy
 0001:000639C8       EResource.TPEModule.Encode
 0001:000639CC       EResource.TPEModule.FindDictionaryEntrySection
 0001:00063A18       EResource.TPEModule.GetCOFFHeader
 0001:00063A28       EResource.TPEModule.GetDataDictionary
 0001:00063AA8       EResource.TPEModule.GetDataDictionaryCount
 0001:00063AB0       EResource.TPEModule.GetDOSHeader
 0001:00063AC4       EResource.TPEModule.GetImageSection
 0001:00063AD8       EResource.TPEModule.GetImageSectionCount
 0001:00063AE0       EResource.TPEModule.LoadFromFile
 0001:00063B34       EResource.TPEModule.LoadFromStream
 0001:00063B58       EResource.TPEModule.SaveToFile
 0001:00063BB0       EResource.TPEModule.SaveToStream
 0001:00064E2C       EResource.TPEResourceModule.AddResource
 0001:00063D50       EResource.TPEResourceModule.Create
 0001:00063FDC       EResource.TPEResourceModule.Decode
 0001:00063D08       EResource.TPEResourceModule.DeleteResource
 0001:00063D94       EResource.TPEResourceModule.Destroy
 0001:00064540       EResource.TPEResourceModule.Encode
 0001:00064048       EResource.TPEResourceModule.GetResourceCount
 0001:00064050       EResource.TPEResourceModule.GetResourceDetails
 0001:00063CE4       EResource.TPEResourceModule.GetResourceSection
 0001:00064064       EResource.TPEResourceModule.IndexOfResource
 0001:00064070       EResource.TPEResourceModule.InsertResource
 0001:00064E38       EResource.TPEResourceModule.SortResources
 0001:000633E4       EResource.TResourceDetails.ChangeData
 0001:00063404       EResource.TResourceDetails.Create
 0001:00063490       EResource.TResourceDetails.Destroy
 0001:000634C0       EResource.TResourceDetails.GetBaseType
 0001:000634E0       EResource.TResourceDetails.InitNew
 0001:000634E4       EResource.TResourceDetails.SetResourceName
 0001:000634FC       EResource.TResourceModule.AddResource
 0001:00063500       EResource.TResourceModule.ClearDirty
 0001:00063530       EResource.TResourceModule.DeleteResource
 0001:00063538       EResource.TResourceModule.GetDirty
 0001:00063578       EResource.TResourceModule.InsertResource
 0001:0006357C       EResource.TResourceModule.LoadFromFile
 0001:000635D0       EResource.TResourceModule.LoadFromStream
 0001:00063624       EResource.TResourceModule.SaveToFile
 0001:00063684       EResource.TResourceModule.SaveToStream
 0001:000636D8       EResource.TResourceModule.SortResources
 0001:00064804       EResource.TResourceNode.Add
 0001:000648FC       EResource.TResourceNode.AddLang
 0001:00064A28       EResource.TResourceNode.AddName
 0001:000647E0       EResource.TResourceNode.ChangeSize
 0001:00064B18       EResource.TResourceNode.Create
 0001:00064BB0       EResource.TResourceNode.CreateLangNode
 0001:00064C68       EResource.TResourceNode.CreateNameNode
 0001:00064CFC       EResource.TResourceNode.Destroy
 0001:00064D54       EResource.TResourceNode.IsID
 0001:000647D4       EResource.TResourceNode.SetInitialSize
 0001:000647B0       EResource.TResourceNode.SetSize
 0001:000631D4       EResource.WriteResourceInStream
 0001:00062FE8       EResource.WriteResourceSection
 0004:00000094       ESockets..4
 0001:000136D8       ESockets..EEurekaSocketError
 0001:00013644       ESockets..TEurekaClientSMTP
 0001:00013588       ESockets..TEurekaClientSocket
 0001:000143AC       ESockets.AddDNS
 0001:000147CC       ESockets.CreateMXQuery
 0001:00014C30       ESockets.Done
 0002:00000170       ESockets.ESockets
 0001:00014C38       ESockets.Finalization
 0001:000143D0       ESockets.GetDNSList
 0001:00014588       ESockets.GetDomain
 0001:000146F4       ESockets.GetDomainName
 0001:0001491C       ESockets.GetMXBestRecord
 0001:00014854       ESockets.GetMXRecord
 0001:00014A14       ESockets.GetMXServerFromEmail
 0001:00014C28       ESockets.Init
 0003:00000B7C       ESockets.Initialized
 0001:00013798       ESockets.InternalCleanup
 0001:00013768       ESockets.InternalStartup
 0001:00014344       ESockets.IsValidDNS
 0001:00014570       ESockets.StrToWord
 0001:00014144       ESockets.TEurekaClientSMTP.GetText
 0001:00014100       ESockets.TEurekaClientSMTP.Open
 0001:00014228       ESockets.TEurekaClientSMTP.SendCommand
 0001:00013A68       ESockets.TEurekaClientSocket.Close
 0001:0001399C       ESockets.TEurekaClientSocket.Create
 0001:00013A34       ESockets.TEurekaClientSocket.Destroy
 0001:0001380C       ESockets.TEurekaClientSocket.Error
 0001:00014074       ESockets.TEurekaClientSocket.GetFullText
 0001:000137AC       ESockets.TEurekaClientSocket.LookupName
 0001:00013B30       ESockets.TEurekaClientSocket.Open
 0001:00013EA8       ESockets.TEurekaClientSocket.ReceiveBuf
 0001:000140AC       ESockets.TEurekaClientSocket.ReceiveFullText
 0001:00013F90       ESockets.TEurekaClientSocket.ReceiveText
 0001:00013D20       ESockets.TEurekaClientSocket.SendBuf
 0001:00013DF0       ESockets.TEurekaClientSocket.SendText
 0004:000045C4       EToolsAPI..1
 0001:00080224       EToolsAPI..TDesignNotifier
 0001:0007FEAC       EToolsAPI..TIDENewManager
 0001:0008000C       EToolsAPI..TIDENotifier
 0001:00080118       EToolsAPI..TModuleNotifier
 0001:00081258       EToolsAPI.AddMenuItem
 0001:00081EC4       EToolsAPI.ApplicationRestore
 0001:0008035C       EToolsAPI.CanIncludeInPackage
 0001:00082144       EToolsAPI.CheckName
 0004:000045C8       EToolsAPI.DesignNotifier
 0001:00082E10       EToolsAPI.Done
 0001:00081758       EToolsAPI.DoneMenu
 0001:00081874       EToolsAPI.DoneNotifier
 0001:00082D38       EToolsAPI.EndKeyHook
 0002:00000404       EToolsAPI.EToolsAPI
 0003:0000554C       EToolsAPI.EurekaLogItem
 0001:00080298       EToolsAPI.EurekaLogRequiredFileName
 0001:00082E2C       EToolsAPI.Finalization
 0001:00081FC0       EToolsAPI.FindControlByClass
 0001:000821DC       EToolsAPI.FindFullPath
 0001:0008232C       EToolsAPI.FindSimilarUnit
 0001:00081720       EToolsAPI.FreeItem
 0001:00081208       EToolsAPI.GetCustomMenu
 0001:000811B8       EToolsAPI.GetCustomMenuIndex
 0001:00081144       EToolsAPI.GetMainMenu
 0001:00081238       EToolsAPI.GetProjectMenu
 0003:00005558       EToolsAPI.HelpTime
 0004:000045CC       EToolsAPI.HookKey
 0003:00005550       EToolsAPI.IDE_Idx
 0001:00082D44       EToolsAPI.Init
 0001:0008171C       EToolsAPI.InitDelayedMenu
 0001:00081358       EToolsAPI.InitMenu
 0001:000817C8       EToolsAPI.InitNotifier
 0001:00080738       EToolsAPI.IsOptionFileWritable
 0001:00080888       EToolsAPI.MakeOldOptionsCompatibles
[...]
  2269 0001:0007D0AF  2270 0001:0007D0C2  2271 0001:0007D0C6  2272 0001:0007D0D9
  2273 0001:0007D0DD  2274 0001:0007D0F0  2277 0001:0007D101  2280 0001:0007D107
  2282 0001:0007D125  2283 0001:0007D131  2288 0001:0007D17B  2291 0001:0007D480
  2292 0001:0007D486  2293 0001:0007D494  2296 0001:0007D498  2297 0001:0007D49E
  2298 0001:0007D4AE  2299 0001:0007D4BA  2302 0001:0007D4C0  2303 0001:0007D4C6
  2304 0001:0007D4D6  2305 0001:0007D4E2  2311 0001:0007D4E8  2312 0001:0007D513
  2314 0001:0007D528  2315 0001:0007D530  2316 0001:0007D533  2318 0001:0007D53A
  2320 0001:0007D544  2324 0001:0007D584  2326 0001:0007D5C3  2328 0001:0007D602
  2332 0001:0007D641  2333 0001:0007D6C1  2335 0001:0007D6C9  2336 0001:0007D755
  2338 0001:0007D75D  2339 0001:0007D7E9  2340 0001:0007D7EE  2344 0001:0007D7F1
  2355 0001:0007D804  2360 0001:0007D810  2363 0001:0007D9FC  2364 0001:0007D9FF
  2365 0001:0007DA18  2366 0001:0007DA1D  2377 0001:0007DA28  2378 0001:0007DA56
  2386 0001:0007DA6D  2389 0001:0007DAA6  2390 0001:0007DACB  2397 0001:0007DB38
  2398 0001:0007DB59  2399 0001:0007DB5D  2400 0001:0007DB65  2402 0001:0007DB6F
  2404 0001:0007DB85  2407 0001:0007DBFA  2408 0001:0007DBFE  2410 0001:0007DC00
  2402 0001:0007DC01  2411 0001:0007DC04  2417 0001:0007DC50  2418 0001:0007DC67
  2419 0001:0007DC6F  2426 0001:0007DC75  2428 0001:0007DC88  2430 0001:0007DCA0
  2432 0001:0007DCD0  2433 0001:0007DCEE  2436 0001:0007DCFF  2438 0001:0007DD08
  2440 0001:0007DD17  2442 0001:0007DD24  2443 0001:0007DD2C  2445 0001:0007DD32
  2447 0001:0007DD47  2452 0001:0007DD61  2454 0001:0007DD75  2459 0001:0007DD7E
  2475 0001:0007DDB0  2476 0001:0007DDC8  2477 0001:0007DDFE  2478 0001:0007DE22
  2480 0001:0007DE9C  2481 0001:0007DEA5  2483 0001:0007DEB2  2484 0001:0007DEBA
  2485 0001:0007DEC6  2486 0001:0007DED7  2487 0001:0007DEDF  2488 0001:0007DEEB
  2489 0001:0007DEF9  2491 0001:0007DF10  2492 0001:0007DF18  2493 0001:0007DF20
  2495 0001:0007DF34  2497 0001:0007DF3F  2498 0001:0007DF49  2508 0001:0007DF54
  2510 0001:0007DF79  2511 0001:0007DF81  2514 0001:0007DF8B  2515 0001:0007DFC3
  2518 0001:0007DFC8  2520 0001:0007DFD9  2521 0001:0007DFF1  2523 0001:0007E000
  2525 0001:0007E00D  2544 0001:0007E048  2554 0001:0007E0C8  2556 0001:0007E0E6
  2557 0001:0007E0EE  2559 0001:0007E0F4  2565 0001:0007E11A  2566 0001:0007E12B
  2574 0001:0007E178  2575 0001:0007E18E  2576 0001:0007E195  2577 0001:0007E19D
  2578 0001:0007E1AD  2589 0001:0007E1D0  2590 0001:0007E1D3  2591 0001:0007E1DA
  2598 0001:0007E1DC  2599 0001:0007E1E0  2600 0001:0007E20A  2601 0001:0007E217
  2602 0001:0007E224  2603 0001:0007E231  2606 0001:0007E234  2607 0001:0007E24B
  2608 0001:0007E269  2609 0001:0007E284  2610 0001:0007E29F  2611 0001:0007E2A8
  2612 0001:0007E2B1  2613 0001:0007E2BA  2614 0001:0007E2C3  2615 0001:0007E2CC
  2616 0001:0007E2D5  2617 0001:0007E2DE  2618 0001:0007E2E7  2619 0001:0007E302
  2620 0001:0007E31D  2621 0001:0007E338  2622 0001:0007E361  2623 0001:0007E37E
  2624 0001:0007E398  2625 0001:0007E3B5  2626 0001:0007E3C6  2627 0001:0007E3D6
  2632 0001:0007E408  2633 0001:0007E40C  2634 0001:0007E436  2635 0001:0007E443
  2636 0001:0007E450  2637 0001:0007E47A  2642 0001:0007E480  2643 0001:0007E484
  2644 0001:0007E494  2645 0001:0007E4A1  2646 0001:0007E4AE  2647 0001:0007E4BB
  2648 0001:0007E4C8  2649 0001:0007E4D5  2650 0001:0007E4E2  2651 0001:0007E4EF
  2652 0001:0007E4FC  2657 0001:0007E500  2658 0001:0007E503  2659 0001:0007E52D
  2660 0001:0007E53A  2663 0001:0007E53C  2664 0001:0007E552  2665 0001:0007E561
  2666 0001:0007E57D  2669 0001:0007E5A0  2670 0001:0007E5B6  2671 0001:0007E5C5
  2672 0001:0007E5E1  2675 0001:0007E604  2676 0001:0007E61A  2677 0001:0007E629
  2678 0001:0007E645  2681 0001:0007E668  2682 0001:0007E66B  2684 0001:0007E68C
  2686 0001:0007E6AF  2688 0001:0007E6D4  2689 0001:0007E6F9  2690 0001:0007E709
  2691 0001:0007E712  2695 0001:0007E738  2696 0001:0007E73F  2704 0001:0007E740
  2718 0001:0007E744  2719 0001:0007E766  2720 0001:0007E773  2723 0001:0007E77D
  2724 0001:0007E78C  2725 0001:0007E79A  2726 0001:0007E7B5  2728 0001:0007E7F3
  2734 0001:0007E803  2736 0001:0007E809  2737 0001:0007E80D  2738 0001:0007E815
  2739 0001:0007E81B  2743 0001:0007E876  2752 0001:0007E944  2754 0001:0007E95C
  2757 0001:0007E962  2758 0001:0007E96A  2760 0001:0007E970  2762 0001:0007E995
  2772 0001:0007E9B8  2779 0001:0007EA30  2781 0001:0007EA3B  2782 0001:0007EA46
  2783 0001:0007EA51  2787 0001:0007EA54  2796 0001:0007EA58  2799 0001:0007EA5C
  2800 0001:0007EA5F  2801 0001:0007EA71  2804 0001:0007EA87  2810 0001:0007EAF4
  2812 0001:0007EB20

Line numbers for EOption(EOption.pas) segment .itext

  2806 0002:000003C0  2807 0002:000003C9  2809 0002:000003D8

Line numbers for EIDEOptions(EIDEOptions.pas) segment .text

    55 0001:0007EE98    56 0001:0007EE9C    57 0001:0007EEAC    58 0001:0007EEB9
    59 0001:0007EEC6    60 0001:0007EED3    61 0001:0007EEE0    64 0001:0007EEE4
    65 0001:0007EEE7    66 0001:0007EF0D    67 0001:0007EF33    68 0001:0007EF56
    69 0001:0007EF5F    70 0001:0007EF66    73 0001:0007EFD0    74 0001:0007EFD3
    75 0001:0007EFF6    76 0001:0007F019    77 0001:0007F03C

Line numbers for EIDEOptions(EIDEOptions.pas) segment .itext

    79 0002:000003F4

Line numbers for EParser(EParser.pas) segment .text

    59 0001:0007F1A0    60 0001:0007F1C3    62 0001:0007F1C7    64 0001:0007F1CE
    67 0001:0007F1E4    69 0001:0007F1E8    68 0001:0007F1E9    72 0001:0007F21D
    74 0001:0007F225    76 0001:0007F235    75 0001:0007F237    77 0001:0007F26E
    79 0001:0007F287    80 0001:0007F29D    81 0001:0007F2A8    86 0001:0007F2D8
    87 0001:0007F2F9    88 0001:0007F302    91 0001:0007F320    92 0001:0007F329
    93 0001:0007F33E    95 0001:0007F35C    96 0001:0007F360    97 0001:0007F380
    98 0001:0007F3A7    99 0001:0007F3B0   104 0001:0007F3DC   105 0001:0007F41D
   106 0001:0007F41F   108 0001:0007F428   109 0001:0007F433   110 0001:0007F44D
   108 0001:0007F450   113 0001:0007F455   114 0001:0007F460   113 0001:0007F47B
   116 0001:0007F47E   122 0001:0007F4B4   123 0001:0007F4D5   124 0001:0007F4DA
   125 0001:0007F4E9   126 0001:0007F4F7   127 0001:0007F501   128 0001:0007F503
   130 0001:0007F51A   131 0001:0007F53A   133 0001:0007F53F   134 0001:0007F546
   136 0001:0007F548   128 0001:0007F54B   138 0001:0007F55B   140 0001:0007F56B
   145 0001:0007F594   147 0001:0007F5DC   148 0001:0007F5E8   149 0001:0007F5F8
   150 0001:0007F607   156 0001:0007F648   157 0001:0007F668   160 0001:0007F66F
   162 0001:0007F68B   158 0001:0007F6A5   164 0001:0007F6C4   169 0001:0007F6E8
   170 0001:0007F708   173 0001:0007F70F   175 0001:0007F72C   177 0001:0007F745
   178 0001:0007F747   181 0001:0007F749   183 0001:0007F75F   184 0001:0007F76A
   187 0001:0007F775   189 0001:0007F78E   190 0001:0007F790   171 0001:0007F792
   193 0001:0007F7B1   201 0001:0007F7D8   202 0001:0007F801   203 0001:0007F806
   204 0001:0007F80C   205 0001:0007F82B   207 0001:0007F830   209 0001:0007F84A
   210 0001:0007F862   211 0001:0007F86E   214 0001:0007F873   216 0001:0007F88D
   217 0001:0007F8A1   220 0001:0007F8B2   221 0001:0007F8B7   223 0001:0007F8C8
   226 0001:0007F8CD   228 0001:0007F8D5   229 0001:0007F8EE   232 0001:0007F8FF
   235 0001:0007F909   237 0001:0007F91F   239 0001:0007F92C   240 0001:0007F92E
   241 0001:0007F93A   242 0001:0007F946   243 0001:0007F963   247 0001:0007F96E
   249 0001:0007F987   250 0001:0007F993   233 0001:0007F995   254 0001:0007F9B4
   259 0001:0007F9B6   260 0001:0007F9C2   262 0001:0007F9D8   263 0001:0007F9E5
   257 0001:0007F9F1   266 0001:0007FA12   269 0001:0007FA48   270 0001:0007FA4A
   272 0001:0007FA54   273 0001:0007FA63   274 0001:0007FA72   275 0001:0007FA81
   277 0001:0007FA90   278 0001:0007FA9F   279 0001:0007FAAE   280 0001:0007FABD
   282 0001:0007FACC   284 0001:0007FADD   285 0001:0007FAEC   287 0001:0007FAFB
   288 0001:0007FB02   290 0001:0007FB98   291 0001:0007FBA1   292 0001:0007FBA6
   293 0001:0007FBB1   301 0001:0007FBB8   302 0001:0007FBBA   304 0001:0007FBC4
   305 0001:0007FBD3   306 0001:0007FBE2   307 0001:0007FBF1   309 0001:0007FBFB
   310 0001:0007FC0A   311 0001:0007FC19   312 0001:0007FC28   314 0001:0007FC32
   316 0001:0007FC43   317 0001:0007FC52   319 0001:0007FC61   320 0001:0007FC68
   322 0001:0007FCE0   323 0001:0007FD07   325 0001:0007FD0C   326 0001:0007FD0E
   328 0001:0007FD14   332 0001:0007FD2B   333 0001:0007FD37   335 0001:0007FD6C
   336 0001:0007FD77   339 0001:0007FD79   341 0001:0007FD92   342 0001:0007FD9D
   330 0001:0007FD9F   346 0001:0007FDAA   347 0001:0007FDB9

Line numbers for EParser(EParser.pas) segment .itext

   349 0002:000003FC

Line numbers for EToolsAPI(EToolsAPI.pas) segment .text

   125 0001:00080280   130 0001:00080284   135 0001:00080288   140 0001:0008028C
   145 0001:00080290   150 0001:00080294   163 0001:00080298   164 0001:000802C4
   165 0001:000802DB   166 0001:000802EE   168 0001:00080329   171 0001:0008035C
   172 0001:0008035D   173 0001:00080375   174 0001:0008038A   176 0001:000803D0
   177 0001:000803F6   179 0001:000803FE   180 0001:00080415   182 0001:0008041D
   184 0001:00080437   185 0001:00080444   189 0001:00080491   190 0001:000804B2
   196 0001:000804DB   197 0001:0008053C   200 0001:00080542   182 0001:00080545
   202 0001:0008054C   203 0001:00080563   204 0001:0008057E   205 0001:00080596
   210 0001:00080664   211 0001:00080681   213 0001:00080693   214 0001:000806A9
   216 0001:000806D0   218 0001:000806F4   221 0001:00080707   222 0001:00080711
   237 0001:00080738   238 0001:00080755   239 0001:00080762   244 0001:00080766
   245 0001:000807AB   247 0001:000807B4   249 0001:00080888   250 0001:000808AE
   251 0001:000808BD   252 0001:000808CB   253 0001:000808CE   254 0001:000808D5
   255 0001:000808DC   256 0001:000808E7   259 0001:000808EE   260 0001:00080906
   262 0001:0008090B   264 0001:0008092C   266 0001:0008093D   267 0001:00080955
   268 0001:0008096D   257 0001:0008096E   271 0001:0008097F   274 0001:0008098E
   275 0001:0008099A   278 0001:000809C0   280 0001:000809C9   282 0001:000809D8
   283 0001:000809E3   284 0001:000809EE   285 0001:000809FD   286 0001:00080A0D
   288 0001:00080A3C   289 0001:00080A57   291 0001:00080A70   296 0001:00080A7D
   298 0001:00080AA9   301 0001:00080AB4   302 0001:00080ACF   303 0001:00080AE8
   308 0001:00080B00   310 0001:00080B10   313 0001:00080BB8   314 0001:00080BDD
   316 0001:00080BE2   319 0001:00080BF8   321 0001:00080C1A   322 0001:00080C26
   327 0001:00080C2F   329 0001:00080C33   330 0001:00080C43   331 0001:00080C53
   333 0001:00080C71   335 0001:00080C98   339 0001:00080CA5   342 0001:00080CDD
   345 0001:00080CF1   346 0001:00080CF6   349 0001:00080D0F   354 0001:00080D90
   355 0001:00080DB8   356 0001:00080DC1   357 0001:00080DCB   358 0001:00080DE0
   359 0001:00080DE7   362 0001:00080E24   363 0001:00080E2F   364 0001:00080E36
   365 0001:00080E42   370 0001:00080E50   372 0001:00080E68   374 0001:00080E6E
   375 0001:00080E88   377 0001:00080E8D   378 0001:00080E9B   382 0001:00080EA7
   384 0001:00080EAF   385 0001:00080EB9   386 0001:00080ED1   388 0001:00080ED8
   389 0001:00080EE0   394 0001:00080F08   395 0001:00080F1E   397 0001:00080F24
   398 0001:00080F40   399 0001:00080F58   404 0001:00080F7C   405 0001:00080F83
   407 0001:00080F89   408 0001:00080F9A   409 0001:00080FB9   410 0001:00080FC3
   413 0001:00080FC8   414 0001:00080FE0   416 0001:00080FE6   417 0001:00081013
   421 0001:0008103C   422 0001:0008103E   427 0001:00081040   436 0001:00081044
   441 0001:00081048   446 0001:0008104C   451 0001:00081050   456 0001:00081054
   460 0001:00081058   461 0001:00081081   463 0001:0008109F   464 0001:000810AD
   465 0001:000810C0   467 0001:0008110B   469 0001:0008111A   479 0001:00081144
   480 0001:00081158   481 0001:0008115A   483 0001:00081179   484 0001:00081183
   490 0001:000811B8   491 0001:000811BE   493 0001:000811C1   494 0001:000811C8
   495 0001:000811CC   496 0001:000811F0   497 0001:000811FF   503 0001:00081208
   504 0001:0008120D   505 0001:0008120F   506 0001:00081216   508 0001:0008121A
   509 0001:00081221   511 0001:00081232   515 0001:00081238   516 0001:00081242
   530 0001:00081258   531 0001:00081272   532 0001:00081282   533 0001:0008128B
   535 0001:0008129D   537 0001:000812A9   538 0001:000812BE   540 0001:000812C2
   541 0001:000812D0   543 0001:000812D9   544 0001:000812F8   546 0001:00081317
   547 0001:00081321   549 0001:00081358   550 0001:0008136D   551 0001:00081374
   553 0001:0008137C   554 0001:0008138F   556 0001:0008139E   557 0001:000813B1
   558 0001:000813C0   560 0001:000813DB   561 0001:000813EC   563 0001:00081408
   564 0001:00081427   566 0001:0008144D   568 0001:0008145A   569 0001:00081467
   572 0001:00081474   573 0001:0008147B   575 0001:00081483   576 0001:0008148F
   578 0001:00081498   579 0001:000814AB   580 0001:000814BA   582 0001:000814CD
   583 0001:000814EC   584 0001:00081506   585 0001:00081516   586 0001:00081530
   587 0001:0008154A   591 0001:0008155A   593 0001:00081574   596 0001:00081585
   600 0001:0008171C   607 0001:00081720   608 0001:00081726   610 0001:0008172B
   611 0001:00081748   612 0001:0008174F   614 0001:00081753   616 0001:00081758
   617 0001:0008175C   619 0001:0008176C   620 0001:00081774   622 0001:0008177A
   623 0001:00081789   625 0001:00081792   626 0001:0008179C   628 0001:000817A3
   631 0001:000817B2   632 0001:000817BC   633 0001:000817C3   639 0001:000817C8
   640 0001:000817DD   642 0001:000817FC   643 0001:00081819   644 0001:00081829
   645 0001:0008183A   650 0001:00081874   651 0001:00081887   653 0001:000818A6
   654 0001:000818BD   666 0001:000818F0   667 0001:00081911   668 0001:00081919
   670 0001:00081938   671 0001:00081945   673 0001:0008194B   675 0001:0008195D
   676 0001:0008196A   677 0001:00081985   673 0001:00081986   678 0001:00081989
   687 0001:000819E0   688 0001:000819FE   689 0001:00081A02   690 0001:00081A0C
   693 0001:00081A3E   695 0001:00081A5D   696 0001:00081A6A   698 0001:00081A70
   699 0001:00081A81   700 0001:00081A92   702 0001:00081A96   703 0001:00081A99
   704 0001:00081AA4   706 0001:00081AAA   709 0001:00081AB1   715 0001:00081AFC
   716 0001:00081B1C   717 0001:00081B20   718 0001:00081B2B   720 0001:00081B2F
   721 0001:00081B3A   723 0001:00081B40   724 0001:00081B4B   725 0001:00081B54
   728 0001:00081B58   734 0001:00081B80   735 0001:00081B9A   737 0001:00081BB9
   738 0001:00081BC6   739 0001:00081BD8   740 0001:00081BED   748 0001:00081C30
   749 0001:00081C52   750 0001:00081C59   751 0001:00081C65   753 0001:00081C6F
   754 0001:00081C7A   755 0001:00081C84   756 0001:00081C92   758 0001:00081C9A
   759 0001:00081CA7   760 0001:00081CCA   761 0001:00081CD4   762 0001:00081CDF
   763 0001:00081CE3   765 0001:00081CFA   767 0001:00081D0A   773 0001:00081D44
   774 0001:00081D62   775 0001:00081D6E   777 0001:00081D74   778 0001:00081D7F
   779 0001:00081D85   780 0001:00081D93   781 0001:00081D9D   783 0001:00081DB5
   785 0001:00081DC5   791 0001:00081DF4   792 0001:00081E12   793 0001:00081E1E
   795 0001:00081E24   796 0001:00081E2F   797 0001:00081E35   798 0001:00081E43
   799 0001:00081E4D   801 0001:00081E65   803 0001:00081E75   806 0001:00081EA4
   807 0001:00081EA7   808 0001:00081EB3   809 0001:00081EBF   815 0001:00081EC4
   816 0001:00081ECD   817 0001:00081EDC   819 0001:00081EE4   820 0001:00081EF8
   822 0001:00081F14   824 0001:00081F29   826 0001:00081F38   827 0001:00081F50
   829 0001:00081F72   830 0001:00081F88   831 0001:00081F94   833 0001:00081FA8
   822 0001:00081FA9   835 0001:00081FB0   836 0001:00081FBC   870 0001:00081FC0
   871 0001:00081FE4   872 0001:00081FE6   874 0001:00081FEE   877 0001:00081FF2
   879 0001:0008200A   880 0001:00082016   882 0001:00082048   884 0001:0008205A
   875 0001:0008205F   886 0001:0008206F   897 0001:00082098   898 0001:000820B1
   899 0001:000820D1   900 0001:000820DE   901 0001:000820F9   904 0001:00082144
   905 0001:0008215F   906 0001:00082161   909 0001:000821A0   910 0001:000821AD
   912 0001:000821AF   914 0001:000821DC   915 0001:00082200   916 0001:00082202
   919 0001:0008224C   920 0001:00082264   924 0001:0008226B   925 0001:00082273
   926 0001:00082279   927 0001:0008228F   929 0001:00082293   931 0001:000822AA
   932 0001:000822B8   934 0001:000822CF   935 0001:000822E6   937 0001:000822EA
   929 0001:000822ED   940 0001:000822F0   949 0001:0008232C   950 0001:00082385
   952 0001:00082387   953 0001:0008238F   954 0001:000823A3   955 0001:000823A8
   956 0001:000823C8   959 0001:0008240E   960 0001:00082443   962 0001:00082467
   963 0001:00082475   965 0001:0008248D   966 0001:000824A0   968 0001:000824AB
   975 0001:0008250C   976 0001:00082519   979 0001:0008251B   982 0001:0008260C
   983 0001:00082654   984 0001:00082656   986 0001:00082668   988 0001:0008266E
   992 0001:000826CC   995 0001:000826EC   996 0001:00082704   999 0001:0008271E
  1000 0001:0008272B  1002 0001:00082731  1004 0001:00082754  1005 0001:0008275F
  1006 0001:0008276C  1009 0001:00082776  1010 0001:0008277E  1012 0001:0008278E
  1014 0001:00082794  1015 0001:000827AC  1017 0001:000827B8  1018 0001:000827C9
  1020 0001:000827E1  1021 0001:000827F7  1025 0001:00082800  1026 0001:00082806
  1027 0001:00082809  1028 0001:00082816  1029 0001:00082821  1030 0001:00082839
  1031 0001:00082846  1033 0001:00082851  1035 0001:00082856  1037 0001:00082886
  1038 0001:000828A4  1039 0001:000828C5  1042 0001:000828C9  1044 0001:000828D8
  1045 0001:000828E4  1046 0001:000828EB  1048 0001:000828F7  1049 0001:00082906
  1050 0001:00082914  1057 0001:0008293E  1058 0001:00082940  1066 0001:000829E0
  1067 0001:00082A01  1069 0001:00082A24  1071 0001:00082A40  1072 0001:00082A4E
  1074 0001:00082A64  1075 0001:00082A71  1080 0001:00082AD2  1081 0001:00082AE2
  1085 0001:00082B24  1072 0001:00082B25  1086 0001:00082B2C  1069 0001:00082B2F
  1087 0001:00082B38  1093 0001:00082C20  1094 0001:00082C24  1096 0001:00082C34
  1097 0001:00082C4F  1098 0001:00082C59  1094 0001:00082C5A  1099 0001:00082C5F
  1107 0001:00082C64  1108 0001:00082C76  1111 0001:00082C98  1112 0001:00082CB4
  1113 0001:00082CBE  1114 0001:00082CC3  1116 0001:00082CD6  1117 0001:00082CE6
  1121 0001:00082D18  1122 0001:00082D34  1126 0001:00082D38  1127 0001:00082D43
  1133 0001:00082D44  1134 0001:00082D58  1136 0001:00082D65  1146 0001:00082D97
  1147 0001:00082DB6  1148 0001:00082DC0  1150 0001:00082DC5  1155 0001:00082E10
  1156 0001:00082E1A  1157 0001:00082E24  1159 0001:00082E29  1167 0001:00082E2C
  1169 0001:00082E54

Line numbers for EToolsAPI(EToolsAPI.pas) segment .itext

  1163 0002:00000404  1164 0002:0000041E  1166 0002:0000042D

Line numbers for EMain(EMain.pas) segment .text

    60 0001:00082F44    65 0001:00082F48    66 0001:00082F60    68 0001:00082F66
    71 0001:00082F82    73 0001:00082F91    82 0001:00082FE0    84 0001:00082FE7
    89 0001:00082FEC    94 0001:00082FF0    96 0001:00082FF1    98 0001:00082FF8
   102 0001:0008300E   106 0001:00083024   107 0001:0008302E   108 0001:00083033
   109 0001:00083038   112 0001:0008303D   115 0001:00083048   116 0001:0008305B
   117 0001:0008306A   118 0001:00083076   119 0001:0008308B   123 0001:0008308C
   124 0001:00083096   125 0001:0008309B   127 0001:000830A0   128 0001:000830AA
   136 0001:000830AC   138 0001:000830D4

Line numbers for EMain(EMain.pas) segment .itext

   132 0002:0000045C   133 0002:00000465   135 0002:00000474

Line numbers for .ExceptionExpert11(C:\Works\Sync Folder\Sources\EurekaLog 6\ExceptionExpert11.dpk) segment .itext

    69 0002:0000048C

Bound resource files

Dialog.res
EMessages.dfm
EVariables.dfm
EWait.dfm
EAbout.dfm
EOption.dfm
EIDEOptions.dfm
EurekaLog.res
ExceptionExpert11.res
C:\DOCUME~1\ADMINI~1\LOCALS~1\Temp\dtf606.tmp


Program entry point at 0002:0000048C
