
 Start         Length     Name                   Class
 0001:00000000 000BCB68H .text                   CODE
 0002:00000000 00006510H .data                   DATA
 0002:00006510 00004805H .bss                    BSS


Detailed map of segments

 0001:00000000 000060EF C=CODE     S=.text    G=(none)   M=System   ACBP=A9
 0001:000060F0 00000140 C=CODE     S=.text    G=(none)   M=SysInit  ACBP=A9
 0001:00006230 00000108 C=CODE     S=.text    G=(none)   M=Types    ACBP=A9
 0001:00006338 00001088 C=CODE     S=.text    G=(none)   M=Windows  ACBP=A9
 0001:000073C0 0000202F C=CODE     S=.text    G=(none)   M=ELeaks   ACBP=A9
 0001:000093F0 00000338 C=CODE     S=.text    G=(none)   M=SysConst ACBP=A9
 0001:00009728 000074C0 C=CODE     S=.text    G=(none)   M=SysUtils ACBP=A9
 0001:00010BE8 00000038 C=CODE     S=.text    G=(none)   M=Messages ACBP=A9
 0001:00010C20 000007FB C=CODE     S=.text    G=(none)   M=VarUtils ACBP=A9
 0001:0001141C 00002A42 C=CODE     S=.text    G=(none)   M=Variants ACBP=A9
 0001:00013E60 00000130 C=CODE     S=.text    G=(none)   M=RTLConsts ACBP=A9
 0001:00013F90 00000B2C C=CODE     S=.text    G=(none)   M=TypInfo  ACBP=A9
 0001:00014ABC 00000038 C=CODE     S=.text    G=(none)   M=ActiveX  ACBP=A9
 0001:00014AF4 0000A172 C=CODE     S=.text    G=(none)   M=Classes  ACBP=A9
 0001:0001EC68 00000038 C=CODE     S=.text    G=(none)   M=ETypes   ACBP=A9
 0001:0001ECA0 00002944 C=CODE     S=.text    G=(none)   M=EConsts  ACBP=A9
 0001:000215E4 00004598 C=CODE     S=.text    G=(none)   M=ECore    ACBP=A9
 0001:00025B7C 000047B0 C=CODE     S=.text    G=(none)   M=EDebug   ACBP=A9
 0001:0002A32C 00000040 C=CODE     S=.text    G=(none)   M=ShellAPI ACBP=A9
 0001:0002A36C 000000A0 C=CODE     S=.text    G=(none)   M=WinSock  ACBP=A9
 0001:0002A40C 00001688 C=CODE     S=.text    G=(none)   M=EHook    ACBP=A9
 0001:0002BA94 000000E8 C=CODE     S=.text    G=(none)   M=ELang    ACBP=A9
 0001:0002BB7C 000016BC C=CODE     S=.text    G=(none)   M=ESockets ACBP=A9
 0001:0002D238 00007BD8 C=CODE     S=.text    G=(none)   M=EZlib2   ACBP=A9
 0001:00034E10 00000B04 C=CODE     S=.text    G=(none)   M=EHash    ACBP=A9
 0001:00035914 00000360 C=CODE     S=.text    G=(none)   M=EEncrypt ACBP=A9
 0001:00035C74 000002DC C=CODE     S=.text    G=(none)   M=EBase64  ACBP=A9
 0001:00035F50 00000154 C=CODE     S=.text    G=(none)   M=EZip     ACBP=A9
 0001:000360A4 00007A1C C=CODE     S=.text    G=(none)   M=EWebTools ACBP=A9
 0001:0003DAC0 000005A8 C=CODE     S=.text    G=(none)   M=EXMLBuilder ACBP=A9
 0001:0003E068 000043FC C=CODE     S=.text    G=(none)   M=ELogManager ACBP=A9
 0001:00042464 000012F4 C=CODE     S=.text    G=(none)   M=EListView ACBP=A9
 0001:00043758 00007434 C=CODE     S=.text    G=(none)   M=EDisAsm  ACBP=A9
 0001:0004AB8C 000299F4 C=CODE     S=.text    G=(none)   M=ExceptionLog ACBP=A9
 0001:00074580 00000308 C=CODE     S=.text    G=(none)   M=Consts   ACBP=A9
 0001:00074888 00008E5B C=CODE     S=.text    G=(none)   M=Graphics ACBP=A9
 0001:0007D6E4 00000048 C=CODE     S=.text    G=(none)   M=Math     ACBP=A9
 0001:0007D72C 000002B8 C=CODE     S=.text    G=(none)   M=Contnrs  ACBP=A9
 0001:0007D9E4 00000198 C=CODE     S=.text    G=(none)   M=CommCtrl ACBP=A9
 0001:0007DB7C 00000787 C=CODE     S=.text    G=(none)   M=MultiMon ACBP=A9
 0001:0007E304 00000038 C=CODE     S=.text    G=(none)   M=Imm      ACBP=A9
 0001:0007E33C 00000FF8 C=CODE     S=.text    G=(none)   M=HelpIntfs ACBP=A9
 0001:0007F334 00000058 C=CODE     S=.text    G=(none)   M=WinSpool ACBP=A9
 0001:0007F38C 00000FB8 C=CODE     S=.text    G=(none)   M=Printers ACBP=A9
 0001:00080344 0000031F C=CODE     S=.text    G=(none)   M=FlatSB   ACBP=A9
 0001:00080664 000001A4 C=CODE     S=.text    G=(none)   M=SyncObjs ACBP=A9
 0001:00080808 000009BB C=CODE     S=.text    G=(none)   M=UxTheme  ACBP=A9
 0001:000811C4 00000038 C=CODE     S=.text    G=(none)   M=RichEdit ACBP=A9
 0001:000811FC 00000038 C=CODE     S=.text    G=(none)   M=ToolWin  ACBP=A9
 0001:00081234 00000038 C=CODE     S=.text    G=(none)   M=RegStr   ACBP=A9
 0001:0008126C 00000038 C=CODE     S=.text    G=(none)   M=WinInet  ACBP=A9
 0001:000812A4 00000038 C=CODE     S=.text    G=(none)   M=UrlMon   ACBP=A9
 0001:000812DC 00000038 C=CODE     S=.text    G=(none)   M=ShlObj   ACBP=A9
 0001:00081314 00000038 C=CODE     S=.text    G=(none)   M=CommDlg  ACBP=A9
 0001:0008134C 00000038 C=CODE     S=.text    G=(none)   M=Dlgs     ACBP=A9
 0001:00081384 0000066D C=CODE     S=.text    G=(none)   M=Dialogs  ACBP=A9
 0001:000819F4 0000241E C=CODE     S=.text    G=(none)   M=ExtCtrls ACBP=A9
 0001:00083E14 00000090 C=CODE     S=.text    G=(none)   M=ComStrs  ACBP=A9
 0001:00083EA4 00000094 C=CODE     S=.text    G=(none)   M=Clipbrd  ACBP=A9
 0001:00083F38 00000038 C=CODE     S=.text    G=(none)   M=StrUtils ACBP=A9
 0001:00083F70 000023BD C=CODE     S=.text    G=(none)   M=Buttons  ACBP=A9
 0001:00086330 00000038 C=CODE     S=.text    G=(none)   M=ExtDlgs  ACBP=A9
 0001:00086368 00000068 C=CODE     S=.text    G=(none)   M=IniFiles ACBP=A9
 0001:000863D0 00000068 C=CODE     S=.text    G=(none)   M=Registry ACBP=A9
 0001:00086438 0000006C C=CODE     S=.text    G=(none)   M=Mapi     ACBP=A9
 0001:000864A4 00000058 C=CODE     S=.text    G=(none)   M=ExtActns ACBP=A9
 0001:000864FC 00000038 C=CODE     S=.text    G=(none)   M=ListActns ACBP=A9
 0001:00086534 00006BC0 C=CODE     S=.text    G=(none)   M=ComCtrls ACBP=A9
 0001:0008D0F4 00000CA4 C=CODE     S=.text    G=(none)   M=Themes   ACBP=A9
 0001:0008DD98 000060B4 C=CODE     S=.text    G=(none)   M=StdCtrls ACBP=A9
 0001:00093E4C 00000168 C=CODE     S=.text    G=(none)   M=StdActns ACBP=A9
 0001:00093FB4 00000D1F C=CODE     S=.text    G=(none)   M=WinHelpViewer ACBP=A9
 0001:00094CD4 00010EF3 C=CODE     S=.text    G=(none)   M=Controls ACBP=A9
 0001:000A5BC8 00001292 C=CODE     S=.text    G=(none)   M=ActnList ACBP=A9
 0001:000A6E5C 00001B9C C=CODE     S=.text    G=(none)   M=ImgList  ACBP=A9
 0001:000A89F8 000066AD C=CODE     S=.text    G=(none)   M=Menus    ACBP=A9
 0001:000AF0A8 0000C610 C=CODE     S=.text    G=(none)   M=Forms    ACBP=A9
 0001:000BB6B8 00001194 C=CODE     S=.text    G=(none)   M=MainForm ACBP=A9
 0001:000BC84C 0000031C C=CODE     S=.text    G=(none)   M=GUI      ACBP=A9
 0002:00000000 000000D0 C=DATA     S=.data    G=DGROUP   M=System   ACBP=A9
 0002:000000D0 00000020 C=DATA     S=.data    G=DGROUP   M=SysInit  ACBP=A9
 0002:000000F0 00000014 C=DATA     S=.data    G=DGROUP   M=ELeaks   ACBP=A9
 0002:00000104 00000254 C=DATA     S=.data    G=DGROUP   M=SysUtils ACBP=A9
 0002:00000358 00000008 C=DATA     S=.data    G=DGROUP   M=VarUtils ACBP=A9
 0002:00000360 0000008E C=DATA     S=.data    G=DGROUP   M=Variants ACBP=A9
 0002:000003F0 0000000C C=DATA     S=.data    G=DGROUP   M=TypInfo  ACBP=A9
 0002:000003FC 00000080 C=DATA     S=.data    G=DGROUP   M=Classes  ACBP=A9
 0002:0000047C 00000908 C=DATA     S=.data    G=DGROUP   M=EConsts  ACBP=A9
 0002:00000D84 00000044 C=DATA     S=.data    G=DGROUP   M=ECore    ACBP=A9
 0002:00000DC8 0000004C C=DATA     S=.data    G=DGROUP   M=EDebug   ACBP=A9
 0002:00000E14 000001A0 C=DATA     S=.data    G=DGROUP   M=EHook    ACBP=A9
 0002:00000FB4 00000001 C=DATA     S=.data    G=DGROUP   M=ESockets ACBP=A9
 0002:00000FB8 00000E5C C=DATA     S=.data    G=DGROUP   M=EZlib2   ACBP=A9
 0002:00001E14 00000212 C=DATA     S=.data    G=DGROUP   M=EHash    ACBP=A9
 0002:00002028 000000C0 C=DATA     S=.data    G=DGROUP   M=EBase64  ACBP=A9
 0002:000020E8 00001C14 C=DATA     S=.data    G=DGROUP   M=EWebTools ACBP=A9
 0002:00003CFC 00000020 C=DATA     S=.data    G=DGROUP   M=EXMLBuilder ACBP=A9
 0002:00003D1C 00000024 C=DATA     S=.data    G=DGROUP   M=ELogManager ACBP=A9
 0002:00003D40 000012D5 C=DATA     S=.data    G=DGROUP   M=EDisAsm  ACBP=A9
 0002:00005018 0000059C C=DATA     S=.data    G=DGROUP   M=ExceptionLog ACBP=A9
 0002:000055B4 00000304 C=DATA     S=.data    G=DGROUP   M=Graphics ACBP=A9
 0002:000058B8 00000004 C=DATA     S=.data    G=DGROUP   M=Printers ACBP=A9
 0002:000058BC 00000074 C=DATA     S=.data    G=DGROUP   M=Dialogs  ACBP=A9
 0002:00005930 0000018C C=DATA     S=.data    G=DGROUP   M=ExtCtrls ACBP=A9
 0002:00005ABC 00000088 C=DATA     S=.data    G=DGROUP   M=Buttons  ACBP=A9
 0002:00005B44 00000008 C=DATA     S=.data    G=DGROUP   M=IniFiles ACBP=A9
 0002:00005B4C 00000008 C=DATA     S=.data    G=DGROUP   M=Registry ACBP=A9
 0002:00005B54 00000008 C=DATA     S=.data    G=DGROUP   M=Mapi     ACBP=A9
 0002:00005B5C 0000007D C=DATA     S=.data    G=DGROUP   M=ComCtrls ACBP=A9
 0002:00005BDC 00000068 C=DATA     S=.data    G=DGROUP   M=Themes   ACBP=A9
 0002:00005C44 000000A0 C=DATA     S=.data    G=DGROUP   M=StdCtrls ACBP=A9
 0002:00005CE4 0000013C C=DATA     S=.data    G=DGROUP   M=Controls ACBP=A9
 0002:00005E20 00000020 C=DATA     S=.data    G=DGROUP   M=ImgList  ACBP=A9
 0002:00005E40 000000EC C=DATA     S=.data    G=DGROUP   M=Menus    ACBP=A9
 0002:00005F2C 0000011C C=DATA     S=.data    G=DGROUP   M=Forms    ACBP=A9
 0002:00006048 00000004 C=DATA     S=.data    G=DGROUP   M=MainForm ACBP=A9
 0002:00007000 00000664 C=BSS      S=.bss     G=DGROUP   M=System   ACBP=A9
 0002:00007664 00000010 C=BSS      S=.bss     G=DGROUP   M=SysInit  ACBP=A9
 0002:00007674 00000004 C=BSS      S=.bss     G=DGROUP   M=Types    ACBP=A9
 0002:00007678 00000004 C=BSS      S=.bss     G=DGROUP   M=Windows  ACBP=A9
 0002:0000767C 00000054 C=BSS      S=.bss     G=DGROUP   M=ELeaks   ACBP=A9
 0002:000076D0 00000004 C=BSS      S=.bss     G=DGROUP   M=SysConst ACBP=A9
 0002:000076D4 00000120 C=BSS      S=.bss     G=DGROUP   M=SysUtils ACBP=A9
 0002:000077F4 00000004 C=BSS      S=.bss     G=DGROUP   M=Messages ACBP=A9
 0002:000077F8 0000005C C=BSS      S=.bss     G=DGROUP   M=VarUtils ACBP=A9
 0002:00007854 00000040 C=BSS      S=.bss     G=DGROUP   M=Variants ACBP=A9
 0002:00007894 00000004 C=BSS      S=.bss     G=DGROUP   M=RTLConsts ACBP=A9
 0002:00007898 00000004 C=BSS      S=.bss     G=DGROUP   M=TypInfo  ACBP=A9
 0002:0000789C 00000004 C=BSS      S=.bss     G=DGROUP   M=ActiveX  ACBP=A9
 0002:000078A0 00000044 C=BSS      S=.bss     G=DGROUP   M=Classes  ACBP=A9
 0002:000078E4 00000004 C=BSS      S=.bss     G=DGROUP   M=ETypes   ACBP=A9
 0002:000078E8 00000004 C=BSS      S=.bss     G=DGROUP   M=EConsts  ACBP=A9
 0002:000078EC 00000009 C=BSS      S=.bss     G=DGROUP   M=ECore    ACBP=A9
 0002:000078F8 00000004 C=BSS      S=.bss     G=DGROUP   M=EDebug   ACBP=A9
 0002:000078FC 00000004 C=BSS      S=.bss     G=DGROUP   M=ShellAPI ACBP=A9
 0002:00007900 00000004 C=BSS      S=.bss     G=DGROUP   M=WinSock  ACBP=A9
 0002:00007904 00000010 C=BSS      S=.bss     G=DGROUP   M=EHook    ACBP=A9
 0002:00007914 00000004 C=BSS      S=.bss     G=DGROUP   M=ELang    ACBP=A9
 0002:00007918 00000004 C=BSS      S=.bss     G=DGROUP   M=ESockets ACBP=A9
 0002:0000791C 00002894 C=BSS      S=.bss     G=DGROUP   M=EZlib2   ACBP=A9
 0002:0000A1B0 00000404 C=BSS      S=.bss     G=DGROUP   M=EHash    ACBP=A9
 0002:0000A5B4 0000001C C=BSS      S=.bss     G=DGROUP   M=EEncrypt ACBP=A9
 0002:0000A5D0 00000004 C=BSS      S=.bss     G=DGROUP   M=EBase64  ACBP=A9
 0002:0000A5D4 00000004 C=BSS      S=.bss     G=DGROUP   M=EZip     ACBP=A9
 0002:0000A5D8 00000048 C=BSS      S=.bss     G=DGROUP   M=EWebTools ACBP=A9
 0002:0000A620 00000004 C=BSS      S=.bss     G=DGROUP   M=EXMLBuilder ACBP=A9
 0002:0000A624 00000004 C=BSS      S=.bss     G=DGROUP   M=ELogManager ACBP=A9
 0002:0000A628 00000004 C=BSS      S=.bss     G=DGROUP   M=EListView ACBP=A9
 0002:0000A62C 00000004 C=BSS      S=.bss     G=DGROUP   M=EDisAsm  ACBP=A9
 0002:0000A630 00000E7C C=BSS      S=.bss     G=DGROUP   M=ExceptionLog ACBP=A9
 0002:0000B4AC 00000004 C=BSS      S=.bss     G=DGROUP   M=Consts   ACBP=A9
 0002:0000B4B0 00000060 C=BSS      S=.bss     G=DGROUP   M=Graphics ACBP=A9
 0002:0000B510 00000004 C=BSS      S=.bss     G=DGROUP   M=Math     ACBP=A9
 0002:0000B514 00000004 C=BSS      S=.bss     G=DGROUP   M=Contnrs  ACBP=A9
 0002:0000B518 0000000C C=BSS      S=.bss     G=DGROUP   M=CommCtrl ACBP=A9
 0002:0000B524 00000031 C=BSS      S=.bss     G=DGROUP   M=MultiMon ACBP=A9
 0002:0000B558 00000004 C=BSS      S=.bss     G=DGROUP   M=Imm      ACBP=A9
 0002:0000B55C 00000008 C=BSS      S=.bss     G=DGROUP   M=HelpIntfs ACBP=A9
 0002:0000B564 00000004 C=BSS      S=.bss     G=DGROUP   M=WinSpool ACBP=A9
 0002:0000B568 00000004 C=BSS      S=.bss     G=DGROUP   M=Printers ACBP=A9
 0002:0000B56C 00000034 C=BSS      S=.bss     G=DGROUP   M=FlatSB   ACBP=A9
 0002:0000B5A0 00000004 C=BSS      S=.bss     G=DGROUP   M=SyncObjs ACBP=A9
 0002:0000B5A4 000000CC C=BSS      S=.bss     G=DGROUP   M=UxTheme  ACBP=A9
 0002:0000B670 00000004 C=BSS      S=.bss     G=DGROUP   M=RichEdit ACBP=A9
 0002:0000B674 00000004 C=BSS      S=.bss     G=DGROUP   M=ToolWin  ACBP=A9
 0002:0000B678 00000004 C=BSS      S=.bss     G=DGROUP   M=RegStr   ACBP=A9
 0002:0000B67C 00000004 C=BSS      S=.bss     G=DGROUP   M=WinInet  ACBP=A9
 0002:0000B680 00000004 C=BSS      S=.bss     G=DGROUP   M=UrlMon   ACBP=A9
 0002:0000B684 00000004 C=BSS      S=.bss     G=DGROUP   M=ShlObj   ACBP=A9
 0002:0000B688 00000004 C=BSS      S=.bss     G=DGROUP   M=CommDlg  ACBP=A9
 0002:0000B68C 00000004 C=BSS      S=.bss     G=DGROUP   M=Dlgs     ACBP=A9
 0002:0000B690 0000000C C=BSS      S=.bss     G=DGROUP   M=Dialogs  ACBP=A9
 0002:0000B69C 00000004 C=BSS      S=.bss     G=DGROUP   M=ExtCtrls ACBP=A9
 0002:0000B6A0 00000004 C=BSS      S=.bss     G=DGROUP   M=ComStrs  ACBP=A9
 0002:0000B6A4 0000000C C=BSS      S=.bss     G=DGROUP   M=Clipbrd  ACBP=A9
 0002:0000B6B0 00000004 C=BSS      S=.bss     G=DGROUP   M=StrUtils ACBP=A9
 0002:0000B6B4 00000030 C=BSS      S=.bss     G=DGROUP   M=Buttons  ACBP=A9
 0002:0000B6E4 00000004 C=BSS      S=.bss     G=DGROUP   M=ExtDlgs  ACBP=A9
 0002:0000B6E8 00000004 C=BSS      S=.bss     G=DGROUP   M=IniFiles ACBP=A9
 0002:0000B6EC 00000004 C=BSS      S=.bss     G=DGROUP   M=Registry ACBP=A9
 0002:0000B6F0 00000004 C=BSS      S=.bss     G=DGROUP   M=Mapi     ACBP=A9
 0002:0000B6F4 00000009 C=BSS      S=.bss     G=DGROUP   M=ExtActns ACBP=A9
 0002:0000B700 00000004 C=BSS      S=.bss     G=DGROUP   M=ListActns ACBP=A9
 0002:0000B704 00000010 C=BSS      S=.bss     G=DGROUP   M=ComCtrls ACBP=A9
 0002:0000B714 00000008 C=BSS      S=.bss     G=DGROUP   M=Themes   ACBP=A9
 0002:0000B71C 00000004 C=BSS      S=.bss     G=DGROUP   M=StdCtrls ACBP=A9
 0002:0000B720 00000004 C=BSS      S=.bss     G=DGROUP   M=StdActns ACBP=A9
 0002:0000B724 00000014 C=BSS      S=.bss     G=DGROUP   M=WinHelpViewer ACBP=A9
 0002:0000B738 00000080 C=BSS      S=.bss     G=DGROUP   M=Controls ACBP=A9
 0002:0000B7B8 00000004 C=BSS      S=.bss     G=DGROUP   M=ActnList ACBP=A9
 0002:0000B7BC 0000000C C=BSS      S=.bss     G=DGROUP   M=ImgList  ACBP=A9
 0002:0000B7C8 00000010 C=BSS      S=.bss     G=DGROUP   M=Menus    ACBP=A9
 0002:0000B7D8 00000020 C=BSS      S=.bss     G=DGROUP   M=Forms    ACBP=A9
 0002:0000B7F8 0000000C C=BSS      S=.bss     G=DGROUP   M=MainForm ACBP=A9


  Address         Publics by Name

 0002:0000127C       ..
 0002:00001068       ..
 0002:000013A8       ..
 0002:000010BC       ..
 0001:0002DB44       ..
 0001:00032F94       ..
 0002:00000FE0       ..
 0001:0002F058       ..
 0002:0000110C       ..
 0002:0000103C       ..
 0001:0002F464       ..
 0002:00001048       ..
 0001:0002F52C       ..
 0002:00009924       ..
 0002:00007924       ..
 0002:00001050       ..
 0002:000078F8       .03
 0002:0000B6B0       .1
 0002:000077F4       .1
 0002:000078E4       .1
 0002:0000B58C       .1
 0002:0000B67C       .1
 0002:0000B660       .1
 0002:0000B678       .1
 0002:0000B6A0       .1
 0002:0000B558       .1
 0002:000078FC       .1
 0002:00007900       .1
 0002:00007694       .1
 0002:00007904       .1
 0002:00007914       .1
 0002:0000B68C       .1
 0002:0000B680       .1
 0002:0000B684       .1
 0002:0000B6F0       .1
 0002:0000A1B0       .1
 0002:0000B72C       .1
 0002:0000B688       .1
 0002:0000A5B4       .1
 0002:000076D0       .1
 0002:0000A5D0       .1
 0002:0000B4AC       .1
 0002:00007674       .1
 0002:0000B670       .1
 0002:00007894       .1
 0002:0000766C       .1
 0002:0000B518       .1
 0002:0000B544       .1
 0002:0000B690       .11
 0002:0000B4B4       .12
 0002:0000B69C       .12
 0002:0000A62C       .2
 0002:0000791C       .2
 0002:0000B6A8       .2
 0002:0000B714       .2
 0002:0000B510       .2
 0002:0000A628       .2
 0002:0000B55C       .2
 0002:0000B514       .21
 0002:0000A654       .21
 0002:00007678       .3
 0002:0000789C       .3
 0002:0000A620       .3
 0002:0000B800       .3
 0002:0000B7BC       .3
 0002:0000A624       .3
 0002:0000B564       .3
 0002:0000A5D4       .3
 0002:0000B6E4       .3
 0002:0000B568       .3
 0002:000077E4       .35
 0002:0000B704       .36
 0002:0000B6B4       .4
 0002:000078F0       .4
 0002:0000B674       .4
 0002:00007918       .4
 0002:0000B7E0       .41
 0002:0000B71C       .42
 0002:000078AC       .45
 0002:000075BC       .5
 0002:00007850       .5
 0002:000078E8       .5
 0002:0000B6EC       .5
 0002:00007898       .6
 0002:0000B5A0       .6
 0002:0000A5D8       .7
 0002:0000B740       .72
 0002:0000B6F4       .72
 0002:0000B720       .73
 0002:0000B7B8       .8
 0002:0000B6E8       .8
 0002:0000B700       .8
 0002:00007874       .81
 0002:0000B7D0       .9
 0001:00002090       @AbstractError
 0001:00004AFC       @AddRefArray
 0001:00004AB4       @AddRefRecord
 0001:00003354       @AfterConstruction
 0001:00003180       @AsClass
 0001:00003E14       @Assert
 0001:000024FC       @AStrCmp
 0001:00003364       @BeforeDestruction
 0001:000031CC       @CallDynaInst
 0001:00005B2C       @CheckAutoResult
 0001:000032FC       @ClassCreate
 0001:0000334C       @ClassDestroy
 0001:000023C8       @Close
 0001:00001CAC       @Copy
 0001:00004CF0       @CopyArray
 0001:00004BD4       @CopyRecord
 0001:0002FED8       @deflateInit2_
 0001:00004E08       @DispCallByIDError
 0001:00011EBC       @DispInvokeError
 0001:00004DF8       @Dispose
 0001:000038A4       @DoneExcept
 0001:00005320       @DynArrayAddRef
 0001:000052F8       @DynArrayAsg
 0001:000052BC       @DynArrayClear
 0001:000050DC       @DynArrayHigh
 0001:000050D4       @DynArrayLength
 0001:000052B0       @DynArraySetLength
 0001:0000289C       @EmitDigits
 0001:0000398C       @ExceptionHandler
 0001:0000256C       @FillChar
 0001:0002F124       @fill_fopen_filefunc
 0001:00004AA8       @Finalize
 0001:000049BC       @FinalizeArray
 0001:00004970       @FinalizeRecord
 0001:000031E4       @FindDynaInst
 0001:000023BC       @Flush
 0001:00002EF4       @FpuInit
 0001:00002E30       @FpuMaskInit
 0001:00001AD0       @FreeMem
 0001:00001AA0       @GetMem
 0001:00006168       @GetTls
 0001:0002F65C       @get_crc_table
 0001:00003DFC       @Halt
 0001:00003D1C       @Halt0
 0001:00003478       @HandleAnyException
 0001:00003764       @HandleAutoException
 0001:0000372C       @HandleFinally
 0001:000035A4       @HandleOnException
 0001:000315CC       @inflateInit2_
 0001:00031014       @inflate_fast
 0001:00032B24       @inflate_table
 0001:000061B4       @InitExe
 0001:00004964       @Initialize
 0001:000048D0       @InitializeArray
 0001:000048A0       @InitializeRecord
 0001:00003BE0       @InitImports
 0001:00003BB8       @InitResStringImports
 0001:00003B94       @InitResStrings
 0001:00001D68       @Insert
 0001:00005A90       @IntfAddRef
 0001:00005A60       @IntfCast
 0001:00005A1C       @IntfClear
 0001:00005A34       @IntfCopy
 0001:00002F00       @IntOver
 0001:0000315C       @IsClass
 0001:00002E00       @isNECWindows
 0001:00001CF0       @LGetDir
 0001:00004384       @LStrAddRef
 0001:00003EDC       @LStrArrayClr
 0001:00003F0C       @LStrAsg
 0001:0000419C       @LStrCat
 0001:000041E0       @LStrCat3
 0001:00004254       @LStrCatN
 0001:00003EB8       @LStrClr
 0001:000042E0       @LStrCmp
 0001:000043F4       @LStrCopy
 0001:00004434       @LStrDelete
 0001:00004128       @LStrFromArray
 0001:000040A0       @LStrFromChar
 0001:000040B0       @LStrFromPChar
 0001:00003FA8       @LStrFromPCharLen
 0001:000040E0       @LStrFromPWChar
 0001:00004014       @LStrFromPWCharLen
 0001:0000411C       @LStrFromString
 0001:00004140       @LStrFromWArray
 0001:0000415C       @LStrFromWStr
 0001:0000447C       @LStrInsert
 0001:00003F50       @LStrLAsg
 0001:00004194       @LStrLen
 0001:000044D8       @LStrPos
 0001:00004520       @LStrSetLength
 0001:00004394       @LStrToPChar
 0001:00004170       @LStrToString
 0001:00004DE4       @New
 0001:00003F7C       @NewAnsiString
 0001:000045C8       @NewWideString
 0001:00001FF8       @Pos
 0001:00002B14       @Pow10
 0001:00002478       @PStrCmp
 0001:00002450       @PStrCpy
 0001:00002420       @PStrNCat
 0001:0000245C       @PStrNCpy
 0001:00003850       @RaiseAgain
 0001:00003828       @RaiseExcept
 0001:0000258C       @RandInt
 0001:00001AF0       @ReallocMem
 0001:00002104       @RewritText
 0001:00002060       @ROUND
 0001:00003E08       @RunError
 0001:0000290C       @ScaleExt
 0001:00002888       @SetEq
 0001:00002038       @SetLength
 0001:00003B54       @StartExe
 0001:00002950       @Str2Ext
 0001:0000030C       @strlen
 0001:0000206C       @TRUNC
 0001:000038D4       @TryFinallyExit
 0001:000043EC       @UniqueStringA
 0001:00004EB0       @ValInt64
 0001:000025A8       @ValLong
 0001:000135B4       @VarAddRef
 0001:00004AE4       @VarAddRef
 0001:000121A8       @VarClear
 0001:000121BC       @VarClr
 0001:000049A4       @VarClr
 0001:00004BBC       @VarCopy
 0001:000124E4       @VarCopy
 0001:000134EC       @VarFromBool
 0001:0001353C       @VarFromCurr
 0001:00013484       @VarFromInt
 0001:000134C0       @VarFromInt64
 0001:00013550       @VarFromLStr
 0001:00013514       @VarFromReal
 0001:00013528       @VarFromTDateTime
 0001:0001357C       @VarFromWStr
 0001:00011F10       @VarNull
 0001:00012810       @VarToLStr
 0001:00012F30       @VarToWStr
 0001:000027F4       @Write0Ext
 0001:00004584       @Write0LString
 0001:000027C0       @Write2Ext
 0001:000026C0       @WriteBytes
 0001:00002804       @WriteLn
 0001:000045A0       @WriteLString
 0001:00002714       @WriteSpaces
 0001:00002790       @WriteString
 0001:00004880       @WStrAddRef
 0001:00004608       @WStrArrayClr
 0001:0000462C       @WStrAsg
 0001:000045F0       @WStrClr
 0001:00004768       @WStrCmp
 0001:000047EC       @WStrCopy
 0001:0000473C       @WStrFromLStr
 0001:00004650       @WStrFromPCharLen
 0001:00004700       @WStrFromPWChar
 0001:000046DC       @WStrFromPWCharLen
 0001:0000475C       @WStrLen
 0001:00004838       @WStrSetLength
 0001:0000474C       @WStrToPWChar
 0001:00002864       @_CLenToPasStr
 0001:00002858       @_CToPasStr
 0001:00001C7C       @_IOTest
 0001:00004E34       @_llmod
 0001:00004E10       @_llmul
 0001:00034194       @_tr_align
 0001:00034460       @_tr_flush_block
 0001:00032F98       @_tr_init
 0001:000340D8       @_tr_stored_block
 0001:0000EAD0       Abort
 0002:0000A785       AbortOperation
 0001:0007F4B4       AbortProc
 0001:00097B28       AbsMin
 0001:0000EE54       AbstractErrorHandler
 0002:0000702C       AbstractErrorProc
 0002:00000188       AccessMode
 0001:000BBC08       AccessViolation
 0001:000664A8       AccessViolationModuleInLongFormat
 0001:00001BC4       AcquireExceptionObject
 0001:0005D1D0       ActicatePage
 0001:00016ED4       ActivateClassGroup
 0002:0000A7CC       ActivateEurekaLog
 0001:00006B24       ActivateKeyboardLayout
 0002:0000B774       ActiveDrag
 0001:00014AEC       ActiveX
 0001:000A6E30       ActnList
 0001:000379D8       AddAuthenticationToURL
 0001:00000474       AddBlockAfter
 0001:0006CD8C       AddCallerCallStack
 0001:000610E0       AddColor
 0001:00058C94       AddCustomHeadersToLog
 0001:00058B38       AddCustomHeaderToLog
 0002:000003FC       AddDataModule
 0001:0002C914       AddDNS
 0001:0000A3FC       AddExitProc
 0001:0001A380       AddFinished
 0001:000AA62C       AddIn
 0002:00007690       AddLeak
 0001:000577A8       AddModule
 0001:000576A4       AddModuleFromFileName
 0001:00005874       AddModuleUnloadProc
 0001:00005884       AddModuleUnloadProc
 0001:00051674       AddNewProcess
 0001:00051A44       AddNewProcessEx
 0001:0001A3B8       AddNotFinished
 0001:0002AA10       AddrSize
 0001:00065794       AddStr
 0001:0001ADDC       AddSubComponentsToLoaded
 0001:0001D1F0       AddThread
 0001:00057848       AddToStack
 0001:0003F8A4       AddValueField
 0001:0002D958       AddZipFile
 0001:000782E8       AdjustColor
 0001:00083660       AdjustColors
 0001:0005D120       AdjustDialog
 0001:0005A5A4       AdjustFlatStyle
 0001:0008BE1C       AdjustLineBreaks
 0001:0000A6C8       AdjustLineBreaks
 0001:000B16D0       Adjustment
 0001:00006B2C       AdjustWindowRectEx
 0001:0002F15C       adler32
 0001:00061CCC       AfterScreenshot
 0001:000619E8       AfterScreenshotToStream
 0002:00005CC4       Alignments
 0002:00005938       Alignments
 0002:00005C8C       Alignments
 0002:00005C4C       Alignments
 0002:00005F14       Alignments
 0002:00005F04       Alignments
 0002:00005CD4       Alignments
 0002:00005B90       AlignStyles
 0001:000B8614       AlignWork
 0001:0009D194       AlignWork
 0002:000076AC       AllocatedList_End
 0002:000076A4       AllocatedList_Lock
 0002:000076A8       AllocatedList_Start
 0001:0001EA48       AllocateHWnd
 0001:0000A3A0       AllocMem
 0002:000075B4       AllocMemCount
 0002:000075B8       AllocMemSize
 0001:0007D4DC       AllocPatternBitmap
 0001:00006110       AllocTlsBuffer
 0002:00003CDC       AlphaNumerics
 0002:00005CF0       AnchorAlign
 0002:00005CE4       AnimateWindowProc
 0002:00005DEC       AnimationStyle
 0001:0000F7B0       AnsiCompareFileName
 0001:0000A5D0       AnsiCompareStr
 0001:0000A608       AnsiCompareText
 0001:0000AF5C       AnsiLastChar
 0001:00006B34       AnsiLower
 0001:0000A59C       AnsiLowerCase
 0001:0000F830       AnsiLowerCaseFileName
 0001:0000F774       AnsiPos
 0001:000AEEB4       AnsiSameCaption
 0001:0000A640       AnsiSameText
 0001:0000A658       AnsiStrLIComp
 0001:0000F8BC       AnsiStrPos
 0001:0000F97C       AnsiStrRScan
 0001:0000F9C4       AnsiStrScan
 0001:00005EAC       AnsiToUtf8
 0001:0000CD70       AppendChars
 0001:0000D13C       AppendFormat
 0001:0000CDD4       AppendNumber
 0001:0000CDB4       AppendString
 0002:0000B7D8       Application
 0001:000BBDE4       ApplicationFreeze
 0002:0000040C       ApplicationHandleException
 0001:00058064       ApplicationRestore
 0002:00000414       ApplicationShowException
 0002:00006040       AppVisible
 0001:00007F08       AreTheSameLeak
 0001:00056578       ASMAssigned
 0002:00000EB4       AsmConst
 0001:00066278       ASPDotNetWebSiteFile
 0001:0005BB40       AssemblerDialogProc
 0001:0004CFB4       AssemblerToRTF
 0001:0000EE38       AssertErrorHandler
 0002:00007024       AssertErrorProc
 0001:00014384       AssignLongStr
 0001:0005F600       AssignOnCloseData
 0001:00059554       AssignPriority
 0001:0002A1C4       AssignValidDebugInfo
 0001:000148E8       AssignVariant
 0001:00062B44       AttachedFile
 0001:00062DA0       AttachedFiles
 0002:0000A648       AttachedFilesRequest
 0001:00068924       AttrToString
 0002:0000A7D0       AutoCloseTimer
 0001:00058A0C       AutoCloseTimerProc
 0002:0000760C       avail
 0001:0000B460       BackfillGetDiskFreeSpaceEx
 0001:0009A6BC       BackgroundClipped
 0001:00010EB0       BackupVarBoolFromStr
 0001:00011010       BackupVarBStrFromBool
 0001:00010F30       BackupVarBStrFromCy
 0001:00010FA0       BackupVarBStrFromDate
 0001:00010E44       BackupVarCyFromStr
 0001:00010DD8       BackupVarDateFromStr
 0001:00010C94       BackupVarI4FromStr
 0001:00010C40       BackupVariantChangeTypeEx
 0001:00010D00       BackupVarR4FromStr
 0001:00010D6C       BackupVarR8FromStr
 0001:00035D94       Base64Decode
 0001:00035E74       Base64DecodeStr
 0001:00035EDC       Base64DecodeString
 0001:00035CD8       Base64Encode
 0001:000626E8       Base64EncodeFromFile
 0001:00035E28       Base64EncodeStr
 0001:00035ED4       Base64EncodeString
 0001:00035EE4       Base64EncodeToString
 0001:0000F434       Beep
 0001:0001722C       BeginGlobalLoading
 0001:00006B3C       BeginPaint
 0001:00003E6C       BeginThread
 0001:000782F4       BetterSize
 0001:000AB4C0       BiDiDraw
 0001:00023D3C       BinToStr
 0001:0000688C       BitBlt
 0002:00005AE8       BitBtnCaptions
 0002:0000B6B8       BitBtnGlyphs
 0002:00005B14       BitBtnModalResults
 0002:00005ABC       BitBtnResNames
 0002:0000586C       BitmapCanvasList
 0002:0000B4CC       BitmapImageLock
 0001:00010C7C       BiUnimplemented
 0002:00000450       BlockCode
 0002:000075E4       blockDescBlockList
 0002:000075E8       blockDescFreeList
 0001:00065324       BlockingSendInternetMessage
 0002:000000F4       BlockOverFoot
 0002:000000F0       BlockOverHead
 0002:00006048       bmp
 0002:000003F0       BooleanIdents
 0002:0000036C       BooleanToStringRule
 0001:0000AC68       BoolToStr
 0001:00012598       BoolToWStrViaOS
 0002:00005C44       BorderStyles
 0002:00005930       BorderStyles
 0001:000062E4       Bounds
 0001:000161EC       Bounds
 0002:00005EAC       Breaks
 0002:0000B504       BrushManager
 0001:000ADC94       BuildImage
 0001:00051CDC       BuildListPS
 0001:00051BA0       BuildListTH
 0002:00005904       ButtonCaptions
 0002:000058D8       ButtonNames
 0002:00005F28       Buttons
 0001:00086308       Buttons
 0002:00005CBC       ButtonStyles
 0002:00005000       ByteRegs1
 0002:00005004       ByteRegs2
 0001:0006125C       BytesPerScanline
 0001:00077AC0       BytesPerScanline
 0001:00060CC4       BytesSwap
 0001:00077E24       ByteSwapColors
 0001:0000F518       ByteToCharIndex
 0001:0000F4F0       ByteToCharLen
 0001:0000F4B4       ByteType
 0001:0000F43C       ByteTypeTest
 0002:0000B7C0       CachedComCtrlVer
 0002:0000A9C8       Cached_LogFile
 0001:00070C10       CalcAddr
 0001:00060CF4       CalcCRC
 0001:00035CA0       CalcDecodedSize
 0001:00054780       CalcDuplicatedException
 0001:00035C74       CalcEncodedSize
 0001:0001E984       CalcJmpOffset
 0001:000A4EB8       CalcSplitterPos
 0001:0002AD98       CalculateRelocatedAsmSize
 0001:00055758       CallAttachedFilesRequest
 0001:000557C8       CallAttachedFilesRequestEvents
 0001:000558FC       CallCustomButtonClickEvent
 0001:00055968       CallCustomButtonClickEvents
 0001:00055688       CallCustomDataRequest
 0001:000556F8       CallCustomDataRequestEvents
 0001:0005582C       CallCustomWebFieldsRequest
 0001:0005589C       CallCustomWebFieldsRequestEvents
 0001:00007488       CallerOfReallocMem
 0001:0005538C       CallExceptionActionNotify
 0001:0006923C       CallExceptionActionNotify_atSavedLogFile
 0001:00069218       CallExceptionActionNotify_atSavingLogFile
 0001:00064120       CallExceptionActionNotify_atSendingEmail
 0001:00064168       CallExceptionActionNotify_atSendingWebMessage
 0001:00064144       CallExceptionActionNotify_atSentEmail
 0001:0006418C       CallExceptionActionNotify_atSentWebMessage
 0001:000695B8       CallExceptionActionNotify_atShowedExceptionInfo
 0001:00069594       CallExceptionActionNotify_atShowingExceptionInfo
 0001:000605E4       CallExceptionActionNotify_atTerminating
 0001:00055500       CallExceptionErrorNotify
 0001:00069260       CallExceptionErrorNotify_atSavedLogFile
 0001:000641B0       CallExceptionErrorNotify_atSentEmail
 0001:000641D4       CallExceptionErrorNotify_atSentWebMessage
 0001:00055194       CallExceptionNotify
 0001:00055200       CallExceptionNotifyEvents
 0002:00005020       CallForGetLogText
 0002:0000501C       CallFromCOMObject
 0001:00055264       CallHandledExceptionNotify
 0001:000552D0       CallHandledExceptionNotifyEvents
 0001:00055704       CallModuleEvent_AttachedFilesRequest
 0001:000558A8       CallModuleEvent_CustomButtonClickNotify
 0001:00055634       CallModuleEvent_CustomDataRequest
 0001:000557D4       CallModuleEvent_CustomWebFieldsRequest
 0001:000552DC       CallModuleEvent_ExceptionActionNotify
 0001:00055454       CallModuleEvent_ExceptionErrorNotify
 0001:00055144       CallModuleEvent_ExceptionNotify
 0001:0005520C       CallModuleEvent_HandledExceptionNotify
 0001:00055974       CallModuleEvent_PasswordRequest
 0001:00006B44       CallNextHookEx
 0001:000555C8       CallPasswordRequest
 0001:00057C64       CallStackByAddresses
 0001:0005C058       CallStackDialogProc
 0001:0001009C       CallTerminateProcs
 0001:00006B4C       CallWindowProc
 0001:000695DC       CallWriteIntraWebText
 0001:0006F6D4       Call_HookedExceptionObject
 0001:0006F430       Call_HookedRaise
 0001:0006F700       Call_HookedRtlUnwind
 0001:0006084C       CalsCoordinates
 0002:0000A786       CanAttachScreenshot
 0002:0000A781       CanAttachScreenshot_Show
 0001:00098B60       CancelDrag
 0002:0000A787       CanCopy
 0002:0000A782       CanCopy_Show
 0001:00056344       CanExit
 0002:0000A749       CanHookLibraries
 0002:00005520       CannotProcessMessagesExceptions
 0002:0000556C       CannotShowDialog
 0002:0000A94C       CannotUseThread
 0001:0006CE00       CanPauseThisThread
 0002:0000A780       CanSendError_Show
 0002:0000A784       CanSendMessage
 0001:00070AB8       CanShowHandledExceptionEx
 0002:0000A783       CanSupport_Show
 0002:0000B508       CanvasList
 0002:0000B788       CanvasList
 0002:0000A9F8       CaptionFontName
 0002:000058C4       Captions
 0002:0000AC34       CAPTION_HEIGHT
 0002:00005DA8       CaptureControl
 0002:00002028       cBase64Codec
 0002:00002068       cBase64Codec
 0002:00005E4C       cBooleanToItemAutoFlag
 0001:00059FE4       CenterOnActiveWndMonitor
 0001:00058990       CenterWindow
 0002:0000B6A6       CF_COMPONENT
 0002:0000B6A4       CF_PICTURE
 0002:0000A704       CGIHandleException
 0002:0000A6B0       CGIOutputFile
 0002:0000786C       ChangeAnyProc
 0001:000970E0       ChangeBiDiModeAlignment
 0001:0000AFE4       ChangeFileExt
 0001:00072E44       ChangeFinalizationOrder
 0001:0005F574       ChangeLogUserEmail
 0002:00005C6C       CharCases
 0001:00003FD8       CharFromWChar
 0001:0000F6FC       CharLength
 0001:00006B54       CharLowerBuff
 0001:00006B5C       CharNext
 0001:0000026C       CharNext
 0002:00003D20       chars
 0001:00076374       CharsetToIdent
 0001:0000F604       CharToByteIndex
 0001:0000F668       CharToByteLen
 0001:00006B64       CharToOemA
 0001:000788D8       CheckBool
 0001:00073770       CheckCrc32
 0001:00022DF0       CheckDirectoryExists
 0001:00037944       CheckError
 0001:0002B45C       CheckFail
 0001:00072B28       CheckForMemoryLeaks
 0001:0005335C       CheckForResult
 0001:00022BD0       CheckIntoIDE
 0001:000033F4       CheckJmp
 0001:0004BDC8       CheckMagicCode
 0001:00006B6C       CheckMenuItem
 0001:00007C04       CheckOurPointer
 0002:00005E9C       Checks
 0001:0001AE18       CheckSubComponents
 0001:0001D208       CheckSynchronize
 0001:000B110C       CheckTaskWindow
 0001:00098814       CheckUndock
 0001:0000F328       CheckWin32Version
 0002:00000370       CInvalidCustomVariantType
 0002:00005E50       cItemAutoFlagToBoolean
 0002:00005E48       cItemAutoFlagToMenu
 0001:0001EBD4       Classes
 0001:00016C98       ClassNotFound
 0002:00007868       ClearAnyProc
 0001:00075BF4       ClearColor
 0001:0004FF00       ClearInternalError
 0001:000138F0       ClearVariantTypeList
 0002:0000AB9D       ClickLinkActive
 0001:00042D70       ClickOnSign
 0001:00006B74       ClientToScreen
 0001:000A245C       ClientToWindow
 0002:00005864       ClipboardFormats
 0001:00083EE0       Clipbrd
 0001:0004E3E4       CloneObject
 0001:00006B7C       CloseClipboard
 0001:0000020C       CloseHandle
 0001:0000645C       CloseHandle
 0001:00054764       CloseLogFile
 0001:0007F334       ClosePrinter
 0001:00062A68       CloseSendDialog
 0001:0002A36C       closesocket
 0002:0000B5A8       CloseThemeData
 0001:0002DB1C       CloseZipFile
 0002:0000A70C       CLXHandleException
 0002:0000A710       CLXShowException
 0002:00007040       CmdLine
 0002:0000703C       CmdShow
 0002:00005E44       cMenuAutoFlagToItem
 0001:00010C88       CmpUnimplemented
 0002:00005594       ColIdx
 0002:000055E4       Colors
 0001:0007616C       ColorToIdent
 0002:00005944       ColorToPretyName
 0001:0007615C       ColorToRGB
 0002:0000ABD0       ColWidths
 0001:00006894       CombineRgn
 0002:0000B51C       ComCtl32DLL
 0002:0000B710       ComCtlVersion
 0001:0008D0EC       ComCtrls
 0002:0000B7D4       CommandPool
 0001:0007DB74       CommCtrl
 0001:00081344       CommDlg
 0001:000007F4       Commit
 0002:00007628       committedRoot
 0001:0006192C       CommonSaveToStream
 0001:00056858       CompareEurekaFunctions
 0001:000A9C10       CompareFront
 0001:0000A504       CompareMem
 0001:0005113C       CompareModulesFunctions
 0001:000514C8       CompareProcessesFunctions
 0001:0000A4D4       CompareStr
 0001:00006464       CompareString
 0001:0000A524       CompareText
 0001:0000AB90       CompareWith
 0001:000676CC       CompleteIP
 0001:00039728       CompleteNumber
 0001:0004C59C       CompleteStr
 0001:0003EAC0       CompleteStr
 0001:00068978       CompleteString
 0001:00021880       CompleteVersion
 0001:0001AEF8       ComponentCreated
 0001:00034F18       Compress
 0001:0002F518       compressBound
 0001:00078698       ComputeAldusChecksum
 0001:0004DE90       ComputerName
 0001:000257B8       ComputerName
 0001:00083E9C       ComStrs
 0001:0002A374       connect
 0001:00074880       Consts
 0001:0007D9DC       Contnrs
 0002:0000B746       ControlAtom
 0002:0000B74C       ControlAtomString
 0001:000B5EB8       ControlHasHelp
 0001:000A5B38       Controls
 0002:00005B74       ConversionFormatList
 0001:0000E860       ConvertAddr
 0001:00022480       ConvertAddress
 0001:00007770       ConvertAddress
 0001:0000CEC8       ConvertEraString
 0001:0000A364       ConvertError
 0001:0000A37C       ConvertErrorFmt
 0001:0003E1AC       ConvertNotDosText
 0001:000363E0       ConvertSpecialHTMLChars
 0001:0000D034       ConvertYearString
 0001:000050E4       CopyArray
 0001:0007AA5C       CopyBitmap
 0001:0007B124       CopyBitmapAsMask
 0001:0000689C       CopyEnhMetaFile
 0001:000860B8       CopyImage
 0001:00007104       CopyMemory
 0001:0007B0C0       CopyPalette
 0001:00006B84       CopyRect
 0002:00005BE0       Copyright
 0001:00055C8C       CopyStrings
 0001:000ACD40       CopyToBest
 0001:00008624       CountAllLeaks
 0001:0000F574       CountChars
 0002:0000B4E4       CounterLock
 0001:0005CEF4       CPUDialogProc
 0001:0004D350       CPUToRTF
 0002:00000374       CRangeToType
 0002:00001E14       Crc16Tab
 0001:0002F670       crc32
 0002:0000A1B4       crc_table
 0002:00002014       crc_table_computed
 0001:00061470       Create8bitBitmap
 0001:0000ED7C       CreateAssertException
 0001:0000EF04       CreateAVObject
 0001:000068A4       CreateBitmap
 0001:000068AC       CreateBrushIndirect
 0001:000068B4       CreateCompatibleBitmap
 0001:000068BC       CreateCompatibleDC
 0001:0001AF78       CreateComponent
 0001:000068C4       CreateDC
 0001:00007278       CreateDialogA
 0001:00058624       CreateDialogFonts
 0001:00006B8C       CreateDialogParamA
 0001:000068D4       CreateDIBitmap
 0001:000068CC       CreateDIBSection
 0001:0000B558       CreateDir
 0001:0000646C       CreateDirectory
 0001:00006474       CreateEvent
 0001:0005980C       CreateExceptionReport
 0001:0000647C       CreateFile
 0001:00000214       CreateFileA
 0001:00006484       CreateFileA
 0001:0000648C       CreateFileMapping
 0001:000068DC       CreateFontA
 0001:000068E4       CreateFontIndirect
 0001:000068EC       CreateFontIndirectA
 0001:000695E8       CreateGeneralText
 0001:000068F4       CreateHalftonePalette
 0001:0005271C       CreateHTMLByLayout
 0001:00054D6C       CreateHTMLFile
 0001:000068FC       CreateIC
 0001:00006B94       CreateIcon
 0001:0000ECA8       CreateInOutError
 0001:00059B58       CreateLeakReport
 0001:0006A7B0       CreateLogText
 0001:00006B9C       CreateMenu
 0001:0002CD48       CreateMXQuery
 0001:0006107C       CreateOctreeNode
 0001:00006904       CreatePalette
 0001:0000690C       CreatePenIndirect
 0001:00006BA4       CreatePopupMenu
 0001:00006494       CreateProcessA
 0001:00006914       CreateRectRgn
 0001:0000691C       CreateRectRgnIndirect
 0001:00006924       CreateSolidBrush
 0001:00077E7C       CreateSystemPalette
 0001:00052AF4       CreateTemplateFile
 0001:0000649C       CreateThread
 0001:00000274       CreateThread
 0001:00059CF8       CreateThreadStr
 0001:00063C20       CreateTmpLogFile
 0001:0004EA24       CreateVirtualFile
 0001:00007220       CreateWindow
 0001:000071C8       CreateWindowEx
 0001:00054E38       CreateXMLLogCopy
 0001:0002D8C4       CreateZipFile
 0001:000641F8       CreateZIPFile
 0001:00072000       Create_EurekaLogUnitsList
 0002:00005CE8       CreationControl
 0002:000058BC       CreationControl
 0002:000003DC       CRelationshipToBoolean
 0002:00000358       CResult
 0002:00000D84       CriticalError
 0002:00005544       CriticalExceptObject
 0002:00000180       cSimpleBoolStrs
 0002:00000388       CText
 0002:00005DE4       Ctl3DStyles
 0002:00007620       curAlloc
 0002:000076DC       CurrencyDecimals
 0002:000076D8       CurrencyFormat
 0002:000076D4       CurrencyString
 0002:0000A738       CurrentAsmErrorLine
 0002:0000A740       CurrentAsmErrorText
 0002:0000A744       CurrentCPUErrorText
 0002:0000A7D4       CurrentDialog
 0001:00070C84       CurrentEurekaLogOptions
 0002:0000A73C       CurrentGeneralErrorText
 0002:0000A6AC       CurrentOptions
 0002:0000A7EC       CurrentProcessWindowsList
 0002:00005530       CurrentStackList
 0001:0000CD5C       CurrentYear
 0001:0000C700       CurrToStr
 0001:00012528       CurrToWStrViaOS
 0002:00005FC4       CursorMap
 0002:00005CF8       Cursors
 0001:00097400       CursorToIdent
 0002:00005FB4       cUseAlpha
 0002:00005FBC       cUseColorKey
 0002:0000A650       CustomButtonClickNotify
 0002:0000A644       CustomDataRequest
 0001:000BBC68       CustomException
 0002:0000A770       CustomExceptMessage
 0001:00072BBC       CustomHandler
 0002:0000A64C       CustomWebFieldsRequest
 0002:0000A5B8       CV
 0001:0000A8D4       CvtInt
 0001:0000A940       CvtInt64
 0002:000001C0       CWNear
 0001:0000CCAC       Date
 0002:000076DD       DateSeparator
 0001:0000D9A0       DateTimeToStr
 0001:0000D914       DateTimeToString
 0001:0000C818       DateTimeToTimeStamp
 0001:0000D970       DateToStr
 0001:00012560       DateToWStrViaOS
 0001:0000CC84       DayOfWeek
 0002:0000A7E8       DbgSection
 0002:000001BC       DCon10
 0002:000055E0       DDBsOnly
 0001:0001EAFC       DeallocateHWnd
 0002:0000002C       DebugHook
 0002:0000A928       DebugHook_Assigned
 0001:000657E4       DebugToStr
 0002:000076DB       DecimalSeparator
 0001:0000CBF4       DecodeDate
 0001:0000CAA4       DecodeDateFully
 0001:00027668       DecodeNameString
 0001:0000C90C       DecodeTime
 0001:000008B4       Decommit
 0001:00000FE0       DecommitFree
 0002:000075FC       decommittedRoot
 0001:00035B6C       Decrypt
 0001:000B3B38       Default
 0001:000B9250       Default
 0002:00000024       Default8087CW
 0002:00005CEC       DefaultDockTreeClass
 0002:00000038       DefaultTextLineBreakStyle
 0002:000075C0       DefaultUserCodePage
 0002:00005834       DefBrushData
 0002:000055B4       DefFontData
 0001:00006BAC       DefFrameProc
 0001:000304A8       deflate
 0001:0003076C       deflateEnd
 0001:0002FEBC       deflateInit_
 0002:0000024C       DefLongDayNames
 0002:00000200       DefLongMonthNames
 0001:00006BB4       DefMDIChildProc
 0002:00005814       DefPenData
 0002:00000230       DefShortDayNames
 0002:000001D0       DefShortMonthNames
 0001:00006BBC       DefWindowProc
 0001:00006BC4       DefWindowProcA
 0001:0000535C       DelayLoadResourceModule
 0001:000004D0       DeleteBlock
 0001:000064A4       DeleteCriticalSection
 0001:000003E0       DeleteCriticalSection
 0001:0000692C       DeleteDC
 0001:00006934       DeleteEnhMetaFile
 0001:00064364       DeleteExtraFiles
 0001:0000AF44       DeleteFile
 0001:000064AC       DeleteFile
 0001:000064B4       DeleteFileA
 0001:000510C8       DeleteFileEx
 0001:00000DC8       DeleteFree
 0001:00006BCC       DeleteMenu
 0001:0000693C       DeleteObject
 0001:00060F88       DeleteTree
 0001:0004EB90       DeleteVirtualFile
 0001:0007A618       DeselectBitmap
 0001:00006BD4       DestroyCursor
 0001:0005886C       DestroyDialogFonts
 0001:00006BDC       DestroyIcon
 0001:000861C8       DestroyLocals
 0001:00006BE4       DestroyMenu
 0001:00006BEC       DestroyWindow
 0002:0000AC10       DetailsActive
 0001:0005A5E4       DetailsState
 0001:00006BF4       DialogBoxParamA
 0001:00094988       DialogEnumerationTester
 0002:0000AC1C       DialogHeight
 0001:000819B4       Dialogs
 0002:0000A938       DialogType
 0002:00005870       DIBPalSizes
 0002:000000C0       dig
 0002:00000D88       Digits
 0001:00052AD0       DirectoryExists
 0001:00009130       DisableMemoryLeaksCheck
 0001:000B0F48       DisableTaskWindows
 0001:00006BFC       DispatchMessage
 0001:000B7198       DispatchShortCut
 0002:00007000       DispCallByIDProc
 0001:000BBC10       DivByZero
 0001:0000A348       DivMod
 0001:0008137C       Dlgs
 0001:000582DC       DlgTemplate
 0001:000BBD10       DLLError
 0002:0000790C       DllList
 0001:0009D024       DoAlign
 0001:000B84C8       DoAlign
 0001:000A111C       DoCalcConstraints
 0002:0000B77C       DockSiteList
 0001:000AD960       DoClick
 0001:0009E768       DoControlMsg
 0001:0007F33C       DocumentProperties
 0001:000B0EF8       DoDisableWindow
 0001:00098140       DoDragOver
 0001:0000A3C0       DoExitProc
 0001:000A318C       DoFindControlZone
 0001:000B104C       DoFindWindow
 0001:000A3718       DoFindZone
 0001:000A3210       DoForEach
 0001:000A4B1C       DoGetNextLimit
 0001:0002B950       Done
 0001:0007409C       Done
 0001:00025AF4       Done
 0001:0002D1A4       Done
 0001:0000931C       Done
 0001:000B0EC0       DoneApplication
 0001:00071CD0       DoneCheckFreeze
 0001:000A587C       DoneControls
 0002:0000A700       DoneExcept
 0001:00072DF8       DoneExceptAddr
 0001:0000F238       DoneExceptions
 0001:00037420       DoneLib
 0001:00008EBC       DoneShareMem
 0001:000B5514       DoNestedActivation
 0001:0001D1A4       DoneThreadSynchronization
 0001:000BA614       DoOnHelp
 0001:0009CBE4       DoPosition
 0001:000B8318       DoPosition
 0001:000A4144       DoPrune
 0001:00082B20       DoRect
 0001:000A461C       DoSaveZone
 0001:000A4820       DoSetNewBounds
 0001:0002201C       DotNetHostedFile
 0001:000662D0       DotNetHostedFileHandle
 0001:00066284       DotNetMainFile
 0002:00005554       DotNetMetadataFile
 0002:00005574       Dots
 0002:000003F8       DotSep
 0001:00078B30       DoWrite
 0001:00018174       DoWrite
 0001:000A8270       DoWrite
 0001:00079734       DoWrite
 0001:0009DD50       DoWriteDesignSize
 0001:0009B7BC       DoWriteIsControl
 0002:0000B760       DragCapture
 0002:0000B754       DragControl
 0001:00098888       DragDone
 0001:000980F0       DragFindTarget
 0001:000980C4       DragFindWindow
 0002:0000B778       DragImageList
 0001:000984E0       DragInit
 0001:00098650       DragInitControl
 0002:0000B75C       DragInternalObject
 0001:0009800C       DragMessage
 0002:0000B758       DragObject
 0002:0000B784       DragSave
 0002:0000B76C       DragSaveCursor
 0002:0000B764       DragStartPos
 0002:0000B770       DragThreshold
 0001:00098210       DragTo
 0001:000B928C       DrawAppIcon
 0001:00042534       DrawBmp
 0001:000430E0       DrawBottom
 0001:0005F4C8       DrawButton
 0001:0005F35C       DrawClickHere
 0001:000A3CB0       DrawCloseButton
 0001:0005F2D4       DrawControl
 0001:00006C04       DrawEdge
 0001:00006C0C       DrawFocusRect
 0001:0004306C       DrawFrame
 0001:00006C14       DrawFrameControl
 0001:000A3D08       DrawGrabberLine
 0001:00006C1C       DrawIcon
 0001:00006C24       DrawIconEx
 0002:00005E20       DrawingStyles
 0001:00043188       DrawItem
 0001:00043134       DrawLine
 0001:00006C2C       DrawMenuBar
 0001:000AECD0       DrawMenuItem
 0001:0005D4B0       DrawSupportLink
 0001:00006C34       DrawText
 0001:00006C3C       DrawTextA
 0002:0000B5AC       DrawThemeBackground
 0002:0000B5D0       DrawThemeEdge
 0002:0000B5D4       DrawThemeIcon
 0002:0000B658       DrawThemeParentBackground
 0002:0000B5B0       DrawThemeText
 0001:00077940       DupBits
 0002:0000A788       DuplicatedException
 0001:000064BC       DuplicateHandle
 0001:000050FC       DynArrayClear
 0001:00005104       DynArraySetLength
 0001:00035F48       EBase64
 0001:000215DC       EConsts
 0001:00025B4C       ECore
 0001:0002A324       EDebug
 0002:00005F0C       EdgeStyle
 0002:00005DD4       EdgeStyles
 0001:0004AB84       EDisAsm
 0001:00035C6C       EEncrypt
 0001:0003590C       EHash
 0001:0000EC7C       EHeapException.FreeInstance
 0001:0002BA64       EHook
 0001:0003E750       ElaborateString
 0001:00037C04       ElaborateURL
 0001:00037D6C       ElaborateWebPage
 0001:0002BB74       ELang
 0001:000093DC       ELeaks
 0001:00043750       EListView
 0001:0004245C       ELogManager
 0002:00005BC4       Empty
 0002:00005C88       Empty
 0001:00006C44       EmptyClipboard
 0002:00007854       EmptyParam
 0002:00000104       EmptyStr
 0002:00000108       EmptyWideStr
 0002:00000484       EMsgs
 0001:00008FA4       EnableMemoryLeaksCheck
 0001:00006C4C       EnableMenuItem
 0002:00005EA4       Enables
 0001:00006C54       EnableScrollBar
 0001:000B0FFC       EnableTaskWindows
 0002:0000B640       EnableThemeDialogTexture
 0002:0000B65C       EnableTheming
 0001:00006C5C       EnableWindow
 0001:00060EAC       Encode
 0001:0000CA74       EncodeDate
 0002:00003CFC       EncodedChars
 0001:0000C8CC       EncodeTime
 0001:00063D84       EncodeURL
 0001:00006C64       EndDialog
 0001:00006944       EndDoc
 0001:000172B4       EndGlobalLoading
 0001:0000694C       EndPage
 0001:00006C6C       EndPaint
 0001:00003EB0       EndThread
 0001:000003D0       EnterCriticalSection
 0001:000064C4       EnterCriticalSection
 0001:000064CC       EnumCalendarInfoA
 0002:0000B540       EnumDisplayMonitors
 0001:0000E4D4       EnumEraNames
 0001:0000E510       EnumEraYearOffsets
 0001:000B40FC       EnumMonitorsProc
 0001:0007F344       EnumPrinters
 0001:000064D4       EnumSystemLocalesA
 0001:00006C74       EnumThreadWindows
 0001:0001A728       EnumValue
 0001:00006C7C       EnumWindows
 0001:000501A8       EnumWindowsProc
 0001:00050418       EnumWindowsProc
 0001:00050304       EnumWindowsProc
 0001:0005024C       EnumWindowsProc
 0001:00026B8C       Eof
 0002:00003D1C       EOFLine
 0001:00006C84       EqualRect
 0002:000077A4       EraNames
 0001:0000DC2C       EraToYear
 0002:000077C0       EraYearOffsets
 0002:00000098       errCaption
 0001:00061D98       Error
 0001:000BBEC0       Error
 0001:000A9960       Error
 0001:0001683C       Error
 0001:00008D84       Error
 0001:00001C70       Error
 0001:00019F0C       Error
 0002:00000004       ErrorAddr
 0001:00001C24       ErrorAt
 0001:0000ED28       ErrorHandler
 0002:00000268       ErrorMap
 0002:00007008       ErrorProc
 0002:000073E8       ErrOutput
 0002:00000C5C       EShowOptions
 0001:0002D204       ESockets
 0001:0001EC98       ETypes
 0002:0000047C       EurekaLogCurrentVersion
 0002:0000A7A4       EurekaLogList
 0001:00062640       EurekaLogSendEmail
 0002:00005028       EurekaLogUnits
 0002:0000A7C8       EurekaLogUnitsList
 0001:00056158       EurekaLog_AttachedFilesRequestEvent
 0001:0006FDC0       EurekaLog_CallCreateThread
 0001:0006F540       EurekaLog_CallExceptObject
 0001:0006FF04       EurekaLog_CallExitThread
 0001:0006F3BC       EurekaLog_CallGeneralRaise
 0001:0006FE60       EurekaLog_CallResumeThread
 0001:000562A0       EurekaLog_CustomButtonClickEvent
 0001:000560B4       EurekaLog_CustomDataRequestEventEx
 0001:000561FC       EurekaLog_CustomWebFieldsRequestEvent
 0001:00055F6C       EurekaLog_ExceptionActionNotifyEvent
 0001:00056010       EurekaLog_ExceptionErrorNotifyEvent
 0001:00055E24       EurekaLog_ExceptionNotifyEvent
 0001:00055EC8       EurekaLog_HandledExceptionNotifyEvent
 0001:0006FDB8       EurekaLog_LastDelphiException
 0001:00055D10       EurekaLog_PasswordRequestEvent
 0001:00055D54       EurekaLog_PasswordRequestEventEx
 0002:000009E4       EVals
 0002:00000D1C       EVariablesOptions
 0001:0003DAB8       EWebTools
 0001:00001B98       ExceptAddr
 0002:0000700C       ExceptClsProc
 0001:0000F1A4       ExceptHandler
 0001:0000EAF0       Exception.Create
 0001:0000EB2C       Exception.CreateFmt
 0001:0000EBAC       Exception.CreateRes
 0001:0000EBE8       Exception.CreateResFmt
 0002:0000A638       ExceptionActionNotify
 0002:0000701C       ExceptionClass
 0002:0000A680       ExceptionCriticalSection
 0001:0000E86C       ExceptionErrorMessage
 0002:0000A63C       ExceptionErrorNotify
 0001:0004F4A4       ExceptionLine
 0001:00074508       ExceptionLog
 0001:00070FB4       ExceptionManager
 0002:0000A630       ExceptionNotify
 0002:0000A6B8       ExceptionNumber
 0002:0000A7DC       ExceptionsTime
 0002:0000A7E0       ExceptionTime
 0001:0005305C       ExceptionTypeByAddr
 0002:000002A0       ExceptMap
 0001:0006EA54       ExceptNotify
 0001:0006560C       ExceptNotifyAfter1
 0001:00065708       ExceptNotifyAfter2
 0001:0006571C       ExceptNotifyAfter3
 0001:00001B78       ExceptObject
 0002:00007010       ExceptObjProc
 0002:00007004       ExceptProc
 0001:00006954       ExcludeClipRect
 0001:00022D64       ExcludeLastBackslash
 0002:00000000       ExitCode
 0001:00003C60       ExitDll
 0002:00007048       ExitProc
 0001:00000284       ExitProcess
 0002:00007028       ExitProcessProc
 0002:0000017C       ExitProcList
 0001:000064DC       ExitThread
 0001:0000027C       ExitThread
 0001:0003E060       EXMLBuilder
 0001:00021F30       ExpandEnvVars
 0001:0000B1C0       ExpandFileName
 0001:00056924       ExportedFunctions
 0001:000864F4       ExtActns
 0001:00083DE4       ExtCtrls
 0001:00086360       ExtDlgs
 0001:000542F8       ExtractDebugData
 0001:0000B0AC       ExtractFileDrive
 0001:0000B178       ExtractFileExt
 0001:0000B140       ExtractFileName
 0001:00007414       ExtractFileName
 0001:0000B078       ExtractFilePath
 0001:0000B1FC       ExtractFilePathNoDrive
 0001:000714A0       ExtractGZipStream
 0001:00021AF4       ExtractList
 0001:0000B290       ExtractRelativePath
 0001:00053E20       ExtractStr
 0001:00022954       ExtractStringsEx
 0001:0005963C       ExtractThreadByList
 0001:0003FDC0       ExtractValue
 0001:0003609C       EZip
 0001:00034E08       EZlib2
 0002:0000A9D4       fActive
 0002:00005568       fActivePage
 0002:000077E0       FalseBoolStrs
 0002:0000A9F0       fBigFont
 0002:0000A9D8       fCaptionFont
 0002:0000B6AC       FClipboard
 0002:000001B0       FCon1E18
 0002:0000A9CC       fDlgBack
 0001:00068CE8       FetchStr
 0001:0007F44C       FetchStr
 0002:0000A9E0       fFixedFont1
 0002:0000A9E4       fFixedFont2
 0001:0000ADD0       FileAge
 0001:0000ADC8       FileClose
 0001:0000AD30       FileCreate
 0001:0000AD0C       FileCreate
 0001:0000B4E0       FileDateToDateTime
 0001:0000AE38       FileExists
 0002:00005868       FileFormats
 0002:0000000C       FileMode
 0001:0000214C       FileNOPProc
 0001:0000ACB4       FileOpen
 0001:0000AD38       FileRead
 0002:00000424       FilerSignature
 0001:0000AD90       FileSeek
 0001:000064E4       FileTimeToDosDateTime
 0001:000064EC       FileTimeToLocalFileTime
 0001:0000AD64       FileWrite
 0001:00000F00       FillAfterGap
 0001:00054FC4       FillAttachedList
 0001:00000EA0       FillBeforeGap
 0001:00000FA0       FillerSizeAfterGap
 0001:00000F28       FillerSizeBeforeGap
 0001:00006C8C       FillRect
 0001:00051584       FillThreadsCount
 0001:00042420       Finalization
 0001:000AEFB0       Finalization
 0001:00086380       Finalization
 0001:000863E8       Finalization
 0001:00043720       Finalization
 0001:0008644C       Finalization
 0001:000864A4       Finalization
 0001:0004AAE8       Finalization
 0001:000864FC       Finalization
 0001:0008D074       Finalization
 0001:0008DD4C       Finalization
 0001:00093E14       Finalization
 0001:00025AF8       Finalization
 0001:00093F7C       Finalization
 0001:00094C00       Finalization
 0001:0007D6F4       Finalization
 0001:0001EB24       Finalization
 0001:0001EC68       Finalization
 0001:00021558       Finalization
 0001:000113DC       Finalization
 0001:00010BE8       Finalization
 0001:000109E8       Finalization
 0001:000A5AD0       Finalization
 0001:000A89C0       Finalization
 0001:000A6E00       Finalization
 0001:00086330       Finalization
 0001:000862D0       Finalization
 0001:0003E030       Finalization
 0001:00083F38       Finalization
 0001:0003DA68       Finalization
 0001:00083EA4       Finalization
 0001:00083E6C       Finalization
 0001:00083D9C       Finalization
 0001:00081958       Finalization
 0001:0008134C       Finalization
 0001:00081314       Finalization
 0001:000812DC       Finalization
 0001:000812A4       Finalization
 0001:0008126C       Finalization
 0001:00081234       Finalization
 0001:000811FC       Finalization
 0001:000811C4       Finalization
 0001:00081154       Finalization
 0001:00013D3C       Finalization
 0001:0002A288       Finalization
 0001:00013F58       Finalization
 0001:0002A334       Finalization
 0001:0003606C       Finalization
 0001:00035F18       Finalization
 0001:0002A3D4       Finalization
 0001:00035C3C       Finalization
 0001:000358DC       Finalization
 0001:00014A64       Finalization
 0001:000096F0       Finalization
 0001:00014ABC       Finalization
 0001:000093A4       Finalization
 0001:00034DD8       Finalization
 0001:000807D0       Finalization
 0001:00080624       Finalization
 0001:0002D1AC       Finalization
 0001:00080300       Finalization
 0001:0007F354       Finalization
 0001:0007F2EC       Finalization
 0001:0007E304       Finalization
 0001:0007E2C4       Finalization
 0001:00007388       Finalization
 0001:0007DB44       Finalization
 0001:00074358       Finalization
 0001:00074850       Finalization
 0001:00006300       Finalization
 0001:000BB618       Finalization
 0001:000061F8       Finalization
 0001:0002BA10       Finalization
 0001:00005FC8       Finalization
 0001:0007D514       Finalization
 0001:0002BB44       Finalization
 0001:000BC814       Finalization
 0001:000BC84C       Finalization
 0001:0007D9AC       Finalization
 0002:00007684       FinalizationProc
 0001:000050F4       FinalizeArray
 0001:00003A74       FinalizeUnits
 0001:000AD720       Find
 0001:000053EC       FindBS
 0001:00016D58       FindClass
 0001:00005354       FindClassHInstance
 0001:000064F4       FindClose
 0001:0000AF28       FindClose
 0001:00000294       FindClose
 0001:00000E5C       FindCommitted
 0001:000971E0       FindControl
 0001:000A3944       FindControlAtPos
 0001:00013B94       FindCustomVariantType
 0001:00013C4C       FindCustomVariantType
 0001:00098BAC       FindDragTarget
 0001:00063BA0       FindEOFLine
 0001:00037834       FindErrorMessage
 0001:00069538       FindException
 0001:0001B128       FindExistingComponent
 0001:0000AEB4       FindFirst
 0001:000064FC       FindFirstFile
 0001:0000029C       FindFirstFile
 0001:00006504       FindFirstFileA
 0001:0005182C       FindFullPath
 0001:00054230       FindFunction
 0001:00017144       FindGlobalComponent
 0001:000B1158       FindGlobalComponent
 0002:000078B8       FindGlobalComponentProcs
 0001:0004BDDC       FindHandled
 0001:0000532C       FindHInstance
 0001:00016FEC       FindIdentToInt
 0001:00007FFC       FindLeakAddress
 0001:00008260       FindLeakClassName
 0001:00007F2C       FindLeakSons
 0001:000736AC       FindMainInstance
 0001:0000AE48       FindMatchingFile
 0001:0005088C       FindModuleType
 0002:0000B698       FindMsg
 0001:0001A2B8       FindNestedComponent
 0001:0000AF04       FindNext
 0001:0000650C       FindNextFile
 0001:00007E78       FindNextValidLeak
 0001:00026D04       FindParam
 0001:000A9928       FindPopupControl
 0001:000110A4       FindProc
 0001:000514D0       FindProcess
 0001:00006514       FindResource
 0001:0000651C       FindResourceA
 0001:000053A4       FindResourceHInstance
 0001:000BAE48       FindScanline
 0001:00036F90       FindSelected
 0001:000B10B0       FindTopMostWindow
 0001:0001C00C       FindUniqueName
 0001:00098B78       FindVCLWindow
 0001:00006C94       FindWindow
 0001:000949E0       FindWinHelp
 0001:0004BD94       FirstProc
 0002:0000A9FC       FixedFontName1
 0002:0000AA00       FixedFontName2
 0002:0000A9F4       FixedFontSize
 0002:0000AC38       FixedTmpOptionsFile
 0001:0007AA10       FixupBitFields
 0002:00005F1C       Flags
 0002:000077F0       FLanguages
 0001:00080654       FlatSB
 0002:0000B56C       FlatSB_EnableScrollBar
 0002:0000B578       FlatSB_GetScrollInfo
 0002:0000B57C       FlatSB_GetScrollPos
 0002:0000B574       FlatSB_GetScrollRange
 0002:0000B584       FlatSB_SetScrollInfo
 0002:0000B580       FlatSB_SetScrollPos
 0001:00080344       FlatSB_SetScrollProp
 0002:0000B588       FlatSB_SetScrollRange
 0002:0000B570       FlatSB_ShowScrollBar
 0002:0000A9E8       fLinkFont
 0002:0000A9EC       fLinkFont2
 0002:0000AB78       fListViewItems
 0002:00004700       FloatingPointOpcodes
 0001:0000C390       FloatToDecimal
 0001:0000C6D0       FloatToStr
 0001:0000BDC8       FloatToText
 0001:0000C09C       FloatToTextFmt
 0001:000023B0       Flush
 0001:00006524       FlushInstructionCache
 0002:0000A9D0       fMemoBack
 0002:0000AB58       fMonitor
 0002:0000AB60       fMonitorInfo
 0002:000001C4       FMSecsPerDay
 0001:0000BCBC       FmtStr
 0002:00005F38       FocusCount
 0002:00005F34       FocusMessages
 0002:00005784       FontCharsets
 0002:0000B4FC       FontManager
 0001:00070F00       ForceApplicationTermination
 0001:00022E14       ForceDirectoriesEx
 0001:000B112C       ForegroundTask
 0002:000001CC       Format
 0001:0000BCA8       Format
 0001:0000B898       FormatBuf
 0001:0000B88C       FormatClearStr
 0001:00069158       FormatComplete
 0001:0000D9B4       FormatDateTime
 0001:0000B810       FormatError
 0002:000001A8       FormatErrorStrs
 0001:0000C730       FormatFloat
 0001:0000652C       FormatMessage
 0001:00029C44       FormatProcName
 0001:0000B868       FormatVarToStr
 0001:000BB674       Forms
 0001:00002B0C       FPower10
 0002:000058B8       FPrinter
 0001:00082BE4       Frame3D
 0001:00006C9C       FrameRect
 0001:000085E4       FreeAllLeaks
 0001:000105C8       FreeAndNil
 0001:0004E418       FreeClonedObject
 0001:00000B5C       FreeCommitted
 0001:00001194       FreeCurAlloc
 0001:00098C6C       FreeDeviceContext
 0001:00098D28       FreeDeviceContexts
 0001:0001E8F0       FreeIntConstList
 0001:00006534       FreeLibrary
 0001:000002A4       FreeLibrary
 0001:0007A56C       FreeMemoryContexts
 0001:0001EA24       FreeObjectInstance
 0001:0004F150       FreeOutOfMemoryCache
 0001:00006554       FreeResource
 0001:00061D5C       FreeScreenshot
 0001:0000072C       FreeSpace
 0001:000100C8       FreeTerminateProcs
 0001:00080808       FreeThemeLibrary
 0002:0000A74C       FreezeThread
 0002:0000B70C       FRichEditModule
 0002:0000AB5C       fSendBmp
 0002:0000A60C       FtpOpenFile
 0001:0003D49C       FTPUploadFiles
 0002:0000A9DC       fVariableFont
 0001:00077930       GDICheck
 0001:00077888       GDIError
 0001:0005CCEC       GeneralDialogProc
 0001:0006F19C       GeneralRaise
 0001:0004CB50       GeneralToRTF
 0001:00064D18       GenerateCustomWebFieldsString
 0001:000529AC       GenerateHTML
 0001:0003C904       GenerateMultipartBoundary
 0001:0003853C       GenerateMultipartBoundary
 0001:0003CA34       GenerateRequestBody
 0001:00038600       GenerateRequestBody
 0001:00002058       Get8087CW
 0001:0000655C       GetACP
 0001:00066B0C       GetActiveControlClass
 0001:00066B24       GetActiveControlText
 0001:00066A2C       GetActiveFormClass
 0001:00066A78       GetActiveFormText
 0001:00059D60       GetActiveMonitorData
 0001:00006CA4       GetActiveWindow
 0001:00067808       GetAdapterInfo
 0001:00051550       GetAllocatedMemory
 0001:00054210       GetAndSetFunctionSize
 0001:000B89A4       GetAnimation
 0001:0006737C       GetApplicationName
 0001:0005037C       GetApplicationRect
 0001:00066A0C       GetApplicationUpTime
 0001:0002AB78       GetAsmSize
 0001:000580D8       GetBaseOfStack
 0001:000845C4       GetBitBtnGlyph
 0001:0000695C       GetBitmapBits
 0001:000003E8       GetBlockDesc
 0001:0005F440       GetBottonWidth
 0001:00006964       GetBrushOrgEx
 0001:00007188       GetBValue
 0001:00057FB4       GetCallStackByAddresses
 0001:0004F190       GetCallStackDump
 0001:00006CAC       GetCapture
 0001:000974A8       GetCaptureControl
 0001:00016D04       GetClass
 0001:00006CB4       GetClassInfo
 0001:00006CBC       GetClassName
 0001:00006CC4       GetClassNameA
 0001:00006CCC       GetClientRect
 0001:00006CD4       GetClipboardData
 0001:000792F8       GetClipboardFormats
 0001:0000696C       GetClipBox
 0001:00000384       GetCmdShow
 0001:000A7058       GetColor
 0001:000435A0       GetColumnAlign
 0001:00043574       GetColumnCount
 0001:000886DC       GetComCtlVersion
 0001:0000656C       GetCommandLine
 0001:000002AC       GetCommandLine
 0001:00000970       GetCommitted
 0001:00000A18       GetCommittedAt
 0001:00068B90       GetCompanyName
 0001:000669A4       GetCompilationDate
 0001:0004C624       GetCompleteTimeStr
 0001:00006574       GetComputerNameA
 0001:0009E31C       GetControlAtPos
 0001:0006E4D8       GetControlClass
 0001:0006E534       GetControlText
 0001:0000CE20       GetCount
 0001:00006564       GetCPInfo
 0001:00034EB4       GetCRC16
 0001:00034E6C       GetCRC32
 0001:0000B54C       GetCurrentDir
 0001:000002B4       GetCurrentDirectory
 0001:00006974       GetCurrentObject
 0001:0000697C       GetCurrentPositionEx
 0001:00068E84       GetCurrentPrinterHandle
 0001:0000657C       GetCurrentProcess
 0001:00006584       GetCurrentProcessId
 0001:00070FAC       GetCurrentStackPointer
 0001:000580E0       GetCurrentStackPointer
 0002:0000B650       GetCurrentThemeName
 0001:0000658C       GetCurrentThread
 0001:00000374       GetCurrentThreadId
 0001:00006594       GetCurrentThreadId
 0001:000070FC       GetCurrentTime
 0001:0004E438       GetCurrentTopOfStack
 0001:000689B8       GetCurrentUserPrivileges
 0001:00006CDC       GetCursor
 0001:000BAE58       GetCursorHeightMargin
 0001:00006CE4       GetCursorPos
 0001:00007D50       GetDataCaller
 0001:0000CE50       GetDate
 0001:0000659C       GetDateFormat
 0001:0000DB44       GetDateOrder
 0001:00006CEC       GetDC
 0001:00006CF4       GetDCEx
 0001:00006984       GetDCOrgEx
 0001:00057808       GetDebugDetail
 0001:00065884       GetDebugInfoEx
 0001:000545F0       GetDebugInfosByAddr
 0001:00053FFC       GetDebugPartialInfo
 0001:00068D9C       GetDefaultPrinter
 0001:0007D11C       GetDefFontCharSet
 0001:00006CFC       GetDesktopWindow
 0001:0000699C       GetDeviceCaps
 0001:0005D0FC       GetDialogState
 0001:000788C0       GetDIB
 0001:0000698C       GetDIBColorTable
 0001:00006994       GetDIBits
 0001:00078808       GetDIBSizes
 0001:00077AA0       GetDInColors
 0001:000065A4       GetDiskFreeSpaceA
 0002:00000178       GetDiskFreeSpaceEx
 0001:0006712C       GetDiskInfo
 0001:000688CC       GetDisplayDPI
 0001:0006762C       GetDisplayMode
 0001:00006D04       GetDlgItem
 0001:0002C938       GetDNSList
 0001:000A4BFC       GetDockAlign
 0001:00097E50       GetDockSiteAtPos
 0001:0002CB04       GetDomain
 0001:0002CC70       GetDomainName
 0001:0009817C       GetDropCtl
 0001:0006A48C       GetDump
 0001:0000319C       GetDynaMethod
 0001:0006A1CC       GetEAX
 0001:0006A224       GetEBX
 0001:0006A27C       GetECX
 0001:0006A384       GetEDI
 0001:000590B0       GetEditText
 0001:0006A2D4       GetEDX
 0001:00056570       GetEF
 0001:00049504       GetEffectiveAddress
 0001:0006A434       GetEIP
 0001:0006A708       GetEmptySection
 0001:000069A4       GetEnhMetaFileBits
 0001:000069AC       GetEnhMetaFileHeader
 0001:000069B4       GetEnhMetaFilePaletteEntries
 0001:00013FC8       GetEnumName
 0001:000140A0       GetEnumNameValue
 0001:000140EC       GetEnumValue
 0001:000065AC       GetEnvironmentVariableA
 0001:00021DF4       GetEnvVariable
 0001:0000E588       GetEraNamesAndYearOffsets
 0001:0000DBD8       GetEraYearOffset
 0001:0006A32C       GetESI
 0001:0006A3DC       GetESP
 0001:0004F180       GetESP
 0001:0002217C       GetEurekaLogDir
 0001:00056E30       GetEurekaLogModuleVersion
 0001:00066D20       GetExceptionAddress
 0001:0000EEEC       GetExceptionClass
 0001:00066D08       GetExceptionDate
 0001:00066774       GetExceptionMessage
 0001:00066D54       GetExceptionModuleName
 0001:00066E38       GetExceptionModuleVersion
 0001:0000F0D8       GetExceptionObject
 0001:00066EBC       GetExceptionType
 0001:000581EC       GetExceptMessage
 0001:000065B4       GetExitCodeProcess
 0001:000065BC       GetExitCodeThread
 0001:00016C8C       GetFieldClassTable
 0001:00036830       GetFieldValue
 0001:000065C4       GetFileAttributes
 0001:000065CC       GetFileAttributesA
 0001:0003C9C8       GetFileContents
 0001:000377C8       GetFileContents
 0001:000792D8       GetFileFormats
 0001:00000224       GetFileSize
 0001:00051094       GetFileSize
 0001:0002D91C       GetFileSize
 0001:0003D460       GetFileSize
 0001:0000021C       GetFileType
 0001:0000F348       GetFileVersion
 0001:00067D70       GetFileVersionEx
 0001:0000685C       GetFileVersionInfo
 0001:00006864       GetFileVersionInfoA
 0001:0000686C       GetFileVersionInfoSize
 0001:00006874       GetFileVersionInfoSizeA
 0001:00006D0C       GetFocus
 0001:00076394       GetFontData
 0001:00006D14       GetForegroundWindow
 0001:0000FC70       GetFormatSettings
 0001:000077FC       GetFramesCallStackDump
 0001:00067224       GetFreeDisk
 0001:000670AC       GetFreeMemory
 0001:000065D4       GetFullPathName
 0001:00065B58       GetFunctionAsm
 0001:0002ACCC       GetFunctionSize
 0001:00022B88       GetGMT
 0001:00007184       GetGValue
 0001:000065DC       GetHandleInformation
 0001:000758DC       GetHashCode
 0001:000B5EF0       GetHelpInfo
 0001:0007E784       GetHelpSystem
 0001:000B8788       GetHint
 0001:000B87C0       GetHintControl
 0001:0002A3A4       gethostbyname
 0001:0002A3AC       gethostname
 0001:000AEE50       GetHotkey
 0001:0003CCF4       GetHTTPResponse
 0001:00037E24       GetHTTPResponse
 0001:00006D1C       GetIconInfo
 0001:00029F7C       GetImageNtHeaders
 0001:00067F64       GetIndexKeyName
 0001:00068D3C       GetIniDefPrinter
 0001:0006EE70       GetIntraWebExceptionType
 0001:0004250C       GetItemRect
 0001:0005C00C       GetItemText
 0001:00006D34       GetKeyboardLayout
 0001:00006D3C       GetKeyboardLayoutList
 0001:00006D44       GetKeyboardState
 0001:00002DF8       GetKeyboardType
 0001:00006D24       GetKeyNameText
 0001:00006D2C       GetKeyState
 0001:00066CBC       GetLanguageString
 0001:00006D4C       GetLastActivePopup
 0001:000A2EC4       GetLastChildZone
 0001:000002BC       GetLastError
 0001:000065E4       GetLastError
 0001:00007F9C       GetLeakCount
 0001:000371A4       GetListDefault
 0001:00036E1C       GetListValue
 0001:0000E34C       GetLocaleChar
 0001:00066B90       GetLocaleDataA
 0001:00066B50       GetLocaleDataW
 0001:000065F4       GetLocaleInfo
 0001:000002C4       GetLocaleInfo
 0001:000065FC       GetLocaleInfoA
 0001:00006604       GetLocaleInfoW
 0001:0000E300       GetLocaleStr
 0001:000065EC       GetLocalTime
 0001:00097464       GetLongHint
 0001:0002256C       GetLongNameFromShort
 0001:00014398       GetLongStrProp
 0001:000501E0       GetMainWindow
 0001:000069BC       GetMapMode
 0001:000357D4       GetMD5
 0001:00066F60       GetMemInfo
 0001:000BBDE8       GetMemLeak
 0001:00001B40       GetMemoryManager
 0001:00006D54       GetMenu
 0001:000B5E78       GetMenuHelpContext
 0001:00006D5C       GetMenuItemCount
 0001:00006D64       GetMenuItemID
 0001:00006D6C       GetMenuItemInfo
 0001:000ABF6C       GetMenuSize
 0001:00006D74       GetMenuState
 0001:00006D7C       GetMenuString
 0001:0001493C       GetMethodProp
 0001:0002D7C0       GetModifiedDate
 0001:000224C8       GetModifiedDate
 0001:00050C5C       GetModuleDescriptionAndVersion
 0001:000002CC       GetModuleFileName
 0001:0000660C       GetModuleFileName
 0001:00006614       GetModuleFileNameA
 0001:0000661C       GetModuleHandle
 0001:000002D4       GetModuleHandle
 0001:000060F0       GetModuleHandle
 0001:00006624       GetModuleHandleA
 0001:00050A50       GetModulePath
 0001:00050B2C       GetModuleSize
 0001:00051438       GetModulesList
 0001:000512A8       GetModulesWin9X
 0001:00051144       GetModulesWinNT
 0001:00050BBC       GetModuleVer
 0001:000550EC       GetModule_ProcedureEvent
 0002:0000B534       GetMonitorInfo
 0002:0000B538       GetMonitorInfoA
 0002:0000B53C       GetMonitorInfoW
 0001:00059FC0       GetMonitorWorkAreaFromActiveWnd
 0001:00059F9C       GetMonitorWorkAreaFromWnd
 0001:00059EB4       GetMonitorWorkAreaFromWndEx
 0001:0000E3B0       GetMonthDayNames
 0001:0002CE98       GetMXBestRecord
 0001:0002CDD0       GetMXRecord
 0001:0002CF88       GetMXServerFromEmail
 0001:00067BD4       GetNetworkData
 0001:00006D84       GetNextWindow
 0001:000069C4       GetObject
 0001:00007D64       GetObjectCaller
 0001:00061400       GetOptimizedPalette
 0001:00037080       GetOptionsDefault
 0001:00008D34       GetOptionsFromExeFile
 0001:00036C1C       GetOptionsValue
 0001:000141C0       GetOrdProp
 0001:0004DE5C       GetOSBuild
 0001:00066CF0       GetOSCharset
 0001:00066CE4       GetOSLanguage
 0001:0004DA3C       GetOSType
 0001:00066B3C       GetOSUpdate
 0001:0004F134       GetOutOfMemoryCache
 0001:00060FC4       GetPaletteColors
 0001:000069CC       GetPaletteEntries
 0001:00066914       GetParameters
 0001:00001E30       GetParamStr
 0001:00006D8C       GetParent
 0001:000B1324       GetParentForm
 0001:00051F08       GetParentProcessID
 0001:0005910C       GetParentWnd
 0001:00057184       GetPassword
 0001:000069D4       GetPixel
 0001:00068EFC       GetPrinterStr
 0001:0000662C       GetPriorityClass
 0001:00006634       GetPrivateProfileStringA
 0001:0000663C       GetProcAddress
 0001:000002DC       GetProcAddress
 0001:00051D3C       GetProcessesList
 0001:0006744C       GetProcessor
 0001:00051008       GetProcessThreads
 0001:00022044       GetProfileFolder
 0001:00006644       GetProfileString
 0001:0000664C       GetProfileStringA
 0001:00006D94       GetProp
 0001:00014150       GetPropInfo
 0001:00007874       GetRawCallStackDump
 0001:00008C80       GetRawOptions
 0001:0000749C       GetReadableSize
 0001:000223E0       GetReadableSize
 0001:000548D4       GetRealFileName
 0001:000B17E4       GetRealScrollPosition
 0001:00048EAC       GetRefAddress
 0001:0004900C       GetRegName
 0001:0005316C       GetResourceData
 0001:00008C38       GetResourceData
 0001:000A7038       GetRGBColor
 0001:00007180       GetRValue
 0001:00006D9C       GetScrollInfo
 0001:00006DA4       GetScrollPos
 0001:00006DAC       GetScrollRange
 0001:00097420       GetShortHint
 0001:00014290       GetShortStrProp
 0001:00014328       GetShortStrPropAsLongStr
 0001:000534B4       GetSourceInfoByAddr
 0001:00000650       GetSpace
 0001:000006B4       GetSpaceAt
 0001:000A99B8       GetSpecialName
 0001:0006A678       GetStack
 0001:00067364       GetStartDate
 0001:000002E4       GetStartupInfo
 0001:00006654       GetStartupInfoA
 0001:0000022C       GetStdHandle
 0001:0000665C       GetStdHandle
 0001:000069DC       GetStockObject
 0001:00006664       GetStringTypeEx
 0001:000144C8       GetStrProp
 0001:00006DB4       GetSubMenu
 0001:00053CA4       GetSymbolAddr
 0001:00006DBC       GetSysColor
 0001:00006DC4       GetSysColorBrush
 0001:0000666C       GetSystemDefaultLangID
 0001:00006674       GetSystemInfo
 0001:00006DCC       GetSystemMenu
 0002:0000B524       GetSystemMetrics
 0001:00006DD4       GetSystemMetrics
 0001:000069E4       GetSystemPaletteEntries
 0001:0000667C       GetSystemTime
 0001:000675F0       GetSystemUpTime
 0001:000365D0       GetTagValue
 0001:00006684       GetTempPathA
 0001:00036A10       GetTextAreaValue
 0001:000069EC       GetTextExtentPoint32
 0001:000069F4       GetTextExtentPoint32A
 0001:00058E48       GetTextHeight
 0001:000069FC       GetTextMetrics
 0001:0005902C       GetTextWidth
 0002:0000B648       GetThemeAppProperties
 0002:0000B5B4       GetThemeBackgroundContentRect
 0002:0000B5B8       GetThemeBackgroundExtent
 0002:0000B5C8       GetThemeBackgroundRegion
 0002:0000B5EC       GetThemeBool
 0002:0000B5E0       GetThemeColor
 0002:0000B654       GetThemeDocumentationProperty
 0002:0000B5F4       GetThemeEnumValue
 0002:0000B614       GetThemeFilename
 0002:0000B5FC       GetThemeFont
 0002:0000B5F0       GetThemeInt
 0002:0000B608       GetThemeIntList
 0002:0000B604       GetThemeMargins
 0002:0000B5E4       GetThemeMetric
 0002:0000B5BC       GetThemePartSize
 0002:0000B5F8       GetThemePosition
 0002:0000B60C       GetThemePropertyOrigin
 0002:0000B600       GetThemeRect
 0002:0000B5E8       GetThemeString
 0002:0000B620       GetThemeSysBool
 0002:0000B618       GetThemeSysColor
 0002:0000B61C       GetThemeSysColorBrush
 0002:0000B628       GetThemeSysFont
 0002:0000B630       GetThemeSysInt
 0002:0000B624       GetThemeSysSize
 0002:0000B62C       GetThemeSysString
 0002:0000B5C0       GetThemeTextExtent
 0002:0000B5C4       GetThemeTextMetrics
 0001:0000668C       GetThreadContext
 0001:000596D4       GetThreadData
 0001:00006694       GetThreadLocale
 0001:000002EC       GetThreadLocale
 0001:0006EDF8       GetThreadParams
 0001:0000669C       GetThreadPriority
 0001:000066A4       GetTickCount
 0001:0000CE88       GetTime
 0001:0000611C       GetTlsSize
 0001:00006404       GetTokenInformation
 0001:000B8F68       GetTopMostWindows
 0001:0004F188       GetTopOfStack
 0001:000975B0       GetTopParent
 0001:00006DDC       GetTopWindow
 0001:000672C4       GetTotalDisk
 0001:0006702C       GetTotalMemory
 0001:00013FBC       GetTypeData
 0001:00006DE4       GetUpdateRect
 0001:00022100       GetUserApplicationsPath
 0001:00068B7C       GetUserEmail
 0001:0000640C       GetUserNameA
 0001:000719FC       GetValidMainWindow
 0001:00038040       GetValueFromIndex
 0001:000066AC       GetVersion
 0001:0000037C       GetVersion
 0001:000066B4       GetVersionEx
 0001:00051040       GetVersionNumber
 0001:00068134       GetVideoCardStr
 0001:0002A758       GetVirtualMethod
 0001:00014534       GetWideStrProp
 0001:00014418       GetWideStrPropAsLongStr
 0001:00006DEC       GetWindow
 0001:0005004C       GetWindowClassName
 0001:00006DF4       GetWindowDC
 0001:00006DFC       GetWindowLong
 0001:00050200       GetWindowName
 0001:00006A0C       GetWindowOrgEx
 0001:00006E04       GetWindowPlacement
 0001:00006E0C       GetWindowRect
 0001:000066BC       GetWindowsDirectoryA
 0001:00006E14       GetWindowText
 0001:00006E1C       GetWindowTextA
 0002:0000B63C       GetWindowTheme
 0001:00006E24       GetWindowThreadProcessId
 0001:00006E2C       GetWindowThreadProcessId
 0001:00006A04       GetWinMetaFileBits
 0001:00022FC8       GetWorkingFile
 0001:000066C4       GlobalAddAtom
 0001:000066CC       GlobalAlloc
 0001:00007118       GlobalAllocPtr
 0001:000066D4       GlobalDeleteAtom
 0001:000066DC       GlobalFindAtom
 0002:000078BC       GlobalFixupList
 0001:0001A400       GlobalFixupReferences
 0001:000066E4       GlobalFree
 0001:00007144       GlobalFreePtr
 0001:000066F4       GlobalHandle
 0001:000066EC       GlobalLock
 0001:000066FC       GlobalMemoryStatus
 0002:000078A0       GlobalNameSpace
 0001:00006704       GlobalReAlloc
 0001:00007128       GlobalReAllocPtr
 0002:0000B038       GlobalSendValues
 0001:0000670C       GlobalUnlock
[...]
 16614 0001:00071004 16615 0001:00071017 16619 0001:00071021 16626 0001:0007105D
 16628 0001:00071068 16629 0001:0007106E 16631 0001:00071076 16633 0001:00071098
 16635 0001:000710B0 16637 0001:000710BC 16641 0001:000710EF 16643 0001:00071104
 16669 0001:00071144 16670 0001:0007114A 16671 0001:00071167 16672 0001:00071171
 16677 0001:00071174 16678 0001:0007117A 16679 0001:00071197 16680 0001:000711A1
 16686 0001:000711A4 16687 0001:000711AD 16690 0001:000711D3 16691 0001:000711DD
 16692 0001:000711EB 16694 0001:00071202 16697 0001:00071211 16700 0001:00071218
 16701 0001:0007121E 16703 0001:0007124A 16704 0001:00071254 16709 0001:00071258
 16710 0001:0007125E 16711 0001:0007127B 16712 0001:00071285 16715 0001:00071288
 16716 0001:0007128E 16718 0001:000712A5 16719 0001:000712BF 16721 0001:000712CC
 16722 0001:000712D6 16731 0001:000712DC 16732 0001:000712F7 16733 0001:000712FF
 16735 0001:00071305 16736 0001:0007131E 16738 0001:00071324 16739 0001:00071336
 16742 0001:0007134D 16743 0001:00071366 16744 0001:0007136C 16746 0001:0007138B
 16747 0001:0007139A 16748 0001:000713AF 16749 0001:000713D3 16760 0001:00071420
 16761 0001:00071434 16763 0001:00071488 16777 0001:000714A0 16778 0001:000714C0
 16779 0001:000714CF 16781 0001:000714D5 16782 0001:000714E3 16784 0001:000714F9
 16785 0001:00071513 16786 0001:0007151E 16787 0001:0007152C 16788 0001:00071541
 16789 0001:00071549 16791 0001:00071555 16792 0001:00071567 16793 0001:00071575
 16795 0001:00071590 16798 0001:000715B0 16800 0001:000715E0 16802 0001:000715E8
 16803 0001:00071608 16805 0001:00071617 16806 0001:00071626 16807 0001:00071634
 16808 0001:00071642 16809 0001:00071650 16810 0001:0007165F 16811 0001:00071677
 16812 0001:0007168E 16815 0001:000716AC 16816 0001:000716D6 16818 0001:000716E3
 16819 0001:000716F2 16820 0001:00071700 16821 0001:0007171C 16822 0001:00071728
 16823 0001:00071737 16824 0001:00071745 16825 0001:00071750 16826 0001:0007175C
 16827 0001:0007176D 16829 0001:00071795 16832 0001:000717B2 16835 0001:000717C2
 16838 0001:000717DC 16841 0001:00071802 16844 0001:00071812 16845 0001:0007183D
 16853 0001:00071850 16854 0001:00071873 16857 0001:00071894 16858 0001:00071898
 16861 0001:000718AF 16862 0001:000718C8 16864 0001:000718FA 16869 0001:00071904
 16870 0001:0007190A 16871 0001:00071924 16872 0001:0007192E 16878 0001:00071934
 16879 0001:0007193B 16881 0001:0007193D 16882 0001:00071942 16883 0001:00071944
 16885 0001:00071946 16886 0001:0007194A 16887 0001:0007194F 16888 0001:00071951
 16890 0001:00071953 16891 0001:00071958 16892 0001:0007195E 16893 0001:0007195F
 16894 0001:00071965 16895 0001:00071967 16896 0001:00071969 16897 0001:0007196B
 16898 0001:00071971 16899 0001:00071973 16900 0001:00071975 16901 0001:00071977
 16902 0001:0007197C 16903 0001:0007197E 16904 0001:00071983 16905 0001:00071985
 16906 0001:00071986 16907 0001:0007198B 16908 0001:0007198C 16911 0001:00071991
 16912 0001:00071997 16917 0001:00071998 16918 0001:000719AA 16919 0001:000719CC
 16934 0001:000719D0 16935 0001:000719DA 16938 0001:000719DE 16939 0001:000719E4
 16936 0001:000719E5 16941 0001:000719F5 16944 0001:000719FC 16946 0001:00071A03
 16947 0001:00071A0F 16948 0001:00071A19 16949 0001:00071A2B 16951 0001:00071A30
 16953 0001:00071A54 16956 0001:00071A56 16959 0001:00071A64 16961 0001:00071A7D
 16964 0001:00071A86 16965 0001:00071A97 16967 0001:00071A99 16968 0001:00071AB2
 16969 0001:00071AD1 16971 0001:00071AD9 16972 0001:00071AE4 16973 0001:00071AF0
 16974 0001:00071AFE 16975 0001:00071B10 16976 0001:00071B1A 16979 0001:00071B48
 16981 0001:00071B6F 16984 0001:00071B7D 16986 0001:00071BB8 16990 0001:00071BD5
 16991 0001:00071BE0 16994 0001:00071BF4 16995 0001:00071C21 17000 0001:00071C28
 17001 0001:00071C2B 17004 0001:00071C46 17005 0001:00071C4D 17006 0001:00071C5B
 17007 0001:00071C78 17009 0001:00071C7F 17010 0001:00071C90 17011 0001:00071C99
 17012 0001:00071CA5 17014 0001:00071CBC 17016 0001:00071CCB 17020 0001:00071CD0
 17022 0001:00071CE2 17023 0001:00071CEC 17024 0001:00071CFA 17026 0001:00071D0C
 17027 0001:00071D1C 17028 0001:00071D26 17029 0001:00071D2D 17036 0001:00071D30
 17037 0001:00071D36 17039 0001:00071D3F 17041 0001:00071D47 17042 0001:00071D50
 17043 0001:00071D5A 17045 0001:00071D61 17049 0001:00071D69 17050 0001:00071D72
 17053 0001:00071D78 17054 0001:00071D7E 17056 0001:00071D87 17058 0001:00071D8C
 17059 0001:00071D95 17060 0001:00071DA2 17062 0001:00071DA9 17066 0001:00071DB1
 17067 0001:00071DBA 17071 0001:00071DC0 17072 0001:00071DC5 17076 0001:00071DC8
 17077 0001:00071DCD 17086 0001:00071DD0 17087 0001:00071DF4 17090 0001:00071E30
 17091 0001:00071E47 17092 0001:00071E4E 17096 0001:00071E5D 17097 0001:00071E74
 17101 0001:00071E83 17102 0001:00071E9A 17106 0001:00071EA9 17107 0001:00071EC0
 17111 0001:00071ECF 17112 0001:00071EE6 17116 0001:00071EF5 17117 0001:00071F0C
 17121 0001:00071F1B 17122 0001:00071F32 17123 0001:00071F4F 17127 0001:00071F56
 17128 0001:00071F6D 17132 0001:00071F79 17133 0001:00071F90 17137 0001:00071F9C
 17138 0001:00071FB3 17141 0001:00071FEC 17244 0001:00072000 17245 0001:0007201B
 17246 0001:00072029 17247 0001:00072032 17249 0001:0007203C 17250 0001:00072050
 17247 0001:00072053 17251 0001:00072073 17264 0001:0007207C 17265 0001:00072096
 17268 0001:000720A3 17270 0001:000720B1 17271 0001:000720B8 17273 0001:000720CF
 17277 0001:000720EA 17278 0001:000720F8 17279 0001:000720FF 17281 0001:00072116
 17286 0001:00072131 17287 0001:0007213F 17288 0001:00072146 17289 0001:0007214D
 17291 0001:00072159 17292 0001:00072160 17294 0001:00072171 17295 0001:0007218A
 17296 0001:00072193 17298 0001:0007219B 17301 0001:000721AC 17302 0001:000721B9
 17304 0001:000721DC 17306 0001:000721F2 17307 0001:00072203 17308 0001:00072216
 17309 0001:00072229 17310 0001:0007223A 17311 0001:00072244 17312 0001:0007224E
 17313 0001:00072258 17314 0001:00072262 17315 0001:00072271 17316 0001:00072278
 17318 0001:0007229A 17320 0001:000722A8 17321 0001:000722B1 17322 0001:000722B9
 17324 0001:000722C1 17325 0001:000722D2 17326 0001:000722E3 17327 0001:000722F4
 17328 0001:000722F9 17329 0001:0007230A 17330 0001:0007231B 17331 0001:0007232C
 17333 0001:00072340 17335 0001:00072371 17343 0001:000723E4 17344 0001:0007240B
 17346 0001:00072418 17347 0001:0007241C 17348 0001:0007242A 17350 0001:00072432
 17351 0001:0007243E 17352 0001:00072451 17355 0001:0007246B 17357 0001:00072471
 17358 0001:00072475 17360 0001:00072479 17361 0001:00072485 17364 0001:00072492
 17365 0001:00072496 17366 0001:000724B9 17367 0001:000724BF 17368 0001:000724C5
 17370 0001:000724D1 17348 0001:000724D5 17372 0001:000724DE 17373 0001:000724E7
 17374 0001:000724F0 17376 0001:0007250C 17378 0001:00072530 17380 0001:0007253F
 17388 0001:00072564 17389 0001:00072586 17391 0001:00072593 17393 0001:000725AF
 17397 0001:000725BD 17399 0001:000725C4 17402 0001:000725E3 17406 0001:00072660
 17408 0001:0007266E 17410 0001:000726A5 17413 0001:000726C4 17418 0001:000726D5
 17419 0001:000726DF 17422 0001:000726E6 17423 0001:000726F4 17424 0001:000726FB
 17425 0001:00072705 17426 0001:0007270C 17427 0001:00072716 17428 0001:0007271D
 17429 0001:00072727 17430 0001:0007272E 17431 0001:00072738 17432 0001:00072742
 17433 0001:0007274C 17434 0001:00072756 17435 0001:00072760 17436 0001:00072767
 17437 0001:00072771 17438 0001:00072778 17439 0001:00072782 17440 0001:00072789
 17441 0001:00072793 17442 0001:0007279A 17443 0001:000727A4 17444 0001:000727AB
 17445 0001:000727B5 17446 0001:000727BC 17447 0001:000727C6 17448 0001:000727CD
 17449 0001:000727D7 17450 0001:000727DE 17451 0001:000727E8 17452 0001:000727EF
 17453 0001:000727FA 17454 0001:00072809 17457 0001:0007280E 17458 0001:00072817
 17461 0001:00072820 17462 0001:0007282A 17463 0001:00072834 17464 0001:0007283E
 17465 0001:00072848 17466 0001:00072852 17467 0001:0007285C 17468 0001:00072866
 17469 0001:00072870 17470 0001:0007287A 17471 0001:00072884 17472 0001:0007288E
 17473 0001:00072898 17474 0001:000728A2 17475 0001:000728AC 17476 0001:000728B6
 17477 0001:000728C0 17478 0001:000728CA 17479 0001:000728D4 17480 0001:000728DE
 17481 0001:000728E8 17482 0001:000728F2 17483 0001:000728FC 17484 0001:00072906
 17485 0001:00072910 17486 0001:0007291A 17487 0001:00072924 17488 0001:0007292E
 17489 0001:00072938 17490 0001:00072942 17491 0001:0007294C 17493 0001:00072951
 17496 0001:0007296A 17501 0001:00072985 17503 0001:00072993 17504 0001:0007299A
 17506 0001:000729B1 17510 0001:000729CC 17511 0001:000729DA 17512 0001:000729E1
 17514 0001:000729F8 17519 0001:00072A35 17523 0001:00072AEC 17524 0001:00072B03
 17528 0001:00072B04 17529 0001:00072B1B 17536 0001:00072B1C 17537 0001:00072B26
 17540 0001:00072B28 17542 0001:00072B3B 17543 0001:00072B46 17544 0001:00072B51
 17547 0001:00072B5C 17548 0001:00072B67 17551 0001:00072B72 17552 0001:00072B8E
 17553 0001:00072BB6 17569 0001:00072BBC 17570 0001:00072BD9 17571 0001:00072BE0
 17572 0001:00072BE2 17573 0001:00072BF6 17574 0001:00072BFD 17576 0001:00072C01
 17578 0001:00072C17 17580 0001:00072C1E 17582 0001:00072C2C 17584 0001:00072C30
 17585 0001:00072C5F 17588 0001:00072C64 17589 0001:00072C88 17590 0001:00072C94
 17591 0001:00072CA4 17592 0001:00072CCA 17605 0001:00072CD4 17606 0001:00072CD8
 17607 0001:00072CDE 17611 0001:00072CE4 17612 0001:00072CEB 17613 0001:00072CF0
 17618 0001:00072CF4 17619 0001:00072CFB 17621 0001:00072D18 17623 0001:00072D1D
 17625 0001:00072D22 17626 0001:00072D23 17627 0001:00072D26 17629 0001:00072D29
 17630 0001:00072D39 17635 0001:00072D40 17636 0001:00072D47 17641 0001:00072D75
 17643 0001:00072D7A 17644 0001:00072D7B 17645 0001:00072D7E 17647 0001:00072D81
 17648 0001:00072D91 17653 0001:00072D98 17654 0001:00072D9E 17655 0001:00072DAD
 17656 0001:00072DBB 17658 0001:00072DE0 17660 0001:00072DF3 17665 0001:00072DF8
 17666 0001:00072DFF 17668 0001:00072E1C 17670 0001:00072E21 17672 0001:00072E26
 17673 0001:00072E27 17674 0001:00072E2A 17676 0001:00072E2D 17677 0001:00072E3D
 17689 0001:00072E44 17690 0001:00072E50 17693 0001:00072E58 17694 0001:00072E67
 17695 0001:00072E75 17696 0001:00072E7F 17697 0001:00072E8E 17699 0001:00072E99
 17700 0001:00072EA3 17701 0001:00072EB2 17703 0001:00072EBD 17704 0001:00072EC7
 17705 0001:00072ED6 17707 0001:00072EE1 17710 0001:00072EEE 17714 0001:00072EFA
 17715 0001:00072F0F 17716 0001:00072F19 17707 0001:00072F1A 17718 0001:00072F1D
 17721 0001:00072F2A 17722 0001:00072F47 17723 0001:00072F5B 17718 0001:00072F5C
 17725 0001:00072F6C 17727 0001:00072F7C 17737 0001:00072F84 17739 0001:00072F87
 17740 0001:00072F8D 17743 0001:00072F94 17745 0001:00072FA7 17746 0001:00072FBD
 17747 0001:00072FCA 17748 0001:00072FE5 17752 0001:00072FFA 17753 0001:00073007
 17757 0001:0007300C 17758 0001:00073013 17759 0001:00073019 17761 0001:0007301C
 17762 0001:00073027 17764 0001:0007302E 17765 0001:00073035 17766 0001:00073045
 17768 0001:00073051 17769 0001:00073056 17771 0001:00073071 17772 0001:00073083
 17774 0001:00073090 17775 0001:00073097 17776 0001:000730A8 17778 0001:000730B5
 17779 0001:000730BA 17781 0001:000730D6 17783 0001:000730E4 17793 0001:000730EC
 17794 0001:00073107 17795 0001:00073114 17796 0001:00073130 17797 0001:0007317D
 17799 0001:000731CC 17801 0001:000731EA 17812 0001:00073205 17822 0001:00073220
 17832 0001:0007322D 17835 0001:0007323E 17842 0001:0007324F 17846 0001:0007326A
 17852 0001:00073285 17855 0001:0007328A 17859 0001:000732AA 17868 0001:000732CA
 17869 0001:000732CB 17871 0001:000732D5 17876 0001:000732F5 17885 0001:00073310
 17890 0001:0007332B 17891 0001:00073334 17896 0001:0007334F 17898 0001:0007335D
 17901 0001:0007339A 17905 0001:00073660 17906 0001:0007367A 17909 0001:0007367C
 17910 0001:0007367F 17911 0001:00073690 17914 0001:00073694 17918 0001:00073697
 17920 0001:0007369E 17949 0001:000736A0 17950 0001:000736A3 17952 0001:000736AA
 17957 0001:000736AC 17958 0001:000736B4 17960 0001:000736C3 17961 0001:000736C8
 17963 0001:000736D5 17966 0001:000736FD 17967 0001:00073710 17969 0001:00073712
 17961 0001:00073713 17970 0001:00073716 17981 0001:0007371C 17982 0001:00073723
 17983 0001:00073736 17984 0001:00073744 17986 0001:0007375B 17988 0001:0007376B
 17990 0001:00073770 17991 0001:0007378D 17992 0001:00073791 17994 0001:000737AE
 17995 0001:000737BD 17996 0001:000737CB 17997 0001:000737E3 17999 0001:000737F7
 18000 0001:0007380A 18001 0001:00073810 18002 0001:00073818 18003 0001:0007382C
 18005 0001:0007383F 18007 0001:00073874 18009 0001:0007387C 18010 0001:0007389B
 18011 0001:000738B9 18013 0001:000738C3 18015 0001:000738CE 18018 0001:000738F8
 18029 0001:00073915 18031 0001:0007391C 18033 0001:00073923 18034 0001:0007392A
 18035 0001:00073931 18036 0001:00073938 18038 0001:0007394D 18042 0001:00073954
 18043 0001:0007395B 18044 0001:00073962 18045 0001:00073969 18046 0001:00073970
 18047 0001:00073977 18048 0001:0007397E 18049 0001:00073985 18050 0001:0007398C
 18051 0001:000739A3 18052 0001:000739BA 18053 0001:000739C1 18054 0001:000739CB
 18055 0001:000739D2 18056 0001:000739E1 18057 0001:000739E8 18058 0001:000739F9
 18059 0001:00073A03 18061 0001:00073A0A 18062 0001:00073A14 18063 0001:00073A1E
 18065 0001:00073A28 18067 0001:00073A2D 18070 0001:00073A36 18073 0001:00073A3B
 18075 0001:00073A49 18076 0001:00073A50 18080 0001:00073A55 18081 0001:00073A66
 18083 0001:00073A77 18084 0001:00073A90 18085 0001:00073A99 18087 0001:00073AA1
 18125 0001:00073AB4 18127 0001:00073AB9 18128 0001:00073ACA 18129 0001:00073ADB
 18130 0001:00073AEC 18131 0001:00073AFD 18137 0001:00073B0E 18138 0001:00073B15
 18139 0001:00073B21 18140 0001:00073B28 18141 0001:00073B2F 18142 0001:00073B39
 18143 0001:00073B40 18144 0001:00073B47 18147 0001:00073B69 18148 0001:00073B7C
 18150 0001:00073B8A 18151 0001:00073B93 18152 0001:00073B9B 18155 0001:00073BA3
 18156 0001:00073BA8 18157 0001:00073BB2 18158 0001:00073BBC 18160 0001:00073BCD
 18161 0001:00073BDE 18162 0001:00073BE3 18163 0001:00073BEA 18164 0001:00073BF4
 18165 0001:00073BFB 18166 0001:00073C02 18167 0001:00073C09 18168 0001:00073C10
 18169 0001:00073C17 18171 0001:00073C1E 18172 0001:00073C25 18173 0001:00073C2C
 18175 0001:00073C33 18177 0001:00073C3A 18180 0001:00073C42 18182 0001:00073C4C
 18184 0001:00073C66 18185 0001:00073C72 18186 0001:00073C7D 18187 0001:00073C89
 18189 0001:00073C94 18192 0001:00073C99 18198 0001:00073CE6 18204 0001:00073D33
 18210 0001:00073D80 18211 0001:00073D95 18213 0001:00073D9E 18227 0001:00073DB7
 18233 0001:00073E04 18239 0001:00073E51 18245 0001:00073E9E 18247 0001:00073EAC
 18249 0001:00073EBA 18251 0001:00073EC8 18252 0001:00073ECD 18256 0001:00073EF7
 18258 0001:00073F04 18261 0001:00073F18 18262 0001:00073F49 18266 0001:00073F85
 18270 0001:00073F8C 18272 0001:00073F95 18273 0001:00073F9A 18277 0001:00073FC9
 18284 0001:0007409C 18285 0001:000740B5 18286 0001:000740C3 18288 0001:000740D6
 18289 0001:000740E0 18291 0001:000740EA 18292 0001:000740FD 18294 0001:00074104
 18295 0001:0007410E 18296 0001:00074115 18297 0001:0007411F 18298 0001:00074126
 18299 0001:00074130 18300 0001:00074137 18301 0001:00074141 18302 0001:00074148
 18303 0001:00074152 18305 0001:00074159 18306 0001:0007415E 18308 0001:00074169
 18310 0001:0007417B 18311 0001:00074188 18313 0001:00074195 18315 0001:0007419E
 18316 0001:000741B1 18321 0001:000741B8 18322 0001:000741C1 18324 0001:000741D0
 18325 0001:000741DA 18326 0001:000741E1 18327 0001:000741EB 18328 0001:000741F2
 18329 0001:000741FC 18331 0001:00074203 18332 0001:0007420D 18333 0001:00074217
 18334 0001:00074221 18335 0001:0007422B 18338 0001:00074232 18340 0001:0007423B
 18341 0001:00074248 18342 0001:00074257 18345 0001:0007426D 18346 0001:00074277
 18347 0001:0007427E 18348 0001:00074288 18349 0001:0007428F 18350 0001:00074299
 18352 0001:000742A0 18353 0001:000742AF 18360 0001:000742B6 18362 0001:000742BF
 18363 0001:000742CA 18364 0001:000742D4 18365 0001:000742DE 18373 0001:000742E5
 18374 0001:000742EA 18376 0001:000742FE 18377 0001:00074308 18378 0001:0007430F
 18380 0001:0007433E 18412 0001:00074344 18422 0001:00074358 18423 0001:00074384
 18425 0001:000744EA 18416 0001:00074508 18417 0001:0007452C 18418 0001:0007453B
 18419 0001:00074540 18421 0001:0007455F

Line numbers for MainForm(MainForm.pas) segment .text

   115 0001:000BBADC   116 0001:000BBAE2   117 0001:000BBAE4   118 0001:000BBAF2
   120 0001:000BBB14   122 0001:000BBB20   124 0001:000BBB28   127 0001:000BBB2E
   128 0001:000BBB31   129 0001:000BBB39   131 0001:000BBB3E   132 0001:000BBB4F
   137 0001:000BBB54   138 0001:000BBB77   139 0001:000BBB86   140 0001:000BBB94
   141 0001:000BBBB0   142 0001:000BBBBC   144 0001:000BBBD3   146 0001:000BBC00
   152 0001:000BBC08   153 0001:000BBC0D   158 0001:000BBC10   159 0001:000BBC13
   160 0001:000BBC15   161 0001:000BBC1A   162 0001:000BBC23   165 0001:000BBC28
   166 0001:000BBC2B   167 0001:000BBC50   170 0001:000BBC68   171 0001:000BBC6B
   172 0001:000BBC81   177 0001:000BBCA0   178 0001:000BBCA4   179 0001:000BBCB3
   180 0001:000BBCC1   182 0001:000BBCE1   184 0001:000BBCF1   196 0001:000BBCF4
   197 0001:000BBCF7   198 0001:000BBD05   199 0001:000BBD09   200 0001:000BBD0E
   206 0001:000BBD10   207 0001:000BBD16   208 0001:000BBD22   210 0001:000BBD26
   211 0001:000BBD36   213 0001:000BBD3F   217 0001:000BBD54   219 0001:000BBD67
   224 0001:000BBDE4   225 0001:000BBDE6   230 0001:000BBDE8   231 0001:000BBDEB
   232 0001:000BBDF5   233 0001:000BBDFE   238 0001:000BBE00   239 0001:000BBE03
   240 0001:000BBE0F   241 0001:000BBE18   246 0001:000BBE1C   247 0001:000BBE1F
   248 0001:000BBE2D   249 0001:000BBE36   252 0001:000BBE38   253 0001:000BBE3B
   254 0001:000BBE73   255 0001:000BBE7A   256 0001:000BBE81   257 0001:000BBE88
   258 0001:000BBE8F   259 0001:000BBE96   260 0001:000BBE9D   261 0001:000BBEA4
   262 0001:000BBEAB   263 0001:000BBEB2   264 0001:000BBEB9   266 0001:000BBEBE
   269 0001:000BBEC0   270 0001:000BBEC3   271 0001:000BBEC8   274 0001:000BBECC
   275 0001:000BBECF   276 0001:000BBED4   281 0001:000BBED8   282 0001:000BBEDB
   283 0001:000BBEE0   290 0001:000BBEE4   291 0001:000BBEFE   293 0001:000BBF00
   294 0001:000BBF26   295 0001:000BBF3E   296 0001:000BBF70   301 0001:000BBF84
   302 0001:000BBF8A   303 0001:000BBFB1   306 0001:000BBFCC   308 0001:000BBFE1
   311 0001:000BBFF9   312 0001:000BC01C   317 0001:000BC02E   321 0001:000BC03A
   324 0001:000BC052   325 0001:000BC075   330 0001:000BC087   332 0001:000BC0B5
   334 0001:000BC0BC   335 0001:000BC0D6   337 0001:000BC0EB   340 0001:000BC108
   341 0001:000BC11E   345 0001:000BC120   347 0001:000BC135   350 0001:000BC157
   351 0001:000BC16D   355 0001:000BC16F   357 0001:000BC176   358 0001:000BC1B0
   363 0001:000BC1FC   365 0001:000BC203   366 0001:000BC213   368 0001:000BC223
   369 0001:000BC238   370 0001:000BC24E   371 0001:000BC264   372 0001:000BC272
   373 0001:000BC27B   374 0001:000BC284   375 0001:000BC297   376 0001:000BC29E
   377 0001:000BC2A7   380 0001:000BC600   381 0001:000BC606   383 0001:000BC61A
   384 0001:000BC62D   390 0001:000BC630   391 0001:000BC64A   392 0001:000BC669
   393 0001:000BC67D   394 0001:000BC696   395 0001:000BC6A5   396 0001:000BC6B3
   397 0001:000BC6C1   398 0001:000BC6D6   399 0001:000BC6E7   401 0001:000BC708
   403 0001:000BC73D   406 0001:000BC750   407 0001:000BC756   408 0001:000BC771
   409 0001:000BC78C   415 0001:000BC790   416 0001:000BC7A4   417 0001:000BC7CE
   420 0001:000BC7D4   421 0001:000BC7DA   422 0001:000BC7F5   423 0001:000BC810
   425 0001:000BC844   425 0001:000BC84B

Line numbers for GUI(C:\Works\Sync Folder\Sources\EurekaLog 6\Delphi Demos\GUI\GUI.dpr) segment .text

    10 0001:000BCAF4    11 0001:000BCB04    12 0001:000BCB10    13 0001:000BCB21
    14 0001:000BCB39    15 0001:000BCB45

Bound resource files

..\..\Dialog.res
Buttons.res
ExtDlgs.res
Controls.res
MainForm.dfm
Images.res
WinXP.res
GUI.res
C:\DOCUME~1\ADMINI~1\LOCALS~1\Temp\dtf5D5.tmp


Program entry point at 0001:000BCAF4
