
 Start         Length     Name                   Class
 0001:00000000 0006C4ACH .text                   CODE
 0002:00000000 00005790H .data                   DATA
 0002:00005790 000044A1H .bss                    BSS


Detailed map of segments

 0001:00000000 00005C07 C=CODE     S=.text    G=(none)   M=System   ACBP=A9
 0001:00005C08 000001CC C=CODE     S=.text    G=(none)   M=SysInit  ACBP=A9
 0001:00005DD4 00000054 C=CODE     S=.text    G=(none)   M=Types    ACBP=A9
 0001:00005E28 00000858 C=CODE     S=.text    G=(none)   M=Windows  ACBP=A9
 0001:00006680 0000202F C=CODE     S=.text    G=(none)   M=ELeaks   ACBP=A9
 0001:000086B0 00000338 C=CODE     S=.text    G=(none)   M=SysConst ACBP=A9
 0001:000089E8 00006E50 C=CODE     S=.text    G=(none)   M=SysUtils ACBP=A9
 0001:0000F838 00000038 C=CODE     S=.text    G=(none)   M=Messages ACBP=A9
 0001:0000F870 000007FB C=CODE     S=.text    G=(none)   M=VarUtils ACBP=A9
 0001:0001006C 0000280E C=CODE     S=.text    G=(none)   M=Variants ACBP=A9
 0001:0001287C 000000B8 C=CODE     S=.text    G=(none)   M=RTLConsts ACBP=A9
 0001:00012934 00000504 C=CODE     S=.text    G=(none)   M=TypInfo  ACBP=A9
 0001:00012E38 00000038 C=CODE     S=.text    G=(none)   M=ActiveX  ACBP=A9
 0001:00012E70 00004496 C=CODE     S=.text    G=(none)   M=Classes  ACBP=A9
 0001:00017308 00000038 C=CODE     S=.text    G=(none)   M=ETypes   ACBP=A9
 0001:00017340 00002944 C=CODE     S=.text    G=(none)   M=EConsts  ACBP=A9
 0001:00019C84 00004598 C=CODE     S=.text    G=(none)   M=ECore    ACBP=A9
 0001:0001E21C 000047B0 C=CODE     S=.text    G=(none)   M=EDebug   ACBP=A9
 0001:000229CC 00000040 C=CODE     S=.text    G=(none)   M=ShellAPI ACBP=A9
 0001:00022A0C 000000A0 C=CODE     S=.text    G=(none)   M=WinSock  ACBP=A9
 0001:00022AAC 00001688 C=CODE     S=.text    G=(none)   M=EHook    ACBP=A9
 0001:00024134 000000E8 C=CODE     S=.text    G=(none)   M=ELang    ACBP=A9
 0001:0002421C 000016BC C=CODE     S=.text    G=(none)   M=ESockets ACBP=A9
 0001:000258D8 00007BD8 C=CODE     S=.text    G=(none)   M=EZlib2   ACBP=A9
 0001:0002D4B0 00000B04 C=CODE     S=.text    G=(none)   M=EHash    ACBP=A9
 0001:0002DFB4 00000360 C=CODE     S=.text    G=(none)   M=EEncrypt ACBP=A9
 0001:0002E314 000002DC C=CODE     S=.text    G=(none)   M=EBase64  ACBP=A9
 0001:0002E5F0 00000154 C=CODE     S=.text    G=(none)   M=EZip     ACBP=A9
 0001:0002E744 00007A1C C=CODE     S=.text    G=(none)   M=EWebTools ACBP=A9
 0001:00036160 000005A8 C=CODE     S=.text    G=(none)   M=EXMLBuilder ACBP=A9
 0001:00036708 000043FC C=CODE     S=.text    G=(none)   M=ELogManager ACBP=A9
 0001:0003AB04 000012F4 C=CODE     S=.text    G=(none)   M=EListView ACBP=A9
 0001:0003BDF8 00007434 C=CODE     S=.text    G=(none)   M=EDisAsm  ACBP=A9
 0001:0004322C 000290F4 C=CODE     S=.text    G=(none)   M=ExceptionLog ACBP=A9
 0001:0006C320 00000189 C=CODE     S=.text    G=(none)   M=DLL      ACBP=A9
 0002:00000000 000000A4 C=DATA     S=.data    G=DGROUP   M=System   ACBP=A9
 0002:000000A4 00000030 C=DATA     S=.data    G=DGROUP   M=SysInit  ACBP=A9
 0002:000000D4 00000014 C=DATA     S=.data    G=DGROUP   M=ELeaks   ACBP=A9
 0002:000000E8 00000250 C=DATA     S=.data    G=DGROUP   M=SysUtils ACBP=A9
 0002:00000338 00000008 C=DATA     S=.data    G=DGROUP   M=VarUtils ACBP=A9
 0002:00000340 00000076 C=DATA     S=.data    G=DGROUP   M=Variants ACBP=A9
 0002:000003B8 0000000C C=DATA     S=.data    G=DGROUP   M=TypInfo  ACBP=A9
 0002:000003C4 00000028 C=DATA     S=.data    G=DGROUP   M=Classes  ACBP=A9
 0002:000003EC 00000908 C=DATA     S=.data    G=DGROUP   M=EConsts  ACBP=A9
 0002:00000CF4 00000044 C=DATA     S=.data    G=DGROUP   M=ECore    ACBP=A9
 0002:00000D38 0000004C C=DATA     S=.data    G=DGROUP   M=EDebug   ACBP=A9
 0002:00000D84 000001A0 C=DATA     S=.data    G=DGROUP   M=EHook    ACBP=A9
 0002:00000F24 00000001 C=DATA     S=.data    G=DGROUP   M=ESockets ACBP=A9
 0002:00000F28 00000E5C C=DATA     S=.data    G=DGROUP   M=EZlib2   ACBP=A9
 0002:00001D84 00000212 C=DATA     S=.data    G=DGROUP   M=EHash    ACBP=A9
 0002:00001F98 000000C0 C=DATA     S=.data    G=DGROUP   M=EBase64  ACBP=A9
 0002:00002058 00001C14 C=DATA     S=.data    G=DGROUP   M=EWebTools ACBP=A9
 0002:00003C6C 00000020 C=DATA     S=.data    G=DGROUP   M=EXMLBuilder ACBP=A9
 0002:00003C8C 00000024 C=DATA     S=.data    G=DGROUP   M=ELogManager ACBP=A9
 0002:00003CB0 000012D5 C=DATA     S=.data    G=DGROUP   M=EDisAsm  ACBP=A9
 0002:00004F88 0000059C C=DATA     S=.data    G=DGROUP   M=ExceptionLog ACBP=A9
 0002:00006000 00000660 C=BSS      S=.bss     G=DGROUP   M=System   ACBP=A9
 0002:00006660 00000014 C=BSS      S=.bss     G=DGROUP   M=SysInit  ACBP=A9
 0002:00006674 00000004 C=BSS      S=.bss     G=DGROUP   M=Types    ACBP=A9
 0002:00006678 00000004 C=BSS      S=.bss     G=DGROUP   M=Windows  ACBP=A9
 0002:0000667C 00000054 C=BSS      S=.bss     G=DGROUP   M=ELeaks   ACBP=A9
 0002:000066D0 00000004 C=BSS      S=.bss     G=DGROUP   M=SysConst ACBP=A9
 0002:000066D4 00000120 C=BSS      S=.bss     G=DGROUP   M=SysUtils ACBP=A9
 0002:000067F4 00000004 C=BSS      S=.bss     G=DGROUP   M=Messages ACBP=A9
 0002:000067F8 0000005C C=BSS      S=.bss     G=DGROUP   M=VarUtils ACBP=A9
 0002:00006854 00000040 C=BSS      S=.bss     G=DGROUP   M=Variants ACBP=A9
 0002:00006894 00000004 C=BSS      S=.bss     G=DGROUP   M=RTLConsts ACBP=A9
 0002:00006898 00000004 C=BSS      S=.bss     G=DGROUP   M=TypInfo  ACBP=A9
 0002:0000689C 00000004 C=BSS      S=.bss     G=DGROUP   M=ActiveX  ACBP=A9
 0002:000068A0 00000038 C=BSS      S=.bss     G=DGROUP   M=Classes  ACBP=A9
 0002:000068D8 00000004 C=BSS      S=.bss     G=DGROUP   M=ETypes   ACBP=A9
 0002:000068DC 00000004 C=BSS      S=.bss     G=DGROUP   M=EConsts  ACBP=A9
 0002:000068E0 00000009 C=BSS      S=.bss     G=DGROUP   M=ECore    ACBP=A9
 0002:000068EC 00000004 C=BSS      S=.bss     G=DGROUP   M=EDebug   ACBP=A9
 0002:000068F0 00000004 C=BSS      S=.bss     G=DGROUP   M=ShellAPI ACBP=A9
 0002:000068F4 00000004 C=BSS      S=.bss     G=DGROUP   M=WinSock  ACBP=A9
 0002:000068F8 00000010 C=BSS      S=.bss     G=DGROUP   M=EHook    ACBP=A9
 0002:00006908 00000004 C=BSS      S=.bss     G=DGROUP   M=ELang    ACBP=A9
 0002:0000690C 00000004 C=BSS      S=.bss     G=DGROUP   M=ESockets ACBP=A9
 0002:00006910 00002894 C=BSS      S=.bss     G=DGROUP   M=EZlib2   ACBP=A9
 0002:000091A4 00000404 C=BSS      S=.bss     G=DGROUP   M=EHash    ACBP=A9
 0002:000095A8 0000001C C=BSS      S=.bss     G=DGROUP   M=EEncrypt ACBP=A9
 0002:000095C4 00000004 C=BSS      S=.bss     G=DGROUP   M=EBase64  ACBP=A9
 0002:000095C8 00000004 C=BSS      S=.bss     G=DGROUP   M=EZip     ACBP=A9
 0002:000095CC 00000048 C=BSS      S=.bss     G=DGROUP   M=EWebTools ACBP=A9
 0002:00009614 00000004 C=BSS      S=.bss     G=DGROUP   M=EXMLBuilder ACBP=A9
 0002:00009618 00000004 C=BSS      S=.bss     G=DGROUP   M=ELogManager ACBP=A9
 0002:0000961C 00000004 C=BSS      S=.bss     G=DGROUP   M=EListView ACBP=A9
 0002:00009620 00000004 C=BSS      S=.bss     G=DGROUP   M=EDisAsm  ACBP=A9
 0002:00009624 00000E7C C=BSS      S=.bss     G=DGROUP   M=ExceptionLog ACBP=A9


  Address         Publics by Name

 0001:0002B634       ..
 0002:000011EC       ..
 0002:00008918       ..
 0002:0000102C       ..
 0002:00000FD8       ..
 0002:00006918       ..
 0002:00000FC0       ..
 0001:00027BCC       ..
 0002:00000FB8       ..
 0001:00027B04       ..
 0002:00000FAC       ..
 0001:000276F8       ..
 0002:00000F50       ..
 0001:000261E4       ..
 0002:00001318       ..
 0002:0000107C       ..
 0002:000068EC       .03
 0002:00006908       .1
 0002:00006674       .1
 0002:000067F4       .1
 0002:000068F8       .1
 0002:000068F4       .1
 0002:000068F0       .1
 0002:00006894       .1
 0002:000095A8       .1
 0002:00006694       .1
 0002:0000666C       .1
 0002:000095C4       .1
 0002:000068D8       .1
 0002:000066D0       .1
 0002:000091A4       .1
 0002:00006910       .2
 0002:0000961C       .2
 0002:00009620       .2
 0002:00009648       .21
 0002:0000689C       .3
 0002:00009618       .3
 0002:00009614       .3
 0002:000095C8       .3
 0002:00006678       .3
 0002:000067E4       .35
 0002:000068E4       .4
 0002:0000690C       .4
 0002:000068A8       .45
 0002:00006850       .5
 0002:000065B8       .5
 0002:000068DC       .5
 0002:00006898       .6
 0002:000095CC       .7
 0002:00006874       .81
 0001:00001FF4       @AbstractError
 0001:00004644       @AddRefArray
 0001:000045FC       @AddRefRecord
 0001:00002E38       @AfterConstruction
 0001:00002D1C       @AsClass
 0001:0000395C       @Assert
 0001:000023DC       @AStrCmp
 0001:00002E48       @BeforeDestruction
 0001:00002D68       @CallDynaInst
 0001:00005644       @CheckAutoResult
 0001:00002DE0       @ClassCreate
 0001:00002E30       @ClassDestroy
 0001:0000232C       @Close
 0001:00001C28       @Copy
 0001:00004838       @CopyArray
 0001:0000471C       @CopyRecord
 0001:00028578       @deflateInit2_
 0001:00004950       @DispCallByIDError
 0001:00010B0C       @DispInvokeError
 0001:00004940       @Dispose
 0001:00003388       @DoneExcept
 0001:00004E68       @DynArrayAddRef
 0001:00004E40       @DynArrayAsg
 0001:00004E04       @DynArrayClear
 0001:00004C24       @DynArrayHigh
 0001:00004C1C       @DynArrayLength
 0001:00004DF8       @DynArraySetLength
 0001:00003470       @ExceptionHandler
 0001:0000244C       @FillChar
 0001:000277C4       @fill_fopen_filefunc
 0001:000045F0       @Finalize
 0001:00004504       @FinalizeArray
 0001:000044B8       @FinalizeRecord
 0001:00002320       @Flush
 0001:00002AC0       @FpuInit
 0001:000029FC       @FpuMaskInit
 0001:00001A4C       @FreeMem
 0001:00001A1C       @GetMem
 0001:00005D08       @GetTls
 0001:00027CFC       @get_crc_table
 0001:00003944       @Halt
 0001:00003864       @Halt0
 0001:00002F5C       @HandleAnyException
 0001:00003248       @HandleAutoException
 0001:00003210       @HandleFinally
 0001:00003088       @HandleOnException
 0001:00029C6C       @inflateInit2_
 0001:000296B4       @inflate_fast
 0001:0002B1C4       @inflate_table
 0001:000044AC       @Initialize
 0001:00004418       @InitializeArray
 0001:000043E8       @InitializeRecord
 0001:00003728       @InitImports
 0001:00005D54       @InitLib
 0001:00003700       @InitResStringImports
 0001:00001CE4       @Insert
 0001:000055A8       @IntfAddRef
 0001:00005564       @IntfClear
 0001:0000557C       @IntfCopy
 0001:00002CF8       @IsClass
 0001:000029CC       @isNECWindows
 0001:00001C6C       @LGetDir
 0001:00003ECC       @LStrAddRef
 0001:00003A24       @LStrArrayClr
 0001:00003A54       @LStrAsg
 0001:00003CE4       @LStrCat
 0001:00003D28       @LStrCat3
 0001:00003D9C       @LStrCatN
 0001:00003A00       @LStrClr
 0001:00003E28       @LStrCmp
 0001:00003F3C       @LStrCopy
 0001:00003F7C       @LStrDelete
 0001:00003C70       @LStrFromArray
 0001:00003BE8       @LStrFromChar
 0001:00003BF8       @LStrFromPChar
 0001:00003AF0       @LStrFromPCharLen
 0001:00003C28       @LStrFromPWChar
 0001:00003B5C       @LStrFromPWCharLen
 0001:00003C64       @LStrFromString
 0001:00003C88       @LStrFromWArray
 0001:00003CA4       @LStrFromWStr
 0001:00003FC4       @LStrInsert
 0001:00003A98       @LStrLAsg
 0001:00003CDC       @LStrLen
 0001:00004020       @LStrPos
 0001:00004068       @LStrSetLength
 0001:00003EDC       @LStrToPChar
 0001:00003CB8       @LStrToString
 0001:0000492C       @New
 0001:00003AC4       @NewAnsiString
 0001:00004110       @NewWideString
 0001:00001F74       @Pos
 0001:000026E0       @Pow10
 0001:000023B4       @PStrCpy
 0001:00002384       @PStrNCat
 0001:000023C0       @PStrNCpy
 0001:00003334       @RaiseAgain
 0001:0000330C       @RaiseExcept
 0001:0000246C       @RandInt
 0001:00001A6C       @ReallocMem
 0001:00002068       @RewritText
 0001:00001FC4       @ROUND
 0001:00003950       @RunError
 0001:000026C4       @SetEq
 0001:00001FB4       @SetLength
 0001:00003638       @StartLib
 0001:00000288       @strlen
 0001:00001FD0       @TRUNC
 0001:000033B8       @TryFinallyExit
 0001:00003F34       @UniqueStringA
 0001:000049F8       @ValInt64
 0001:00002488       @ValLong
 0001:0000462C       @VarAddRef
 0001:000120C0       @VarAddRef
 0001:00010DE4       @VarClear
 0001:00010DF8       @VarClr
 0001:000044EC       @VarClr
 0001:00011120       @VarCopy
 0001:00004704       @VarCopy
 0001:0001144C       @VarToLStr
 0001:00011B6C       @VarToWStr
 0001:000040CC       @Write0LString
 0001:000025A0       @WriteBytes
 0001:00002670       @WriteLn
 0001:000040E8       @WriteLString
 0001:000025F4       @WriteSpaces
 0001:000043C8       @WStrAddRef
 0001:00004150       @WStrArrayClr
 0001:00004174       @WStrAsg
 0001:00004138       @WStrClr
 0001:000042B0       @WStrCmp
 0001:00004334       @WStrCopy
 0001:00004284       @WStrFromLStr
 0001:00004198       @WStrFromPCharLen
 0001:00004248       @WStrFromPWChar
 0001:00004224       @WStrFromPWCharLen
 0001:000042A4       @WStrLen
 0001:00004380       @WStrSetLength
 0001:00004294       @WStrToPWChar
 0001:00001BF8       @_IOTest
 0001:0000497C       @_llmod
 0001:00004958       @_llmul
 0001:0002C834       @_tr_align
 0001:0002CB00       @_tr_flush_block
 0001:0002B638       @_tr_init
 0001:0002C778       @_tr_stored_block
 0001:0000D998       Abort
 0002:00009779       AbortOperation
 0001:0000DD1C       AbstractErrorHandler
 0002:0000602C       AbstractErrorProc
 0002:00000168       AccessMode
 0001:0005E248       AccessViolationModuleInLongFormat
 0001:00001B40       AcquireExceptionObject
 0001:00054F70       ActicatePage
 0002:000097C0       ActivateEurekaLog
 0001:00012E68       ActiveX
 0001:00030078       AddAuthenticationToURL
 0001:000003F0       AddBlockAfter
 0001:00064B2C       AddCallerCallStack
 0001:00058E80       AddColor
 0001:00050A34       AddCustomHeadersToLog
 0001:000508D8       AddCustomHeaderToLog
 0001:00024FB4       AddDNS
 0002:00006690       AddLeak
 0001:0004F548       AddModule
 0001:0004F444       AddModuleFromFileName
 0001:000053CC       AddModuleUnloadProc
 0001:000053BC       AddModuleUnloadProc
 0001:00049414       AddNewProcess
 0001:000497E4       AddNewProcessEx
 0001:000230B0       AddrSize
 0001:0005D534       AddStr
 0001:00016A44       AddThread
 0001:0004F5E8       AddToStack
 0001:00037F44       AddValueField
 0001:00025FF8       AddZipFile
 0001:00054EC0       AdjustDialog
 0001:00052344       AdjustFlatStyle
 0001:000277FC       adler32
 0001:00059A6C       AfterScreenshot
 0001:00059788       AfterScreenshotToStream
 0002:000066AC       AllocatedList_End
 0002:000066A4       AllocatedList_Lock
 0002:000066A8       AllocatedList_Start
 0001:00009660       AllocMem
 0002:000065B0       AllocMemCount
 0002:000065B4       AllocMemSize
 0001:00005C38       AllocTlsBuffer
 0002:00003C4C       AlphaNumerics
 0001:0000E56C       AnsiCompareFileName
 0001:000097CC       AnsiCompareStr
 0001:00009804       AnsiCompareText
 0001:00009798       AnsiLowerCase
 0001:0000E5EC       AnsiLowerCaseFileName
 0001:0000E530       AnsiPos
 0001:0000983C       AnsiSameText
 0001:0000E678       AnsiStrPos
 0001:0000E738       AnsiStrRScan
 0001:0000E780       AnsiStrScan
 0001:000059C4       AnsiToUtf8
 0001:0000BC38       AppendChars
 0001:0000C004       AppendFormat
 0001:0000BC9C       AppendNumber
 0001:0000BC7C       AppendString
 0001:0004FE04       ApplicationRestore
 0001:000071C8       AreTheSameLeak
 0001:0004E318       ASMAssigned
 0002:00000E24       AsmConst
 0001:0005E018       ASPDotNetWebSiteFile
 0001:000538E0       AssemblerDialogProc
 0001:00044D54       AssemblerToRTF
 0001:0000DD00       AssertErrorHandler
 0002:00006024       AssertErrorProc
 0001:00012B94       AssignLongStr
 0001:000573A0       AssignOnCloseData
 0001:000512F4       AssignPriority
 0001:00022864       AssignValidDebugInfo
 0001:0005A8E4       AttachedFile
 0001:0005AB40       AttachedFiles
 0002:0000963C       AttachedFilesRequest
 0001:000606C4       AttrToString
 0002:000097C4       AutoCloseTimer
 0001:000507AC       AutoCloseTimerProc
 0002:00006608       avail
 0001:0000A3F8       BackfillGetDiskFreeSpaceEx
 0001:0000FB00       BackupVarBoolFromStr
 0001:0000FC60       BackupVarBStrFromBool
 0001:0000FB80       BackupVarBStrFromCy
 0001:0000FBF0       BackupVarBStrFromDate
 0001:0000FA94       BackupVarCyFromStr
 0001:0000FA28       BackupVarDateFromStr
 0001:0000F8E4       BackupVarI4FromStr
 0001:0000F890       BackupVariantChangeTypeEx
 0001:0000F950       BackupVarR4FromStr
 0001:0000F9BC       BackupVarR8FromStr
 0001:0002E434       Base64Decode
 0001:0002E514       Base64DecodeStr
 0001:0002E57C       Base64DecodeString
 0001:0002E378       Base64Encode
 0001:0005A488       Base64EncodeFromFile
 0001:0002E4C8       Base64EncodeStr
 0001:0002E574       Base64EncodeString
 0001:0002E584       Base64EncodeToString
 0001:0000E1F0       Beep
 0001:00006330       BeginPaint
 0001:000039B4       BeginThread
 0001:0001C3DC       BinToStr
 0001:00006228       BitBlt
 0001:0000F8CC       BiUnimplemented
 0002:000065E0       blockDescBlockList
 0002:000065E4       blockDescFreeList
 0001:0005D0C4       BlockingSendInternetMessage
 0002:000000D8       BlockOverFoot
 0002:000000D4       BlockOverHead
 0002:000003B8       BooleanIdents
 0002:00000348       BooleanToStringRule
 0001:00009C38       BoolToStr
 0001:000111D4       BoolToWStrViaOS
 0001:00049A7C       BuildListPS
 0001:00049940       BuildListTH
 0002:00004F70       ByteRegs1
 0002:00004F74       ByteRegs2
 0001:00058FFC       BytesPerScanline
 0001:00058A64       BytesSwap
 0001:0000E2D4       ByteToCharIndex
 0001:0000E2AC       ByteToCharLen
 0001:0000E270       ByteType
 0001:0000E1F8       ByteTypeTest
 0002:000099BC       Cached_LogFile
 0001:000689B0       CalcAddr
 0001:00058A94       CalcCRC
 0001:0002E340       CalcDecodedSize
 0001:0004C520       CalcDuplicatedException
 0001:0002E314       CalcEncodedSize
 0001:00023438       CalculateRelocatedAsmSize
 0001:0004D4F8       CallAttachedFilesRequest
 0001:0004D568       CallAttachedFilesRequestEvents
 0001:0004D69C       CallCustomButtonClickEvent
 0001:0004D708       CallCustomButtonClickEvents
 0001:0004D428       CallCustomDataRequest
 0001:0004D498       CallCustomDataRequestEvents
 0001:0004D5CC       CallCustomWebFieldsRequest
 0001:0004D63C       CallCustomWebFieldsRequestEvents
 0001:00006748       CallerOfReallocMem
 0001:0004D12C       CallExceptionActionNotify
 0001:00060FDC       CallExceptionActionNotify_atSavedLogFile
 0001:00060FB8       CallExceptionActionNotify_atSavingLogFile
 0001:0005BEC0       CallExceptionActionNotify_atSendingEmail
 0001:0005BF08       CallExceptionActionNotify_atSendingWebMessage
 0001:0005BEE4       CallExceptionActionNotify_atSentEmail
 0001:0005BF2C       CallExceptionActionNotify_atSentWebMessage
 0001:00061358       CallExceptionActionNotify_atShowedExceptionInfo
 0001:00061334       CallExceptionActionNotify_atShowingExceptionInfo
 0001:00058384       CallExceptionActionNotify_atTerminating
 0001:0004D2A0       CallExceptionErrorNotify
 0001:00061000       CallExceptionErrorNotify_atSavedLogFile
 0001:0005BF50       CallExceptionErrorNotify_atSentEmail
 0001:0005BF74       CallExceptionErrorNotify_atSentWebMessage
 0001:0004CF34       CallExceptionNotify
 0001:0004CFA0       CallExceptionNotifyEvents
 0002:00004F90       CallForGetLogText
 0002:00004F8C       CallFromCOMObject
 0001:0004D004       CallHandledExceptionNotify
 0001:0004D070       CallHandledExceptionNotifyEvents
 0001:0004D4A4       CallModuleEvent_AttachedFilesRequest
 0001:0004D648       CallModuleEvent_CustomButtonClickNotify
 0001:0004D3D4       CallModuleEvent_CustomDataRequest
 0001:0004D574       CallModuleEvent_CustomWebFieldsRequest
 0001:0004D07C       CallModuleEvent_ExceptionActionNotify
 0001:0004D1F4       CallModuleEvent_ExceptionErrorNotify
 0001:0004CEE4       CallModuleEvent_ExceptionNotify
 0001:0004CFAC       CallModuleEvent_HandledExceptionNotify
 0001:0004D714       CallModuleEvent_PasswordRequest
 0001:0004D368       CallPasswordRequest
 0001:0004FA04       CallStackByAddresses
 0001:00053DF8       CallStackDialogProc
 0001:0006137C       CallWriteIntraWebText
 0001:00067474       Call_HookedExceptionObject
 0001:000671D0       Call_HookedRaise
 0001:000674A0       Call_HookedRtlUnwind
 0001:000585EC       CalsCoordinates
 0002:0000977A       CanAttachScreenshot
 0002:00009775       CanAttachScreenshot_Show
 0002:0000977B       CanCopy
 0002:00009776       CanCopy_Show
 0001:0004E0E4       CanExit
 0002:0000973D       CanHookLibraries
 0002:00005490       CannotProcessMessagesExceptions
 0002:000054DC       CannotShowDialog
 0002:00009940       CannotUseThread
 0001:00064BA0       CanPauseThisThread
 0002:00009774       CanSendError_Show
 0002:00009778       CanSendMessage
 0001:00068858       CanShowHandledExceptionEx
 0002:00009777       CanSupport_Show
 0002:000099EC       CaptionFontName
 0002:00009C28       CAPTION_HEIGHT
 0002:00001FD8       cBase64Codec
 0002:00001F98       cBase64Codec
 0001:00051D84       CenterOnActiveWndMonitor
 0001:00050730       CenterWindow
 0002:000096F8       CGIHandleException
 0002:000096A4       CGIOutputFile
 0002:0000686C       ChangeAnyProc
 0001:00009F7C       ChangeFileExt
 0001:0006ABE4       ChangeFinalizationOrder
 0001:00057314       ChangeLogUserEmail
 0001:00003B20       CharFromWChar
 0001:0000E4B8       CharLength
 0001:00006338       CharLowerBuff
 0001:00006340       CharNext
 0001:000001E8       CharNext
 0002:00003C90       chars
 0001:0000E3C0       CharToByteIndex
 0001:0000E424       CharToByteLen
 0001:00006348       CharToOemA
 0001:0006B510       CheckCrc32
 0001:0001B490       CheckDirectoryExists
 0001:0002FFE4       CheckError
 0001:00023AFC       CheckFail
 0001:0006A8C8       CheckForMemoryLeaks
 0001:0004B0FC       CheckForResult
 0001:0001B270       CheckIntoIDE
 0001:00002ED8       CheckJmp
 0001:00043D9C       CheckMagicCode
 0001:00006EC4       CheckOurPointer
 0001:00016A5C       CheckSynchronize
 0002:0000034C       CInvalidCustomVariantType
 0001:00017274       Classes
 0002:00006868       ClearAnyProc
 0001:00047CA0       ClearInternalError
 0001:000123FC       ClearVariantTypeList
 0002:00009B91       ClickLinkActive
 0001:0003B410       ClickOnSign
 0001:00046184       CloneObject
 0001:00006350       CloseClipboard
 0001:00005E70       CloseHandle
 0001:00000188       CloseHandle
 0001:0004C504       CloseLogFile
 0001:0005A808       CloseSendDialog
 0001:00022A0C       closesocket
 0001:000261BC       CloseZipFile
 0002:00009700       CLXHandleException
 0002:00009704       CLXShowException
 0002:00006040       CmdLine
 0002:0000603C       CmdShow
 0001:0000F8D8       CmpUnimplemented
 0002:00005504       ColIdx
 0002:00009BC4       ColWidths
 0001:00006230       CombineRgn
 0001:00000770       Commit
 0002:00006624       committedRoot
 0001:000596CC       CommonSaveToStream
 0001:0004E5F8       CompareEurekaFunctions
 0001:00048EDC       CompareModulesFunctions
 0001:00049268       CompareProcessesFunctions
 0001:00005E78       CompareString
 0001:00009720       CompareText
 0001:00009B60       CompareWith
 0001:0005F46C       CompleteIP
 0001:00031DC8       CompleteNumber
 0001:0004433C       CompleteStr
 0001:00037160       CompleteStr
 0001:00060718       CompleteString
 0001:00019F20       CompleteVersion
 0001:0002D5B8       Compress
 0001:00027BB8       compressBound
 0001:00045C30       ComputerName
 0001:0001DE58       ComputerName
 0001:00022A14       connect
 0001:0000D728       ConvertAddr
 0001:00006A30       ConvertAddress
 0001:0001AB20       ConvertAddress
 0001:0000BD90       ConvertEraString
 0001:00009624       ConvertError
 0001:0000963C       ConvertErrorFmt
 0001:0003684C       ConvertNotDosText
 0001:0002EA80       ConvertSpecialHTMLChars
 0001:0000BEFC       ConvertYearString
 0001:00004C2C       CopyArray
 0001:000065B8       CopyMemory
 0001:00006358       CopyRect
 0001:0004DA2C       CopyStrings
 0001:000078E4       CountAllLeaks
 0001:0000E330       CountChars
 0001:00054C94       CPUDialogProc
 0001:000450F0       CPUToRTF
 0002:00001D84       Crc16Tab
 0001:00027D10       crc32
 0002:000091A8       crc_table
 0002:00001F84       crc_table_computed
 0001:00059210       Create8bitBitmap
 0001:0000DC44       CreateAssertException
 0001:0000DDCC       CreateAVObject
 0001:00006238       CreateBitmap
 0001:00006240       CreateCompatibleBitmap
 0001:00006248       CreateCompatibleDC
 0001:00006630       CreateDialogA
 0001:000503C4       CreateDialogFonts
 0001:00006360       CreateDialogParamA
 0001:00006250       CreateDIBSection
 0001:0000A4F0       CreateDir
 0001:00005E80       CreateDirectory
 0001:00005E88       CreateEvent
 0001:000515AC       CreateExceptionReport
 0001:00005E90       CreateFile
 0001:00000190       CreateFileA
 0001:00005E98       CreateFileA
 0001:00005EA0       CreateFileMapping
 0001:00006258       CreateFontA
 0001:00006260       CreateFontIndirect
 0001:00006268       CreateFontIndirectA
 0001:00061388       CreateGeneralText
 0001:0004A4BC       CreateHTMLByLayout
 0001:0004CB0C       CreateHTMLFile
 0001:0000DB70       CreateInOutError
 0001:000518F8       CreateLeakReport
 0001:00062550       CreateLogText
 0001:000253E8       CreateMXQuery
 0001:00058E1C       CreateOctreeNode
 0001:00006270       CreatePalette
 0001:00005EA8       CreateProcessA
 0001:00006278       CreateRectRgn
 0001:00006280       CreateRectRgnIndirect
 0001:00006288       CreateSolidBrush
 0001:0004A894       CreateTemplateFile
 0001:000001F0       CreateThread
 0001:00051A98       CreateThreadStr
 0001:0005B9C0       CreateTmpLogFile
 0001:000467C4       CreateVirtualFile
 0001:0004CBD8       CreateXMLLogCopy
 0001:0005BF98       CreateZIPFile
 0001:00025F64       CreateZipFile
 0001:00069DA0       Create_EurekaLogUnitsList
 0002:000003A4       CRelationshipToBoolean
 0002:00000338       CResult
 0002:00000CF4       CriticalError
 0002:000054B4       CriticalExceptObject
 0002:00000160       cSimpleBoolStrs
 0002:00000350       CText
 0002:0000661C       curAlloc
 0002:000066DC       CurrencyDecimals
 0002:000066D8       CurrencyFormat
 0002:000066D4       CurrencyString
 0002:0000972C       CurrentAsmErrorLine
 0002:00009734       CurrentAsmErrorText
 0002:00009738       CurrentCPUErrorText
 0002:000097C8       CurrentDialog
 0001:00068A24       CurrentEurekaLogOptions
 0002:00009730       CurrentGeneralErrorText
 0002:000096A0       CurrentOptions
 0002:000097E0       CurrentProcessWindowsList
 0002:000054A0       CurrentStackList
 0001:0000BC24       CurrentYear
 0001:0000B5C8       CurrToStr
 0001:00011164       CurrToWStrViaOS
 0002:00009644       CustomButtonClickNotify
 0002:00009638       CustomDataRequest
 0002:00009764       CustomExceptMessage
 0001:0006A95C       CustomHandler
 0002:00009640       CustomWebFieldsRequest
 0002:000095AC       CV
 0001:000098A4       CvtInt
 0001:00009910       CvtInt64
 0002:000001A0       CWNear
 0001:0000BB74       Date
 0002:000066DD       DateSeparator
 0001:0000C868       DateTimeToStr
 0001:0000C7DC       DateTimeToString
 0001:0000B6E0       DateTimeToTimeStamp
 0001:0000C838       DateToStr
 0001:0001119C       DateToWStrViaOS
 0001:0000BB4C       DayOfWeek
 0002:000097DC       DbgSection
 0002:0000019C       DCon10
 0002:0000002C       DebugHook
 0002:0000991C       DebugHook_Assigned
 0001:0005D584       DebugToStr
 0002:000066DB       DecimalSeparator
 0001:0000BABC       DecodeDate
 0001:0000B96C       DecodeDateFully
 0001:0001FD08       DecodeNameString
 0001:0000B7D4       DecodeTime
 0001:00000830       Decommit
 0001:00000F5C       DecommitFree
 0002:000065F8       decommittedRoot
 0001:0002E20C       Decrypt
 0002:00000024       Default8087CW
 0002:00000038       DefaultTextLineBreakStyle
 0002:000065BC       DefaultUserCodePage
 0001:00028B48       deflate
 0001:00028E0C       deflateEnd
 0001:0002855C       deflateInit_
 0002:0000022C       DefLongDayNames
 0002:000001E0       DefLongMonthNames
 0002:00000210       DefShortDayNames
 0002:000001B0       DefShortMonthNames
 0001:00006368       DefWindowProcA
 0001:00004EA4       DelayLoadResourceModule
 0001:0000044C       DeleteBlock
 0001:0000035C       DeleteCriticalSection
 0001:00005EB0       DeleteCriticalSection
 0001:00006290       DeleteDC
 0001:0005C104       DeleteExtraFiles
 0001:00005EB8       DeleteFile
 0001:00009F14       DeleteFile
 0001:00005EC0       DeleteFileA
 0001:00048E68       DeleteFileEx
 0001:00000D44       DeleteFree
 0001:00006298       DeleteObject
 0001:00058D28       DeleteTree
 0001:00046930       DeleteVirtualFile
 0001:0005060C       DestroyDialogFonts
 0001:00006370       DestroyWindow
 0002:00009C04       DetailsActive
 0001:00052384       DetailsState
 0001:00006378       DialogBoxParamA
 0002:00009C10       DialogHeight
 0002:0000992C       DialogType
 0002:00000094       dig
 0002:00000CF8       Digits
 0001:0004A870       DirectoryExists
 0001:000083F0       DisableMemoryLeaksCheck
 0001:00006380       DispatchMessage
 0002:00006000       DispCallByIDProc
 0001:00009608       DivMod
 0001:0005007C       DlgTemplate
 0001:0006C494       DLL
 0002:00006900       DllList
 0002:00006668       DllProc
 0001:0006C340       DLL_Error
 0001:0006BE3C       Done
 0001:0001E194       Done
 0001:00025844       Done
 0001:000085DC       Done
 0001:00023FF0       Done
 0001:00069A70       DoneCheckFreeze
 0002:000096F4       DoneExcept
 0001:0006AB98       DoneExceptAddr
 0001:0000E100       DoneExceptions
 0001:0002FAC0       DoneLib
 0001:0000817C       DoneShareMem
 0001:000169F8       DoneThreadSynchronization
 0001:0001A6BC       DotNetHostedFile
 0001:0005E070       DotNetHostedFileHandle
 0001:0005E024       DotNetMainFile
 0002:000054C4       DotNetMetadataFile
 0002:000054E4       Dots
 0002:000003C0       DotSep
 0001:00014424       DoWrite
 0001:0003ABD4       DrawBmp
 0001:0003B780       DrawBottom
 0001:00057268       DrawButton
 0001:000570FC       DrawClickHere
 0001:00057074       DrawControl
 0001:0003B70C       DrawFrame
 0001:00006388       DrawIconEx
 0001:0003B828       DrawItem
 0001:0003B7D4       DrawLine
 0001:00055250       DrawSupportLink
 0001:00006390       DrawTextA
 0002:0000977C       DuplicatedException
 0001:00005EC8       DuplicateHandle
 0001:00004C44       DynArrayClear
 0001:00004C4C       DynArraySetLength
 0001:0002E5E8       EBase64
 0001:00019C7C       EConsts
 0001:0001E1EC       ECore
 0001:000229C4       EDebug
 0001:00043224       EDisAsm
 0001:0002E30C       EEncrypt
 0001:0002DFAC       EHash
 0001:0000DB44       EHeapException.FreeInstance
 0001:00024104       EHook
 0001:00036DF0       ElaborateString
 0001:000302A4       ElaborateURL
 0001:0003040C       ElaborateWebPage
 0001:00024214       ELang
 0001:0000869C       ELeaks
 0001:0003BDF0       EListView
 0001:0003AAFC       ELogManager
 0001:00006398       EmptyClipboard
 0002:00006854       EmptyParam
 0002:000000E8       EmptyStr
 0002:000000EC       EmptyWideStr
 0002:000003F4       EMsgs
 0001:00008264       EnableMemoryLeaksCheck
 0001:000063A0       EnableWindow
 0001:00058C4C       Encode
 0001:0000B93C       EncodeDate
 0002:00003C6C       EncodedChars
 0001:0000B794       EncodeTime
 0001:0005BB24       EncodeURL
 0001:000063A8       EndDialog
 0001:000063B0       EndPaint
 0001:000039F8       EndThread
 0001:00005ED0       EnterCriticalSection
 0001:0000034C       EnterCriticalSection
 0001:00005ED8       EnumCalendarInfoA
 0001:0000D39C       EnumEraNames
 0001:0000D3D8       EnumEraYearOffsets
 0001:00005EE0       EnumSystemLocalesA
 0001:000063B8       EnumWindows
 0001:00047FEC       EnumWindowsProc
 0001:000480A4       EnumWindowsProc
 0001:000481B8       EnumWindowsProc
 0001:00047F48       EnumWindowsProc
 0001:0001F22C       Eof
 0002:00003C8C       EOFLine
 0002:000067A4       EraNames
 0001:0000CAF4       EraToYear
 0002:000067C0       EraYearOffsets
 0002:0000006C       errCaption
 0001:00001BEC       Error
 0001:00059B38       Error
 0001:00008044       Error
 0001:0006C334       Error0
 0001:0006C328       Error1
 0001:0006C320       Error2
 0002:00000004       ErrorAddr
 0001:00001BA0       ErrorAt
 0001:0000DBF0       ErrorHandler
 0002:00000248       ErrorMap
 0002:00006008       ErrorProc
 0002:000063E4       ErrOutput
 0002:00000BCC       EShowOptions
 0001:000258A4       ESockets
 0001:00017338       ETypes
 0002:000003EC       EurekaLogCurrentVersion
 0002:00009798       EurekaLogList
 0001:0005A3E0       EurekaLogSendEmail
 0002:00004F98       EurekaLogUnits
 0002:000097BC       EurekaLogUnitsList
 0001:0004DEF8       EurekaLog_AttachedFilesRequestEvent
 0001:00067B60       EurekaLog_CallCreateThread
 0001:000672E0       EurekaLog_CallExceptObject
 0001:00067CA4       EurekaLog_CallExitThread
 0001:0006715C       EurekaLog_CallGeneralRaise
 0001:00067C00       EurekaLog_CallResumeThread
 0001:0004E040       EurekaLog_CustomButtonClickEvent
 0001:0004DE54       EurekaLog_CustomDataRequestEventEx
 0001:0004DF9C       EurekaLog_CustomWebFieldsRequestEvent
 0001:0004DD0C       EurekaLog_ExceptionActionNotifyEvent
 0001:0004DDB0       EurekaLog_ExceptionErrorNotifyEvent
 0001:0004DBC4       EurekaLog_ExceptionNotifyEvent
 0001:0004DC68       EurekaLog_HandledExceptionNotifyEvent
 0001:00067B58       EurekaLog_LastDelphiException
 0001:0004DAB0       EurekaLog_PasswordRequestEvent
 0001:0004DAF4       EurekaLog_PasswordRequestEventEx
 0002:00000954       EVals
 0002:00000C8C       EVariablesOptions
 0001:00036158       EWebTools
 0001:00001B14       ExceptAddr
 0002:0000600C       ExceptClsProc
 0001:0000E06C       ExceptHandler
 0001:0000D9B8       Exception.Create
 0001:0000D9F4       Exception.CreateFmt
 0001:0000DA74       Exception.CreateRes
 0001:0000DAB0       Exception.CreateResFmt
 0002:0000962C       ExceptionActionNotify
 0002:0000601C       ExceptionClass
 0002:00009674       ExceptionCriticalSection
 0001:0000D734       ExceptionErrorMessage
 0002:00009630       ExceptionErrorNotify
 0001:00047244       ExceptionLine
 0001:0006C2A8       ExceptionLog
 0001:00068D54       ExceptionManager
 0002:00009624       ExceptionNotify
 0002:000096AC       ExceptionNumber
 0002:000097D0       ExceptionsTime
 0002:000097D4       ExceptionTime
 0001:0004ADFC       ExceptionTypeByAddr
 0002:00000280       ExceptMap
 0001:000667F4       ExceptNotify
 0001:0005D3AC       ExceptNotifyAfter1
 0001:0005D4A8       ExceptNotifyAfter2
 0001:0005D4BC       ExceptNotifyAfter3
 0001:00001AF4       ExceptObject
 0002:00006010       ExceptObjProc
 0002:00006004       ExceptProc
 0001:0001B404       ExcludeLastBackslash
 0002:00000000       ExitCode
 0001:000037A8       ExitDll
 0002:00006044       ExitProc
 0001:00000200       ExitProcess
 0002:00006028       ExitProcessProc
 0001:00005CE4       ExitProcessTLS
 0001:00005EE8       ExitThread
 0001:000001F8       ExitThread
 0001:00005CBC       ExitThreadTLS
 0001:00036700       EXMLBuilder
 0001:0001A5D0       ExpandEnvVars
 0001:0000A158       ExpandFileName
 0001:0004E6C4       ExportedFunctions
 0001:0004C098       ExtractDebugData
 0001:0000A044       ExtractFileDrive
 0001:0000A110       ExtractFileExt
 0001:0000A0D8       ExtractFileName
 0001:000066D4       ExtractFileName
 0001:0000A010       ExtractFilePath
 0001:0000A194       ExtractFilePathNoDrive
 0001:00069240       ExtractGZipStream
 0001:0001A194       ExtractList
 0001:0000A228       ExtractRelativePath
 0001:0004BBC0       ExtractStr
 0001:0001AFF4       ExtractStringsEx
 0001:000513DC       ExtractThreadByList
 0001:00038460       ExtractValue
 0001:0002E73C       EZip
 0001:0002D4A8       EZlib2
 0002:000099C8       fActive
 0002:000054D8       fActivePage
 0002:000067E0       FalseBoolStrs
 0002:000099E4       fBigFont
 0002:000099CC       fCaptionFont
 0002:00000190       FCon1E18
 0002:000099C0       fDlgBack
 0001:00060A88       FetchStr
 0002:000099D4       fFixedFont1
 0002:000099D8       fFixedFont2
 0001:00009DA0       FileAge
 0001:00009D98       FileClose
 0001:00009CDC       FileCreate
 0001:00009D00       FileCreate
 0001:0000A478       FileDateToDateTime
 0001:00009E08       FileExists
 0002:0000000C       FileMode
 0001:000020B0       FileNOPProc
 0001:00009C84       FileOpen
 0001:00009D08       FileRead
 0001:00009D60       FileSeek
 0001:00005EF0       FileTimeToDosDateTime
 0001:00005EF8       FileTimeToLocalFileTime
 0001:00009D34       FileWrite
 0001:00000E7C       FillAfterGap
 0001:0004CD64       FillAttachedList
 0001:00000E1C       FillBeforeGap
 0001:00000F1C       FillerSizeAfterGap
 0001:00000EA4       FillerSizeBeforeGap
 0001:000063C0       FillRect
 0001:00049324       FillThreadsCount
 0001:0003BDC0       Finalization
 0001:00012DE0       Finalization
 0001:000240B0       Finalization
 0001:000089B0       Finalization
 0001:000171C4       Finalization
 0001:0002DF7C       Finalization
 0001:000241E4       Finalization
 0001:0001E198       Finalization
 0001:0006C0F8       Finalization
 0001:0002584C       Finalization
 0001:000128FC       Finalization
 0001:00022A74       Finalization
 0001:00012758       Finalization
 0001:0002D478       Finalization
 0001:00036108       Finalization
 0001:00005AE0       Finalization
 0001:0006C34C       Finalization
 0001:0002E5B8       Finalization
 0001:0002E2DC       Finalization
 0001:00006648       Finalization
 0001:0001002C       Finalization
 0001:00017308       Finalization
 0001:0000F838       Finalization
 0001:00005DF0       Finalization
 0001:000366D0       Finalization
 0001:00043188       Finalization
 0001:00012E38       Finalization
 0001:0002E70C       Finalization
 0001:00019BF8       Finalization
 0001:00022928       Finalization
 0001:00005D9C       Finalization
 0001:000229D4       Finalization
 0001:0000F638       Finalization
 0001:0003AAC0       Finalization
 0001:00008664       Finalization
 0002:00006684       FinalizationProc
 0001:00004C3C       FinalizeArray
 0001:00003558       FinalizeUnits
 0001:00004F34       FindBS
 0001:00004E9C       FindClassHInstance
 0001:00009EF8       FindClose
 0001:00005F00       FindClose
 0001:00000210       FindClose
 0001:00000DD8       FindCommitted
 0001:000126A0       FindCustomVariantType
 0001:0005B940       FindEOFLine
 0001:0002FED4       FindErrorMessage
 0001:000612D8       FindException
 0001:00009E84       FindFirst
 0001:00005F08       FindFirstFile
 0001:00000218       FindFirstFile
 0001:00005F10       FindFirstFileA
 0001:000495CC       FindFullPath
 0001:0004BFD0       FindFunction
 0002:000068B4       FindGlobalComponentProcs
 0001:00043DB0       FindHandled
 0001:00004E74       FindHInstance
 0001:000072BC       FindLeakAddress
 0001:00007520       FindLeakClassName
 0001:000071EC       FindLeakSons
 0001:0006B44C       FindMainInstance
 0001:00009E18       FindMatchingFile
 0001:0004862C       FindModuleType
 0001:00009ED4       FindNext
 0001:00005F18       FindNextFile
 0001:00007138       FindNextValidLeak
 0001:0001F3A4       FindParam
 0001:0000FCF4       FindProc
 0001:00049270       FindProcess
 0001:00005F20       FindResourceA
 0001:00004EEC       FindResourceHInstance
 0001:0002F630       FindSelected
 0001:00043D68       FirstProc
 0002:000099F0       FixedFontName1
 0002:000099F4       FixedFontName2
 0002:000099E8       FixedFontSize
 0002:00009C2C       FixedTmpOptionsFile
 0002:000067F0       FLanguages
 0002:000099DC       fLinkFont
 0002:000099E0       fLinkFont2
 0002:00009B6C       fListViewItems
 0002:00004670       FloatingPointOpcodes
 0001:0000B258       FloatToDecimal
 0001:0000B598       FloatToStr
 0001:0000AC90       FloatToText
 0001:0000AF64       FloatToTextFmt
 0001:00002314       Flush
 0001:00005F28       FlushInstructionCache
 0002:000099C4       fMemoBack
 0002:00009B4C       fMonitor
 0002:00009B54       fMonitorInfo
 0002:000001A4       FMSecsPerDay
 0001:0000AB84       FmtStr
 0001:00068CA0       ForceApplicationTermination
 0001:0001B4B4       ForceDirectoriesEx
 0002:000001AC       Format
 0001:0000AB70       Format
 0001:0000A7AC       FormatBuf
 0001:0000A7A0       FormatClearStr
 0001:00060EF8       FormatComplete
 0001:0000C87C       FormatDateTime
 0001:0000A724       FormatError
 0002:00000188       FormatErrorStrs
 0001:0000B5F8       FormatFloat
 0001:00005F30       FormatMessage
 0001:000222E4       FormatProcName
 0001:0000A77C       FormatVarToStr
 0001:000026D8       FPower10
 0001:000063C8       FrameRect
 0001:000078A4       FreeAllLeaks
 0001:0000F358       FreeAndNil
 0001:000461B8       FreeClonedObject
 0001:00000AD8       FreeCommitted
 0001:00001110       FreeCurAlloc
 0001:00017150       FreeIntConstList
 0001:00000220       FreeLibrary
 0001:00005F38       FreeLibrary
 0001:00046EF0       FreeOutOfMemoryCache
 0001:00059AFC       FreeScreenshot
 0001:000006A8       FreeSpace
 0001:0000EE58       FreeTerminateProcs
 0002:00009740       FreezeThread
 0002:00009B50       fSendBmp
 0002:00009600       FtpOpenFile
 0001:00035B3C       FTPUploadFiles
 0002:000099D0       fVariableFont
 0001:00054A8C       GeneralDialogProc
 0001:00066F3C       GeneralRaise
 0001:000448F0       GeneralToRTF
 0001:0005CAB8       GenerateCustomWebFieldsString
 0001:0004A74C       GenerateHTML
 0001:00030BDC       GenerateMultipartBoundary
 0001:00034FA4       GenerateMultipartBoundary
 0001:000350D4       GenerateRequestBody
 0001:00030CA0       GenerateRequestBody
 0001:00005F58       GetACP
 0001:0005E8AC       GetActiveControlClass
 0001:0005E8C4       GetActiveControlText
 0001:0005E7CC       GetActiveFormClass
 0001:0005E818       GetActiveFormText
 0001:00051B00       GetActiveMonitorData
 0001:0005F5A8       GetAdapterInfo
 0001:000492F0       GetAllocatedMemory
 0001:0004BFB0       GetAndSetFunctionSize
 0001:0005F11C       GetApplicationName
 0001:0004811C       GetApplicationRect
 0001:0005E7AC       GetApplicationUpTime
 0001:00023218       GetAsmSize
 0001:0004FE78       GetBaseOfStack
 0001:00000364       GetBlockDesc
 0001:000571E0       GetBottonWidth
 0001:0000662C       GetBValue
 0001:0004FD54       GetCallStackByAddresses
 0001:00046F30       GetCallStackDump
 0001:000063D0       GetClassInfo
 0001:000063D8       GetClassNameA
 0001:00000300       GetCmdShow
 0001:0003BC40       GetColumnAlign
 0001:0003BC14       GetColumnCount
 0001:00005F68       GetCommandLine
 0001:00000228       GetCommandLine
 0001:000008EC       GetCommitted
 0001:00000994       GetCommittedAt
 0001:00060930       GetCompanyName
 0001:0005E744       GetCompilationDate
 0001:000443C4       GetCompleteTimeStr
 0001:00005F70       GetComputerNameA
 0001:00066278       GetControlClass
 0001:000662D4       GetControlText
 0001:0000BCE8       GetCount
 0001:00005F60       GetCPInfo
 0001:0002D554       GetCRC16
 0001:0002D50C       GetCRC32
 0001:0000A4E4       GetCurrentDir
 0001:00000230       GetCurrentDirectory
 0001:000062A0       GetCurrentObject
 0001:00060C24       GetCurrentPrinterHandle
 0001:00005F78       GetCurrentProcess
 0001:00005F80       GetCurrentProcessId
 0001:0004FE80       GetCurrentStackPointer
 0001:00068D4C       GetCurrentStackPointer
 0001:00005F88       GetCurrentThread
 0001:00005F90       GetCurrentThreadId
 0001:000002F0       GetCurrentThreadId
 0001:000461D8       GetCurrentTopOfStack
 0001:00060758       GetCurrentUserPrivileges
 0001:000063E0       GetCursor
 0001:000063E8       GetCursorPos
 0001:00007010       GetDataCaller
 0001:0000BD18       GetDate
 0001:00005F98       GetDateFormat
 0001:0000CA0C       GetDateOrder
 0001:000063F0       GetDC
 0001:0004F5A8       GetDebugDetail
 0001:0005D624       GetDebugInfoEx
 0001:0004C390       GetDebugInfosByAddr
 0001:0004BD9C       GetDebugPartialInfo
 0001:00060B3C       GetDefaultPrinter
 0001:000063F8       GetDesktopWindow
 0001:000062B0       GetDeviceCaps
 0001:00054E9C       GetDialogState
 0001:000062A8       GetDIBits
 0001:00005FA0       GetDiskFreeSpaceA
 0002:0000015C       GetDiskFreeSpaceEx
 0001:0005EECC       GetDiskInfo
 0001:0006066C       GetDisplayDPI
 0001:0005F3CC       GetDisplayMode
 0001:00006400       GetDlgItem
 0001:00024FD8       GetDNSList
 0001:000251A4       GetDomain
 0001:00025310       GetDomainName
 0001:0006222C       GetDump
 0001:00002D38       GetDynaMethod
 0001:00061F6C       GetEAX
 0001:00061FC4       GetEBX
 0001:0006201C       GetECX
 0001:00062124       GetEDI
 0001:00050E50       GetEditText
 0001:00062074       GetEDX
 0001:0004E310       GetEF
 0001:00041BA4       GetEffectiveAddress
 0001:000621D4       GetEIP
 0001:000624A8       GetEmptySection
 0001:0001296C       GetEnumName
 0001:00005FA8       GetEnvironmentVariableA
 0001:0001A494       GetEnvVariable
 0001:0000D450       GetEraNamesAndYearOffsets
 0001:0000CAA0       GetEraYearOffset
 0001:000620CC       GetESI
 0001:0006217C       GetESP
 0001:00046F20       GetESP
 0001:0001A81C       GetEurekaLogDir
 0001:0004EBD0       GetEurekaLogModuleVersion
 0001:0005EAC0       GetExceptionAddress
 0001:0000DDB4       GetExceptionClass
 0001:0005EAA8       GetExceptionDate
 0001:0005E514       GetExceptionMessage
 0001:0005EAF4       GetExceptionModuleName
 0001:0005EBD8       GetExceptionModuleVersion
 0001:0000DFA0       GetExceptionObject
 0001:0005EC5C       GetExceptionType
 0001:0004FF8C       GetExceptMessage
 0001:00005FB0       GetExitCodeProcess
 0001:00005FB8       GetExitCodeThread
 0001:0002EED0       GetFieldValue
 0001:00005FC0       GetFileAttributes
 0001:00005FC8       GetFileAttributesA
 0001:0002FE68       GetFileContents
 0001:00035068       GetFileContents
 0001:00025FBC       GetFileSize
 0001:000001A0       GetFileSize
 0001:00048E34       GetFileSize
 0001:00035B00       GetFileSize
 0001:00000198       GetFileType
 0001:0005FB10       GetFileVersionEx
 0001:00006210       GetFileVersionInfoA
 0001:00006218       GetFileVersionInfoSizeA
 0001:00006408       GetFocus
 0001:00006410       GetForegroundWindow
 0001:0000EA2C       GetFormatSettings
 0001:00006ABC       GetFramesCallStackDump
 0001:0005EFC4       GetFreeDisk
 0001:0005EE4C       GetFreeMemory
 0001:00005FD0       GetFullPathName
 0001:0005D8F8       GetFunctionAsm
 0001:0002336C       GetFunctionSize
 0001:0001B228       GetGMT
 0001:00006628       GetGValue
 0001:00005FD8       GetHandleInformation
 0001:00022A44       gethostbyname
 0001:00022A4C       gethostname
 0001:00035394       GetHTTPResponse
 0001:000304C4       GetHTTPResponse
 0001:00006418       GetIconInfo
 0001:0002261C       GetImageNtHeaders
 0001:0005FD04       GetIndexKeyName
 0001:00060ADC       GetIniDefPrinter
 0001:00066C10       GetIntraWebExceptionType
 0001:0003ABAC       GetItemRect
 0001:00053DAC       GetItemText
 0001:00006420       GetKeyboardState
 0001:000029C4       GetKeyboardType
 0001:0005EA5C       GetLanguageString
 0001:00005FE0       GetLastError
 0001:00000238       GetLastError
 0001:0000725C       GetLeakCount
 0001:0002F844       GetListDefault
 0001:0002F4BC       GetListValue
 0001:0000D214       GetLocaleChar
 0001:0005E930       GetLocaleDataA
 0001:0005E8F0       GetLocaleDataW
 0001:00000240       GetLocaleInfo
 0001:00005FF0       GetLocaleInfo
 0001:00005FF8       GetLocaleInfoA
 0001:00006000       GetLocaleInfoW
 0001:0000D1C8       GetLocaleStr
 0001:00005FE8       GetLocalTime
 0001:0001AC0C       GetLongNameFromShort
 0001:00012BA8       GetLongStrProp
 0001:00047F80       GetMainWindow
 0001:000062B8       GetMapMode
 0001:0002DE74       GetMD5
 0001:0005ED00       GetMemInfo
 0001:00001ABC       GetMemoryManager
 0001:00012D68       GetMethodProp
 0001:00025E60       GetModifiedDate
 0001:0001AB68       GetModifiedDate
 0001:000489FC       GetModuleDescriptionAndVersion
 0001:00000248       GetModuleFileName
 0001:00006008       GetModuleFileName
 0001:00006010       GetModuleFileNameA
 0001:00000250       GetModuleHandle
 0001:00006018       GetModuleHandle
 0001:00006020       GetModuleHandleA
 0001:000487F0       GetModulePath
 0001:000488CC       GetModuleSize
 0001:000491D8       GetModulesList
 0001:00049048       GetModulesWin9X
 0001:00048EE4       GetModulesWinNT
 0001:0004895C       GetModuleVer
 0001:0004CE8C       GetModule_ProcedureEvent
 0001:00051D60       GetMonitorWorkAreaFromActiveWnd
 0001:00051D3C       GetMonitorWorkAreaFromWnd
 0001:00051C54       GetMonitorWorkAreaFromWndEx
 0001:0000D278       GetMonthDayNames
 0001:00025538       GetMXBestRecord
 0001:00025470       GetMXRecord
 0001:00025628       GetMXServerFromEmail
 0001:0005F974       GetNetworkData
 0001:000062C0       GetObject
 0001:00007024       GetObjectCaller
 0001:000591A0       GetOptimizedPalette
 0001:0002F720       GetOptionsDefault
 0001:00007FF4       GetOptionsFromExeFile
 0001:0002F2BC       GetOptionsValue
 0001:00012AB4       GetOrdProp
 0001:00045BFC       GetOSBuild
 0001:0005EA90       GetOSCharset
 0001:0005EA84       GetOSLanguage
 0001:000457DC       GetOSType
 0001:0005E8DC       GetOSUpdate
 0001:00046ED4       GetOutOfMemoryCache
 0001:00058D64       GetPaletteColors
 0001:0005E6B4       GetParameters
 0001:00001DAC       GetParamStr
 0001:00049CA8       GetParentProcessID
 0001:00050EAC       GetParentWnd
 0001:0004EF24       GetPassword
 0001:000062C8       GetPixel
 0001:00060C9C       GetPrinterStr
 0001:00006028       GetPriorityClass
 0001:00006030       GetPrivateProfileStringA
 0001:00000258       GetProcAddress
 0001:00006038       GetProcAddress
 0001:00049ADC       GetProcessesList
 0001:0005F1EC       GetProcessor
 0001:00048DA8       GetProcessThreads
 0001:0001A6E4       GetProfileFolder
 0001:00006040       GetProfileStringA
 0001:00012A44       GetPropInfo
 0001:00006B34       GetRawCallStackDump
 0001:00007F40       GetRawOptions
 0001:0000675C       GetReadableSize
 0001:0001AA80       GetReadableSize
 0001:0004C674       GetRealFileName
 0001:0004154C       GetRefAddress
 0001:000416AC       GetRegName
 0001:0004AF0C       GetResourceData
 0001:00007EF8       GetResourceData
 0001:00006624       GetRValue
 0001:00012B28       GetShortStrProp
 0001:00012B6C       GetShortStrPropAsLongStr
 0001:0004B254       GetSourceInfoByAddr
 0001:000005CC       GetSpace
 0001:00000630       GetSpaceAt
 0001:00062418       GetStack
 0001:0005F104       GetStartDate
 0001:00000260       GetStartupInfo
 0001:00006048       GetStartupInfoA
 0001:000001A8       GetStdHandle
 0001:00006050       GetStdHandle
 0001:000062D0       GetStockObject
 0001:00006058       GetStringTypeEx
 0001:00012C40       GetStrProp
 0001:0004BA44       GetSymbolAddr
 0001:00006428       GetSysColor
 0001:00006060       GetSystemDefaultLangID
 0001:00006430       GetSystemMetrics
 0001:000062D8       GetSystemPaletteEntries
 0001:00006068       GetSystemTime
 0001:0005F390       GetSystemUpTime
 0001:0002EC70       GetTagValue
 0001:00006070       GetTempPathA
 0001:0002F0B0       GetTextAreaValue
 0001:000062E0       GetTextExtentPoint32
 0001:000062E8       GetTextExtentPoint32A
 0001:00050BE8       GetTextHeight
 0001:00050DCC       GetTextWidth
 0001:00006078       GetThreadContext
 0001:00051474       GetThreadData
 0001:00000268       GetThreadLocale
 0001:00006080       GetThreadLocale
 0001:00066B98       GetThreadParams
 0001:00006088       GetThreadPriority
 0001:00006090       GetTickCount
 0001:0000BD50       GetTime
 0001:00005C44       GetTlsSize
 0001:00005E28       GetTokenInformation
 0001:00046F28       GetTopOfStack
 0001:0005F064       GetTotalDisk
 0001:0005EDCC       GetTotalMemory
 0001:00012960       GetTypeData
 0001:0001A7A0       GetUserApplicationsPath
 0001:0006091C       GetUserEmail
 0001:00005E30       GetUserNameA
 0001:0006979C       GetValidMainWindow
 0001:000306E0       GetValueFromIndex
 0001:000002F8       GetVersion
 0001:00006098       GetVersionEx
 0001:00048DE0       GetVersionNumber
 0001:0005FED4       GetVideoCardStr
 0001:00022DF8       GetVirtualMethod
 0001:00012C80       GetWideStrProp
 0001:00012BE8       GetWideStrPropAsLongStr
 0001:00047DEC       GetWindowClassName
 0001:00006438       GetWindowDC
 0001:00006440       GetWindowLong
 0001:00047FA0       GetWindowName
 0001:00006448       GetWindowPlacement
 0001:00006450       GetWindowRect
 0001:000060A0       GetWindowsDirectoryA
 0001:00006458       GetWindowTextA
 0001:00006460       GetWindowThreadProcessId
 0001:0001B668       GetWorkingFile
 0001:000060A8       GlobalAlloc
 0001:000065C8       GlobalAllocPtr
 0002:000068B8       GlobalFixupList
 0001:000060B0       GlobalFree
 0001:000065F4       GlobalFreePtr
 0001:000060C0       GlobalHandle
 0001:000060B8       GlobalLock
 0001:000060C8       GlobalMemoryStatus
 0002:000068A0       GlobalNameSpace
 0001:000060D0       GlobalReAlloc
 0001:000065D8       GlobalReAllocPtr
 0002:0000A02C       GlobalSendValues
 0001:000060D8       GlobalUnlock
 0002:000099A4       Global_AttachedFiles
 0002:0000994B       Global_CloseDialog
 0002:00009998       Global_CurrentEvent
 0002:000099AC       Global_DataFields
 0002:00009970       Global_ExceptionRecord
 0002:00009948       Global_Execute
 0002:00009949       Global_Handled
 0002:000054D0       Global_IntoHandleException
 0002:000099B4       Global_IntraWebText
 0002:000099A0       Global_LastInitPassword
 0002:000099B0       Global_Module
 0002:0000999C       Global_Password
 0002:0000994A       Global_Retry
 0002:000099A8       Global_WebFields
 0002:000099B8       Global_WebTextID
 0001:00066DE8       GoNotify
 0002:000044B0       GroupsOpcodes
 0002:000045F0       GroupsOperands
 0001:0006AA94       HandleAnyExceptionAddr
 0002:000096B0       HandleAnyExceptionAddr_Variable
 0001:00007918       HandleAnyLeak
 0001:0006AB38       HandleAutoExceptionAddr
 0002:000096B8       HandleAutoExceptionAddr_Variable
 0001:0003B698       HandleBackgroundState
 0002:00009814       HandledCache
 0002:00009810       HandledCacheCount
 0002:00009904       HandledCacheCriticalSection
 0002:00009628       HandledExceptionNotify
 0001:00006FD8       HandleError
 0001:0006AAE0       HandleOnExceptionAddr
 0002:000096B4       HandleOnExceptionAddr_Variable
 0001:00047DB0       HasWindowASize
 0002:00000028       HeapAllocFlags
 0002:000065C4       heapErrorCode
 0002:000065C8       heapLock
 0002:00000158       HexDisplayPrefix
 0002:00006664       HInstance
 0001:000065B4       HiWord
 0002:00006914       hLib
 0001:0004E268       HookBPLProcedureByAddr
 0001:0004E2E0       HookBPLProcedureBySymbol
 0001:00023B60       HookDllProcedure
 0001:00067CC4       HookedCreateThread
 0001:0006747C       HookedExceptionObject
 0001:00067614       HookedExceptProc
 0001:00068184       HookedExitThread
 0001:00068274       HookedHttpExtensionProc
 0002:00006904       HookedMethodsList
 0002:000068FC       HookedProcedures
 0001:000672C0       HookedRaise
 0001:00067F64       HookedResumeThread
 0001:000678F8       HookedRTLThreadProc
 0001:0006755C       HookedRtlUnwind
 0001:000677A0       HookedThreadExecute
 0001:00067A28       HookedThreadProc
 0001:00068240       HookedWriteClientProc
 0001:00067584       HookedWriteFile
 0001:00068EE4       Hooked_CGIHandleServerException
 0001:00068FF8       Hooked_CLXHandleException
 0001:00069028       Hooked_CLXShowException
 0001:000696D4       Hooked_DoneExcept
 0001:000696A4       Hooked_IndyThreadHandleException
 0001:0006907C       Hooked_IntraWebCreateServer
 0001:00069388       Hooked_IntraWebSendResponse
 0001:00068F14       Hooked_ISAPIHandleServerException
 0001:000695F0       Hooked_NTServiceLogMessage
 0001:00068F44       Hooked_VCLHandleException
 0001:00068FB8       Hooked_VCLShowException
 0001:0006B41C       HookingModuleName
 0001:0006B440       HookingRTLModuleName
 0001:0006ADAC       HookLastFInit
 0001:0006AD24       HookLastInit
 0001:000236E0       HookProcedure
 0001:00023820       HookProcedureEx
 0001:0004E1C4       HookSymbolProcedure
 0001:00022E68       HookVirtualMethod
 0001:0006ADBC       Hook_InitializationAndFinalization
 0001:0006AF6C       Hook_OnExceptionEvents
 0001:0005A844       HostName
 0002:00003AA0       HTMLChars
 0002:000037A0       HTMLDelimiters
 0001:00022A1C       htons
 0002:000095DC       HttpAddRequestHeaders
 0002:000095EC       HttpEndRequest
 0002:000095D8       HttpOpenRequest
 0002:000095F0       HttpQueryInfo
 0002:000095E0       HttpSendRequest
 0002:000095E4       HttpSendRequestEx
 0001:00035648       HTTPUploadFiles
 0002:0000550C       IDATHeader
 0001:00058C04       IDATWrite
 0002:0000993C       IDC_CURSOR
 0001:0004418C       ifelseStr
 0001:00044204       ifStr
 0002:00005520       iLevel
 0001:0003AE64       ImageList_Add
 0001:0003AE5C       ImageList_Create
 0001:0003AE6C       ImageList_Destroy
 0001:0005D79C       ImmidiateDataProc
 0002:000001A8       IMSecsPerDay
 0002:000097B8       InactiveThreads
 0001:00010B60       InBounds
 0001:00010E00       InBounds
 0001:0001B354       IncludeLastBackslash
 0001:00010B90       Increment
 0001:00010E30       Increment
 0001:0005A7F4       IncSendDialogBar
 0002:000097E4       IndyHooked
 0002:000096F0       IndyThread_HandleException
 0002:000096D4       Indy_OnException
 0001:00029F70       inflate
 0001:0002AE28       inflateEnd
 0001:000259C8       InflateInit
 0001:00029D38       inflateInit_
 0001:00029BB0       inflateReset
 0001:0001A880       IniDir
 0001:0001E188       Init
 0001:00023FBC       Init
 0001:0006B61C       Init
 0001:00008410       Init
 0001:0002583C       Init
 0001:00000B6C       InitAllocator
 0001:000699C8       InitCheckFreeze
 0002:00006634       InitContext
 0001:00058B18       InitDeflate
 0001:0000EE84       InitDriveSpacePtr
 0001:0000E07C       InitExceptions
 0002:00009712       InitFInitException
 0001:00000344       InitializeCriticalSection
 0001:000060E0       InitializeCriticalSection
 0002:000065C0       initialized
 0002:000054A8       Initialized
 0002:00000F24       Initialized
 0001:00005D48       InitializeModule
 0001:0000FD20       InitializeVarUtils
 0001:0002E16C       InitKey
 0001:0000E83C       InitLeadBytes
 0001:0002FAD8       InitLib
 0001:0000E180       InitPlatformId
 0001:00005C90       InitProcessTLS
 0001:00059358       InitScreenshot
 0001:00008088       InitShareMem
 0001:0000E8B4       InitSysLocale
 0001:000169C4       InitThreadSynchronization
 0001:00005C4C       InitThreadTLS
 0001:000035C8       InitUnits
 0002:0000604C       Input
 0001:00051E00       InsertColumn
 0001:00001018       InsertFree
 0001:00043F08       InsertHandled
 0002:000066B8       InstallNewMemoryManager
 0001:0006B434       InstanceModuleName
 0002:000068AC       IntConstList
 0001:0000EEEC       InterlockedDecrement
 0001:000002E8       InterlockedDecrement
 0001:00005F40       InterlockedDecrement
 0001:00005F48       InterlockedExchange
 0001:0000EEF8       InterlockedExchange
 0001:0000EF00       InterlockedExchangeAdd
 0001:0000EEE0       InterlockedIncrement
 0001:000002E0       InterlockedIncrement
 0001:00005F50       InterlockedIncrement
 0001:000243A0       InternalCleanup
 0001:000020F0       InternalClose
 0001:000473C8       InternalCriticalError
 0002:00009790       InternalErrorCode
 0002:00009794       InternalErrorMsg
 0001:00064E1C       InternalExceptNotify
 0001:00049E60       InternalFileExists
 0001:000022CC       InternalFlush
 0001:00000E58       InternalFreeMem
 0002:000068E8       InternalIntoIDE
 0001:00059B44       InternalSendMail
 0001:00024370       InternalStartup
 0001:00003EE8       InternalUniqueString
 0001:0006A184       Internal_AddLeak
 0001:000076FC       Internal_AddLeak
 0001:0006A8BC       Internal_Finalization
 0001:0006A8A4       Internal_MultiFreeProc
 0001:0006A88C       Internal_OverrunProc
 0001:000076E8       Internal_ResetLeaks
 0001:00069E1C       Internal_ResetLeaks
 0001:0006A304       Internal_ShowLeaks
 0001:000077B0       Internal_ShowLeaks
 0002:000095F4       InternetCloseHandle
 0002:000095D4       InternetConnect
 0002:00009610       InternetGetConnectedState
 0002:00009604       InternetGetLastResponseInfo
 0002:000095D0       InternetOpen
 0002:00009608       InternetOpenUrl
 0002:000095F8       InternetQueryOption
 0002:0000960C       InternetReadFile
 0002:000095FC       InternetSetOption
 0002:000095E8       InternetWriteFile
 0001:0004E350       IntoCreateClassFunction
 0002:00009711       IntoFinalization
 0001:0001B268       IntoIDE
 0002:00009710       IntoInitialization
 0001:0004E320       IntoSystemUnit
 0001:0004E338       IntoThisUnit
 0002:00009718       IntraWebApplication
 0002:00009720       IntraWebCompressedPage
 0002:0000971C       IntraWebServerController
 0001:0006AE8C       IntraWeb_BPL
 0002:000096C8       IntraWeb_CreateServer
 0002:00009728       IntraWeb_NewEvent
 0001:00066D84       IntraWeb_OnExceptionEvent
 0001:00066D00       IntraWeb_OnExceptionEvent_New
 0001:00066C74       IntraWeb_OnExceptionEvent_Old
 0002:000096D0       IntraWeb_OnException_New
 0002:000096CC       IntraWeb_OnException_Old
 0002:000096E0       IntraWeb_SendResponse
 0002:000096DC       IntraWeb_ShowMessage
 0002:00009724       IntraWeb_Version
 0001:00009A04       IntToHex
 0001:00009A2C       IntToHex
 0001:000098F0       IntToStr
 0001:000099DC       IntToStr
 0001:00006468       InvalidateRect
 0001:00006470       InvalidateRgn
 0002:000067EC       InvalidPointer
 0001:00002BE4       InvokeImplGetter
 0001:00022A24       ioctlsocket
 0001:00001D4C       IOResult
 0001:00007158       IsALeakChild
 0001:000481A0       IsANewProcessWindow
 0001:00007008       IsAntiLeaksEnabled
 0001:000465CC       IsAParent
 0001:00006964       IsAParentClassStr
 0001:000464BC       IsAParentClassStr
 0001:00046690       IsAParentClassStr_Unsafe
 0001:0004663C       IsAParents
 0001:000465A4       IsAParentStr
 0001:00046770       IsAParentStr_Unsafe
 0001:0006118C       IsAParentX
 0002:000096FC       ISAPIHandleException
 0002:00009664       ISAPI_HttpExtensionProc
 0002:0000966C       ISAPI_Proc
 0002:00005494       ISAPI_SendError
 0002:00009668       ISAPI_WriteClientProc
 0001:00047E38       IsApplicationWindow
 0001:000060E8       IsBadReadPtr
 0001:00064B74       IsBorlandThread
 0001:00049E2C       IsCGI
 0001:00061210       IsCompatibleException
 0001:00046140       IsCompatibleVersion
 0001:0004ADE8       IsCompiledWithPackages
 0001:0000824C       IsCompiledWithPackages
 0002:00006048       IsConsole
 0001:00049E24       IsConsoleApp
 0001:00048188       IsCurrentProcessWindow
 0001:00046034       IsDebugged
 0001:0001F240       IsDecDigit
 0001:00046F0C       IsDelphiException
 0001:0004807C       IsDelphiProcess
 0002:00009C0C       IsDialogShowed
 0001:0002EBDC       IsEnd
 0001:00051DD8       IsEscapePressed
 0001:00068D44       IsEurekaLogActive
 0001:00068CE4       IsEurekaLogActiveInThread
 0001:0004EB9C       IsEurekaLogCompatibleModule
 0001:00068A1C       IsEurekaLogInstalled
 0001:0004EB78       IsEurekaLogModule
 0001:0004EAE0       IsEurekaLogModule_New
 0001:0004E9C8       IsEurekaLogModule_Old
 0001:0004E3C0       IsExceptionHandled
 0001:0001B658       IsFileOK
 0002:0000992D       IsFilterDialog
 0001:0001A0A4       IsGreaterVersion
 0001:0004A09C       IsGUI
 0001:00066780       IsHandledSafeCallException
 0001:000691C0       IsHTMLPage
 0001:00006478       IsIconic
 0001:00007E14       IsIntoIDE
 0001:0004A064       IsIntraWeb
 0001:0004A028       IsISAPI
 0001:0000B830       IsLeapYear
 0002:00006038       IsLibrary
 0001:0004AD88       IsLocalStorageProc
 0001:00064B64       IsMainThread
 0001:00047EA8       IsMainWindow
 0001:0004678C       IsManageableObject
 0002:000066C0       IsMMHost
 0001:0004854C       IsModuleLibrary
 0002:00006049       IsMultiThread
 0001:00006718       IsObjectCreation
 0001:0005089C       ISODateTime
 0001:000676DC       IsOldIndy9
 0001:0001B620       IsReadableFile
 0001:0002FE4C       IsRealFile
 0001:0004ADDC       IsRTLCompiledWithStackFrames
 0001:00067190       IsSetThreadNameException
 0001:000671A4       IsSetThreadNameExceptionEx
 0001:0004ADA8       IsStackFramesProc
 0001:000067E4       IsValidBlockAddr
 0001:0001AB08       IsValidBlockAddr
 0001:000068D0       IsValidClass
 0001:00046284       IsValidClass
 0001:00024F4C       IsValidDNS
 0001:000572D0       IsValidEmail
 0001:000460B0       IsValidHandle
 0001:000440F4       IsValidModule
 0001:00046398       IsValidObject
 0001:00046110       IsValidRunningThread
 0001:000461E0       IsValidSymbolName
 0001:000068B8       IsValidSymbolName
 0001:0004A070       IsWeb
 0001:0000E89C       IsWesternGroup
 0001:00045744       IsWin64
 0001:000456F0       IsWin95
 0001:00023A8C       IsWin9xDebugThunk
 0001:00049ED0       IsWinCGI
 0001:00064B90       IsWindowsThread
 0001:00006480       IsWindowUnicode
 0001:00006488       IsWindowVisible
 0001:0004570C       IsWinNT4
 0001:00045728       IsWinVista
 0001:0004579C       IsWorkstation
 0001:0001B588       IsWritableFile
 0001:0004F7AC       IsWrongCall
 0001:0004AE48       Is_HandleOnException_Handled
 0002:00000030       JITEnable
 0001:00023060       JumpToMem
 0002:00009654       Kernel_CreateThread
 0002:0000965C       Kernel_ExitThread
 0002:0000964C       Kernel_RaiseException
 0002:00009658       Kernel_ResumeThread
 0002:00009650       Kernel_RtlUnwind
 0002:00009660       Kernel_WriteFile
 0002:000095B4       KeyData
 0001:000482E8       KillApplication
 0001:00006490       KillTimer
 0002:000096A8       LanguageStr
 0002:00009928       LastBugID
 0001:00009F2C       LastDelimiter
 0002:0000975C       LastDelphiException
 0002:000097E8       LastDumpCriticalSection
 0002:000068E0       LastEurekaVersion
 0002:0000974C       LastExceptAddr
 0002:000054AC       LastExceptionAddress
 0002:00009804       LastExceptionCallStackAddress
 0002:0000980C       LastExceptionCallStackDump
 0002:00009808       LastExceptionCallStackSize
 0002:0000976C       LastExceptionLog
 0002:00009924       LastExceptionMessage
 0002:000054B0       LastExceptionObject
 0002:00009768       LastExceptionRecord
 0002:00009800       LastExceptionThreadID
 0002:00009920       LastExceptionType
 0002:00009760       LastExceptMessage
 0002:00009758       LastExceptObject
 0002:00009754       LastExceptThreadID
 0002:000096C4       LastFinalizationPtr
 0002:00009708       LastHTMLPage
 0002:000096C0       LastInitializationPtr
 0002:0000970C       LastInitPointer
 0002:00009770       LastLog
 0001:0006C0E4       LastProc
 0001:00005A6C       LCIDToCodePage
 0001:0000E7C8       LCIDToCodePage
 0002:00000138       LeadBytes
 0002:00009938       LeakAddr
 0001:000079A8       LeaksCheck
 0002:000066BA       LeaksOptions
 0002:000054A4       LeaksStackList
 0002:00009934       LeakTotalCount
 0002:00009930       LeakTotalSize
 0001:000060F0       LeaveCriticalSection
 0001:00000354       LeaveCriticalSection
 0002:00009BB8       LeftButton
 0002:0000003C       LibModuleList
 0001:0003A89C       Lines
 0002:00009BB0       ListHeight
 0002:000067A2       ListSeparator
 0002:00009BAC       ListWidth
 0001:00044684       Load
 0001:00006498       LoadBitmap
 0001:000064A0       LoadBitmapA
 0001:000064A8       LoadCursorA
 0001:0004EFB4       LoadData
 0001:0004EDB4       LoadData_Old
 0001:0004F3E4       LoadDebugInformation
 0002:000054C0       LoadedDotNetMain
 0001:0006B4BC       LoadFromFile
 0001:000060F8       LoadLibrary
 0001:00006100       LoadLibraryA
 0001:00000270       LoadLibraryEx
 0001:00006108       LoadLibraryExA
 0001:00006110       LoadResource
 0001:00005138       LoadResourceModule
 0001:00005A14       LoadResString
 0001:00046A30       LoadSharedDataEx
 0001:00000278       LoadString
 0001:000064B0       LoadString
 0001:0004CCCC       LoadTextFile
 0001:00005C08       LocalAlloc
 0001:00000324       LocalAlloc
 0001:0005E974       LocalesCallback
 0001:0000032C       LocalFree
 0001:00005C10       LocalFree
 0001:0000D23C       LocalGetLocaleStr
 0001:00066DDC       LockCheck
 0001:00006A80       LockCheck
 0001:00006118       LockResource
 0001:00006A8C       LockVariable
 0001:0005BAD0       LogFileMessage
 0001:0005A87C       LoggedUserName
 0001:00049E18       LogicToPhysicAddr
 0002:000066E4       LongDateFormat
 0002:00006778       LongDayNames
 0002:0000672C       LongMonthNames
 0002:000066F8       LongTimeFormat
 0001:00005E38       LookupPrivilegeName
 0001:00005E40       LookupPrivilegeNameA
 0001:000096D0       LowerCase
 0001:0002D5A0       LRot32
 0001:00000280       lstrcpyn
 0002:00006878       LVarTypes
 0002:0000687C       LVarTypeSync
 0001:00053AE8       MailSlotSend
 0002:00009C08       MainDialog
 0002:00006030       MainInstance
 0002:00009744       MainThreadHandle
 0002:00006034       MainThreadID
 0002:00009748       MainThreadTopOfStack
 0001:000003E8       MakeEmpty
 0001:0000374C       MakeErrorMessage
 0001:000065A8       MakeLong
 0001:0002D4B0       make_crc_table
 0001:0000DD34       MapException
 0001:0004D80C       MappedExceptionObject
 0001:000033D0       MapToRunError
 0001:00006120       MapViewOfFile
 0002:00005510       Mask
 0001:0001EE3C       Max
 0002:00002058       MaxBugOccurrences
 0002:00000044       MemoryManager
 0002:000054CC       MemoryOverrunExceptionText
 0002:000066BC       MemoryPages
 0001:00000480       MergeBlockAfter
 0001:0000115C       MergeCommit
 0001:000064B8       MessageBeep
 0001:00000208       MessageBox
 0001:000064C0       MessageBox
 0001:000064C8       MessageBoxA
 0001:0000F868       Messages
 0001:0001EE44       Min
 0001:00041654       ModRM
 0001:000230DC       ModRMByte
 0002:000000AC       Module
 0001:000528E8       ModuleBmp
 0001:00023080       ModuleFileName
 0001:00044004       ModuleFileName
 0001:00022710       ModuleFileName
 0001:00048530       ModuleInfoByAddr
 0001:00048478       ModuleInfoByHandle
 0002:000054BC       ModuleInfoData
 0002:000054B8       ModuleInfoHandle
 0001:00049E00       ModuleInitTable
 0002:00006661       ModuleIsCpp
 0002:00006660       ModuleIsLib
 0001:000081C4       ModuleName
 0002:00005498       ModulesList
 0001:000529E0       ModulesListDialogProc
 0001:000171BC       ModuleUnload
 0002:00000040       ModuleUnloadList
 0002:00009C18       MonitorRect
 0002:00000108       MonthDays
 0001:00001D6C       Move
 0001:00006128       MoveFileA
 0001:000064D0       MoveWindow
 0001:000064D8       MsgWaitForMultipleObjects
 0001:00006130       MulDiv
 0001:00000290       MultiByteToWideChar
 0002:000054C8       MultiFreeExceptionText
 0002:00006680       MultiFreeProc
 0002:00009994       MustFreeGlobalMappedObject
 0001:00064BE8       MustPauseThisThread
 0001:00064A38       MustRestoreApplication
 0001:000649F8       MustSendMessage
 0001:000367F0       NeedConvertNotDosText
 0002:000066D9       NegCurrFormat
 0002:0000378C       NetLib
 0001:000011E8       NewCommit
 0001:00001214       NewCommitAt
 0001:00050EF0       NewDialogProc
 0001:0005532C       NewDialogProc
 0001:000586E0       NewDialogProc
 0001:0000709C       NewFreeMem
 0001:00007030       NewGetMem
 0002:000000DC       NewMemoryManager
 0001:0005757C       NewMSDialogProc
 0001:000070C8       NewReallocMem
 0001:0000A1F8       Next
 0001:0000E4F4       NextCharIndex
 0001:0004F73C       NextItem
 0002:00000D18       NoChars
 0002:00000034       NoErrMsg
 0002:000099F8       NonClientMetrics
 0001:0003A8D0       NormalizeLines
 0001:0003A6EC       NormalizeSpaces
 0002:00009941       NoSynchronizeEvent
 0001:00002EC4       NotifyAnyExcept
 0001:00002E98       NotifyExcept
 0001:00002EF8       NotifyExceptFinally
 0001:00005474       NotifyModuleUnload
 0001:00002E74       NotifyNonDelphiException
 0001:00002EB0       NotifyOnExcept
 0001:00002E58       NotifyReRaise
 0001:00002F20       NotifyTerminate
 0001:00002F3C       NotifyUnhandled
 0002:000097C1       NotLoadDebugInfo
 0001:0000BBD4       Now
 0002:000096EC       NTService_LogMessage
 0002:00000344       NullAsStringValue
 0002:00000340       NullStrictConvert
 0001:00046170       ObjectInstanceSize
 0001:000463EC       ObjectName
 0001:000064E0       OffsetRect
 0002:0000969C       OldExceptObjProc
 0002:0000968C       OldExceptProc
 0002:00009C14       OldForegroundWnd
 0002:0000994C       OldGlobal_ExceptionRecord
 0002:00006698       OldMemoryManager
 0001:0005D680       OnCallInstr
 0002:00003CB0       OneByteOpcodes
 0001:00044284       OneString
 0002:0000973C       OnlySafeCallExceptions
 0001:0005D794       OnRefProc
 0002:00000DE4       OpCodeLongJump1Byte
 0002:00000E04       OpCodeLongJump2Bytes
 0002:00000D84       OpCodePrefixes
 0002:00000DC4       OpCodeReturn
 0002:00000DA4       OpCodeShortJump
 0001:000064E8       OpenClipboard
 0002:000054D4       Opened_LogFile_Name
 0001:00053C48       OpenIDEEditor
 0001:0004C438       OpenLogFile
 0001:00006138       OpenProcess
 0001:00005E48       OpenProcessToken
 0001:0003544C       OpenRequest
 0001:00002010       OpenText
 0001:00042114       Operand
 0002:00009B98       OriginalHeight
 0002:000066C4       OriginalMemMgr
 0002:00009714       OriginalThreadProc
 0002:00009B94       OriginalWidth
 0001:0005FCD0       OSSupportDisplayAPI
 0002:000067E8       OutOfMemory
 0002:00009944       OutOfMemoryCache
 0002:00006218       Output
 0001:00006140       OutputDebugStringA
 0002:0000667C       OverrunProc
 0002:00001F88       p
 0001:00001F10       ParamStr
 0001:0002F9B0       ParserHTML
 0002:0000379C       PassiveMode
 0002:00009634       PasswordRequest
 0001:000064F0       PeekMessage
 0001:00020A18       PEInitialize
 0001:00020960       PeMapImgFindSection
 0001:000209C0       PeMapImgNtHeaders
 0001:00023AA0       PeMapImgNtHeaders
 0001:0002093C       PeMapImgSections
 0002:0000A494       PNG_Bitmap
 0002:0000A04C       PNG_ColoursCount
 0002:0000A078       PNG_CRCList
 0002:000054E0       PNG_CRCListed
 0002:0000A488       PNG_Cursor
 0002:0000A05C       PNG_Data
 0002:0000A054       PNG_DataSize
 0002:0000A490       PNG_DCCompatible
 0002:0000A48C       PNG_DCScreen
 0002:0000A074       PNG_Encode_Data
 0002:0000A070       PNG_Encode_Filter
 0002:0000A484       PNG_FocusWnd
 0002:00005518       PNG_HeaderBytes
 0002:0000A060       PNG_HeaderData
 0002:0000A49C       PNG_Height
 0002:0000A480       PNG_HWindow
 0002:0000A058       PNG_ImgData
 0002:0000A478       PNG_pal
 0002:0000A050       PNG_RowBytes
 0002:0000A47C       PNG_UsePal
 0002:0000A498       PNG_Width
 0001:00013A10       PointerInModule
 0001:000481E8       PopulateCurrentProcessWindows
 0001:0001AE38       PosEx
 0001:000064F8       PostMessage
 0001:0005D004       PrepareFilesToSend
 0002:000003D0       Priorities
 0001:00048CA4       PriorityToString
 0001:0005A614       ProcessDialogMessages
 0002:0000549C       ProcessesList
 0001:00053114       ProcessesListDialogProc
 0001:0005901C       ProcessImage
 0001:0004FDA4       ProcessMessage
 0001:00066680       ProcessMessages
 0001:0001624C       PropValueError
 0002:00003794       ProxyPassword
 0002:00003798       ProxyServer
 0002:00003790       ProxyUserName
 0001:00006500       PtInRect
 0002:000000A8       PtrToNil
 0002:00000D58       PublicsByNameHeader
 0002:00000D68       PublicsByValueHeader
 0001:0004F864       PurgeCallStack
 0001:00006B8C       PurgeCallStack
 0001:000077C4       PurgeCallStacks
 0001:0002EA4C       PurgeHTMLCode
 0001:000075BC       PurgeInvalidLeaks
 0001:00064A90       PurgeModulesList
 0001:0002EE78       PurgeQuotes
 0001:0005E180       PurgeString
 0001:0000AC4C       PutExponent
 0001:00013EDC       QuickSort
 0001:0001AED0       QuickStringReplace
 0001:0000DCF0       RaiseAssertException
 0002:00009750       RaisedExceptAddr
 0001:000158FC       RaiseException
 0001:000001B0       RaiseException
 0002:00006014       RaiseExceptionProc
 0001:0000EDAC       RaiseLastOSError
 0002:00000008       RandSeed
 0002:00009B80       rClick
 0001:000515A4       ReadableThreadID
 0001:0004E690       ReadAddr
 0001:0001F334       ReadAddress
 0001:0004152C       ReadByte
 0001:0001F284       ReadDecValue
 0001:000414EC       ReadDWord
 0001:0005FDEC       ReadDWordKey
 0001:0004AF54       ReadEncodeString
 0001:00016234       ReadError
 0001:00006148       ReadFile
 0001:000001B8       ReadFile
 0001:0001F2B8       ReadHexValue
 0001:0001B114       ReadKey
 0001:000417C0       ReadSib
 0001:0004E600       ReadStartData
 0001:00051EC4       ReadState
 0001:0001A8A0       ReadString
 0001:0001F370       ReadString
 0001:0001C50C       ReadString
 0001:0001F254       ReadTextLine
 0001:0004150C       ReadWord
 0001:0006AA74       RealAddr
 0002:00009BA8       RealHeight
 0002:00009B9C       RealLeft
 0001:00049580       RealPriority
 0001:0004C9B0       RealTmpLastHTMLPage
 0002:00009BA0       RealTop
 0002:00009BA4       RealWidth
 0001:00048470       Real_FindHInstance
 0001:00044140       Real_GetCommandLine
 0001:00044164       Real_GetCurrentModuleFileName
 0001:00044154       Real_GetCurrentProcess
 0001:0004415C       Real_GetCurrentProcessID
 0001:0001A148       Real_GetMainModuleFileName
 0001:0001387C       Rect
 0001:00005DD4       Rect
 0001:00022A2C       recv
 0001:00058F50       ReduceTree
 0002:00006870       RefAnyProc
 0001:00005E50       RegCloseKey
 0001:00000298       RegCloseKey
 0001:00005E58       RegEnumKeyExA
 0002:000068B0       RegGroups
 0001:00006508       RegisterClass
 0001:000054D0       RegisterModule
 0001:000002A0       RegOpenKeyEx
 0001:00005E60       RegOpenKeyExA
 0001:000002A8       RegQueryValueEx
 0001:00005E68       RegQueryValueExA
 0001:00006510       ReleaseDC
 0001:00023504       RelocateMemory
 0002:00000050       reMap
 0002:00006618       remBytes
 0001:00000508       RemoveBlock
 0001:0005E5EC       RemoveDoubleQuotes
 0001:0003A588       RemoveEmptySections
 0001:000076B0       RemoveExtraLeaks
 0001:00016104       RemoveFixupReferences
 0001:000161B0       RemoveFixups
 0001:0005F8F4       RemoveLastSeparator
 0001:00007870       RemoveLeaksSons
 0001:0000742C       RemoveMemBlock
 0001:000053C4       RemoveModuleUnloadProc
 0001:000053EC       RemoveModuleUnloadProc
 0001:00016A50       RemoveThread
 0001:00042AB0       Replacer
 0001:00050820       ResetAutoCloseTimer
 0001:0005A8B8       ResetCounting
 0001:00006150       ResetEvent
 0001:0006663C       ResetGlobalVars
 0002:00006688       ResetLeaks
 0001:00016A10       ResetSyncEvent
 0001:0000174C       ResizeInPlace
 0002:00000D78       ResourceFilesHeader
 0001:0004D9BC       RestoreGlobalExceptionRecord
 0001:00006158       ResumeThread
 0001:00013D24       ReturnAddr
 0001:00014584       ReturnAddr
 0001:0000D994       ReturnAddr
 0001:00046B04       RFCDate
 0001:00006608       RGB
 0001:0004E1A4       RoundMatch
 0001:0004E1BC       RoundMatchPtr
 0002:00006614       rover
 0002:00009B70       rSupport
 0001:000446D0       RTF_LoadFromStream
 0001:000446FC       RTF_LoadFromText
 0001:0001292C       RTLConsts
 0001:000001C0       RtlUnwind
 0002:00006018       RTLUnwindProc
 0002:00000074       runErrMsg
 0001:00001B94       RunErrorAt
 0001:0000FCD4       SafeArrayCreate
 0001:0000FCDC       SafeArrayGetLBound
 0001:0000FCE4       SafeArrayGetUBound
 0001:0000FCEC       SafeArrayPtrOfIndex
 0002:00006020       SafeCallErrorProc
 0001:0001DFB4       SafeExec
 0001:0001EED0       SafeLoadFromFileToStream
 0001:0000E5D4       SameFileName
 0001:00009774       SameText
 0002:0000A048       SavedLastHTMLPage
 0001:0004C788       SavedScreenshot
 0001:0004D8E8       SaveGlobalExceptionRecord
 0001:00061024       SaveLogFile
 0001:00052174       SaveState
 0001:0000C890       ScanBlanks
 0001:0000C9D4       ScanChar
 0001:0000CB50       ScanDate
 0001:0000C8B4       ScanNumber
 0001:0000C948       ScanString
 0001:0000CE94       ScanTime
 0001:0000CA58       ScanToNumber
 0001:00006518       ScreenToClient
 0001:0001EE4C       SearchDynArray
 0001:00036F64       SearchItem
 0001:00036A0C       SearchNextItem
 0001:000301EC       SearchPort
 0001:00001248       SearchSmallBlocks
 0001:0003015C       SearchWord
 0001:0001F8FC       Search_MapLineNumber
[...]
 15935 0001:00068632 15936 0001:00068639 15937 0001:00068648 15938 0001:00068659
 15939 0001:00068666 15940 0001:0006866F 15945 0001:00068674 15946 0001:0006867B
 15947 0001:00068683 15948 0001:00068691 15949 0001:000686A0 15951 0001:000686BC
 15953 0001:000686CC 15958 0001:000686D0 15961 0001:000686D7 15962 0001:000686DD
 15963 0001:000686F0 15964 0001:000686F8 15965 0001:000686FB 15970 0001:00068700
 15973 0001:00068707 15974 0001:0006870D 15975 0001:00068720 15976 0001:00068728
 15977 0001:0006872B 15982 0001:00068730 15985 0001:00068737 15986 0001:0006873D
 15987 0001:0006874F 15988 0001:00068757 15989 0001:0006875A 15992 0001:00068760
 15993 0001:00068767 15994 0001:00068776 15998 0001:0006877C 15999 0001:00068784
 16003 0001:00068788 16004 0001:00068790 16008 0001:00068794 16009 0001:0006879C
 16013 0001:000687A0 16014 0001:000687A8 16017 0001:000687AC 16018 0001:000687B3
 16019 0001:000687BF 16020 0001:000687CD 16021 0001:000687D4 16022 0001:000687E3
 16027 0001:000687E8 16028 0001:000687F0 16029 0001:000687F8 16032 0001:00068806
 16033 0001:0006880D 16035 0001:00068811 16037 0001:00068827 16038 0001:00068831
 16040 0001:00068832 16033 0001:00068833 16043 0001:00068844 16045 0001:00068854
 16048 0001:00068858 16049 0001:0006886E 16053 0001:00068900 16060 0001:00068908
 16061 0001:0006890C 16062 0001:00068915 16061 0001:0006891E 16063 0001:00068921
 16064 0001:00068928 16070 0001:0006892C 16071 0001:00068935 16072 0001:00068942
 16073 0001:00068949 16074 0001:00068957 16075 0001:00068960 16078 0001:00068968
 16079 0001:00068973 16080 0001:0006897A 16081 0001:00068991 16084 0001:00068994
 16085 0001:0006899B 16086 0001:000689AA 16095 0001:000689B0 16096 0001:000689B3
 16097 0001:000689D1 16099 0001:000689D4 16101 0001:000689EC 16103 0001:000689F1
 16104 0001:000689F2 16105 0001:000689F5 16107 0001:000689F8 16108 0001:00068A13
 16114 0001:00068A1C 16115 0001:00068A21 16126 0001:00068A24 16127 0001:00068A43
 16128 0001:00068A8E 16129 0001:00068A94 16130 0001:00068A9E 16131 0001:00068AE6
 16132 0001:00068B18 16162 0001:00068C14 16163 0001:00068C17 16165 0001:00068C25
 16166 0001:00068C30 16167 0001:00068C3D 16169 0001:00068C54 16173 0001:00068C58
 16174 0001:00068C5F 16176 0001:00068C61 16177 0001:00068C62 16178 0001:00068C63
 16179 0001:00068C65 16180 0001:00068C68 16181 0001:00068C6D 16182 0001:00068C6E
 16183 0001:00068C6F 16184 0001:00068C74 16185 0001:00068C76 16186 0001:00068C77
 16187 0001:00068C78 16188 0001:00068C7A 16189 0001:00068C7C 16190 0001:00068C7E
 16191 0001:00068C80 16192 0001:00068C82 16193 0001:00068C88 16194 0001:00068C8A
 16195 0001:00068C8C 16196 0001:00068C8E 16197 0001:00068C93 16198 0001:00068C98
 16201 0001:00068C99 16204 0001:00068C9E 16370 0001:00068CA0 16371 0001:00068CA5
 16372 0001:00068CAC 16374 0001:00068CB0 16375 0001:00068CB7 16376 0001:00068CC0
 16378 0001:00068CCF 16380 0001:00068CDE 16538 0001:00068CE4 16539 0001:00068CEB
 16540 0001:00068CF5 16541 0001:00068D03 16543 0001:00068D21 16545 0001:00068D36
 16566 0001:00068D3C 16567 0001:00068D41 16571 0001:00068D44 16572 0001:00068D49
 16600 0001:00068D4C 16601 0001:00068D4E 16602 0001:00068D51 16604 0001:00068D54
 16605 0001:00068D64 16607 0001:00068D68 16608 0001:00068D72 16609 0001:00068D80
 16611 0001:00068D89 16612 0001:00068DA0 16614 0001:00068DA4 16615 0001:00068DB7
 16619 0001:00068DC1 16626 0001:00068DFD 16628 0001:00068E08 16629 0001:00068E0E
 16631 0001:00068E16 16633 0001:00068E38 16635 0001:00068E50 16637 0001:00068E5C
 16641 0001:00068E8F 16643 0001:00068EA4 16669 0001:00068EE4 16670 0001:00068EEA
 16671 0001:00068F07 16672 0001:00068F11 16677 0001:00068F14 16678 0001:00068F1A
 16679 0001:00068F37 16680 0001:00068F41 16686 0001:00068F44 16687 0001:00068F4D
 16690 0001:00068F73 16691 0001:00068F7D 16692 0001:00068F8B 16694 0001:00068FA2
 16697 0001:00068FB1 16700 0001:00068FB8 16701 0001:00068FBE 16703 0001:00068FEA
 16704 0001:00068FF4 16709 0001:00068FF8 16710 0001:00068FFE 16711 0001:0006901B
 16712 0001:00069025 16715 0001:00069028 16716 0001:0006902E 16718 0001:00069045
 16719 0001:0006905F 16721 0001:0006906C 16722 0001:00069076 16731 0001:0006907C
 16732 0001:00069097 16733 0001:0006909F 16735 0001:000690A5 16736 0001:000690BE
 16738 0001:000690C4 16739 0001:000690D6 16742 0001:000690ED 16743 0001:00069106
 16744 0001:0006910C 16746 0001:0006912B 16747 0001:0006913A 16748 0001:0006914F
 16749 0001:00069173 16760 0001:000691C0 16761 0001:000691D4 16763 0001:00069228
 16777 0001:00069240 16778 0001:00069260 16779 0001:0006926F 16781 0001:00069275
 16782 0001:00069283 16784 0001:00069299 16785 0001:000692B3 16786 0001:000692BE
 16787 0001:000692CC 16788 0001:000692E1 16789 0001:000692E9 16791 0001:000692F5
 16792 0001:00069307 16793 0001:00069315 16795 0001:00069330 16798 0001:00069350
 16800 0001:00069380 16802 0001:00069388 16803 0001:000693A8 16805 0001:000693B7
 16806 0001:000693C6 16807 0001:000693D4 16808 0001:000693E2 16809 0001:000693F0
 16810 0001:000693FF 16811 0001:00069417 16812 0001:0006942E 16815 0001:0006944C
 16816 0001:00069476 16818 0001:00069483 16819 0001:00069492 16820 0001:000694A0
 16821 0001:000694BC 16822 0001:000694C8 16823 0001:000694D7 16824 0001:000694E5
 16825 0001:000694F0 16826 0001:000694FC 16827 0001:0006950D 16829 0001:00069535
 16832 0001:00069552 16835 0001:00069562 16838 0001:0006957C 16841 0001:000695A2
 16844 0001:000695B2 16845 0001:000695DD 16853 0001:000695F0 16854 0001:00069613
 16857 0001:00069634 16858 0001:00069638 16861 0001:0006964F 16862 0001:00069668
 16864 0001:0006969A 16869 0001:000696A4 16870 0001:000696AA 16871 0001:000696C4
 16872 0001:000696CE 16878 0001:000696D4 16879 0001:000696DB 16881 0001:000696DD
 16882 0001:000696E2 16883 0001:000696E4 16885 0001:000696E6 16886 0001:000696EA
 16887 0001:000696EF 16888 0001:000696F1 16890 0001:000696F3 16891 0001:000696F8
 16892 0001:000696FE 16893 0001:000696FF 16894 0001:00069705 16895 0001:00069707
 16896 0001:00069709 16897 0001:0006970B 16898 0001:00069711 16899 0001:00069713
 16900 0001:00069715 16901 0001:00069717 16902 0001:0006971C 16903 0001:0006971E
 16904 0001:00069723 16905 0001:00069725 16906 0001:00069726 16907 0001:0006972B
 16908 0001:0006972C 16911 0001:00069731 16912 0001:00069737 16917 0001:00069738
 16918 0001:0006974A 16919 0001:0006976C 16934 0001:00069770 16935 0001:0006977A
 16938 0001:0006977E 16939 0001:00069784 16936 0001:00069785 16941 0001:00069795
 16944 0001:0006979C 16946 0001:000697A3 16947 0001:000697AF 16948 0001:000697B9
 16949 0001:000697CB 16951 0001:000697D0 16953 0001:000697F4 16956 0001:000697F6
 16959 0001:00069804 16961 0001:0006981D 16964 0001:00069826 16965 0001:00069837
 16967 0001:00069839 16968 0001:00069852 16969 0001:00069871 16971 0001:00069879
 16972 0001:00069884 16973 0001:00069890 16974 0001:0006989E 16975 0001:000698B0
 16976 0001:000698BA 16979 0001:000698E8 16981 0001:0006990F 16984 0001:0006991D
 16986 0001:00069958 16990 0001:00069975 16991 0001:00069980 16994 0001:00069994
 16995 0001:000699C1 17000 0001:000699C8 17001 0001:000699CB 17004 0001:000699E6
 17005 0001:000699ED 17006 0001:000699FB 17007 0001:00069A18 17009 0001:00069A1F
 17010 0001:00069A30 17011 0001:00069A39 17012 0001:00069A45 17014 0001:00069A5C
 17016 0001:00069A6B 17020 0001:00069A70 17022 0001:00069A82 17023 0001:00069A8C
 17024 0001:00069A9A 17026 0001:00069AAC 17027 0001:00069ABC 17028 0001:00069AC6
 17029 0001:00069ACD 17036 0001:00069AD0 17037 0001:00069AD6 17039 0001:00069ADF
 17041 0001:00069AE7 17042 0001:00069AF0 17043 0001:00069AFA 17045 0001:00069B01
 17049 0001:00069B09 17050 0001:00069B12 17053 0001:00069B18 17054 0001:00069B1E
 17056 0001:00069B27 17058 0001:00069B2C 17059 0001:00069B35 17060 0001:00069B42
 17062 0001:00069B49 17066 0001:00069B51 17067 0001:00069B5A 17071 0001:00069B60
 17072 0001:00069B65 17076 0001:00069B68 17077 0001:00069B6D 17086 0001:00069B70
 17087 0001:00069B94 17090 0001:00069BD0 17091 0001:00069BE7 17092 0001:00069BEE
 17096 0001:00069BFD 17097 0001:00069C14 17101 0001:00069C23 17102 0001:00069C3A
 17106 0001:00069C49 17107 0001:00069C60 17111 0001:00069C6F 17112 0001:00069C86
 17116 0001:00069C95 17117 0001:00069CAC 17121 0001:00069CBB 17122 0001:00069CD2
 17123 0001:00069CEF 17127 0001:00069CF6 17128 0001:00069D0D 17132 0001:00069D19
 17133 0001:00069D30 17137 0001:00069D3C 17138 0001:00069D53 17141 0001:00069D8C
 17244 0001:00069DA0 17245 0001:00069DBB 17246 0001:00069DC9 17247 0001:00069DD2
 17249 0001:00069DDC 17250 0001:00069DF0 17247 0001:00069DF3 17251 0001:00069E13
 17264 0001:00069E1C 17265 0001:00069E36 17268 0001:00069E43 17270 0001:00069E51
 17271 0001:00069E58 17273 0001:00069E6F 17277 0001:00069E8A 17278 0001:00069E98
 17279 0001:00069E9F 17281 0001:00069EB6 17286 0001:00069ED1 17287 0001:00069EDF
 17288 0001:00069EE6 17289 0001:00069EED 17291 0001:00069EF9 17292 0001:00069F00
 17294 0001:00069F11 17295 0001:00069F2A 17296 0001:00069F33 17298 0001:00069F3B
 17301 0001:00069F4C 17302 0001:00069F59 17304 0001:00069F7C 17306 0001:00069F92
 17307 0001:00069FA3 17308 0001:00069FB6 17309 0001:00069FC9 17310 0001:00069FDA
 17311 0001:00069FE4 17312 0001:00069FEE 17313 0001:00069FF8 17314 0001:0006A002
 17315 0001:0006A011 17316 0001:0006A018 17318 0001:0006A03A 17320 0001:0006A048
 17321 0001:0006A051 17322 0001:0006A059 17324 0001:0006A061 17325 0001:0006A072
 17326 0001:0006A083 17327 0001:0006A094 17328 0001:0006A099 17329 0001:0006A0AA
 17330 0001:0006A0BB 17331 0001:0006A0CC 17333 0001:0006A0E0 17335 0001:0006A111
 17343 0001:0006A184 17344 0001:0006A1AB 17346 0001:0006A1B8 17347 0001:0006A1BC
 17348 0001:0006A1CA 17350 0001:0006A1D2 17351 0001:0006A1DE 17352 0001:0006A1F1
 17355 0001:0006A20B 17357 0001:0006A211 17358 0001:0006A215 17360 0001:0006A219
 17361 0001:0006A225 17364 0001:0006A232 17365 0001:0006A236 17366 0001:0006A259
 17367 0001:0006A25F 17368 0001:0006A265 17370 0001:0006A271 17348 0001:0006A275
 17372 0001:0006A27E 17373 0001:0006A287 17374 0001:0006A290 17376 0001:0006A2AC
 17378 0001:0006A2D0 17380 0001:0006A2DF 17388 0001:0006A304 17389 0001:0006A326
 17391 0001:0006A333 17393 0001:0006A34F 17397 0001:0006A35D 17399 0001:0006A364
 17402 0001:0006A383 17406 0001:0006A400 17408 0001:0006A40E 17410 0001:0006A445
 17413 0001:0006A464 17418 0001:0006A475 17419 0001:0006A47F 17422 0001:0006A486
 17423 0001:0006A494 17424 0001:0006A49B 17425 0001:0006A4A5 17426 0001:0006A4AC
 17427 0001:0006A4B6 17428 0001:0006A4BD 17429 0001:0006A4C7 17430 0001:0006A4CE
 17431 0001:0006A4D8 17432 0001:0006A4E2 17433 0001:0006A4EC 17434 0001:0006A4F6
 17435 0001:0006A500 17436 0001:0006A507 17437 0001:0006A511 17438 0001:0006A518
 17439 0001:0006A522 17440 0001:0006A529 17441 0001:0006A533 17442 0001:0006A53A
 17443 0001:0006A544 17444 0001:0006A54B 17445 0001:0006A555 17446 0001:0006A55C
 17447 0001:0006A566 17448 0001:0006A56D 17449 0001:0006A577 17450 0001:0006A57E
 17451 0001:0006A588 17452 0001:0006A58F 17453 0001:0006A59A 17454 0001:0006A5A9
 17457 0001:0006A5AE 17458 0001:0006A5B7 17461 0001:0006A5C0 17462 0001:0006A5CA
 17463 0001:0006A5D4 17464 0001:0006A5DE 17465 0001:0006A5E8 17466 0001:0006A5F2
 17467 0001:0006A5FC 17468 0001:0006A606 17469 0001:0006A610 17470 0001:0006A61A
 17471 0001:0006A624 17472 0001:0006A62E 17473 0001:0006A638 17474 0001:0006A642
 17475 0001:0006A64C 17476 0001:0006A656 17477 0001:0006A660 17478 0001:0006A66A
 17479 0001:0006A674 17480 0001:0006A67E 17481 0001:0006A688 17482 0001:0006A692
 17483 0001:0006A69C 17484 0001:0006A6A6 17485 0001:0006A6B0 17486 0001:0006A6BA
 17487 0001:0006A6C4 17488 0001:0006A6CE 17489 0001:0006A6D8 17490 0001:0006A6E2
 17491 0001:0006A6EC 17493 0001:0006A6F1 17496 0001:0006A70A 17501 0001:0006A725
 17503 0001:0006A733 17504 0001:0006A73A 17506 0001:0006A751 17510 0001:0006A76C
 17511 0001:0006A77A 17512 0001:0006A781 17514 0001:0006A798 17519 0001:0006A7D5
 17523 0001:0006A88C 17524 0001:0006A8A3 17528 0001:0006A8A4 17529 0001:0006A8BB
 17536 0001:0006A8BC 17537 0001:0006A8C6 17540 0001:0006A8C8 17542 0001:0006A8DB
 17543 0001:0006A8E6 17544 0001:0006A8F1 17547 0001:0006A8FC 17548 0001:0006A907
 17551 0001:0006A912 17552 0001:0006A92E 17553 0001:0006A956 17569 0001:0006A95C
 17570 0001:0006A979 17571 0001:0006A980 17572 0001:0006A982 17573 0001:0006A996
 17574 0001:0006A99D 17576 0001:0006A9A1 17578 0001:0006A9B7 17580 0001:0006A9BE
 17582 0001:0006A9CC 17584 0001:0006A9D0 17585 0001:0006A9FF 17588 0001:0006AA04
 17589 0001:0006AA28 17590 0001:0006AA34 17591 0001:0006AA44 17592 0001:0006AA6A
 17605 0001:0006AA74 17606 0001:0006AA78 17607 0001:0006AA7E 17611 0001:0006AA84
 17612 0001:0006AA8B 17613 0001:0006AA90 17618 0001:0006AA94 17619 0001:0006AA9B
 17621 0001:0006AAB8 17623 0001:0006AABD 17625 0001:0006AAC2 17626 0001:0006AAC3
 17627 0001:0006AAC6 17629 0001:0006AAC9 17630 0001:0006AAD9 17635 0001:0006AAE0
 17636 0001:0006AAE7 17641 0001:0006AB15 17643 0001:0006AB1A 17644 0001:0006AB1B
 17645 0001:0006AB1E 17647 0001:0006AB21 17648 0001:0006AB31 17653 0001:0006AB38
 17654 0001:0006AB3E 17655 0001:0006AB4D 17656 0001:0006AB5B 17658 0001:0006AB80
 17660 0001:0006AB93 17665 0001:0006AB98 17666 0001:0006AB9F 17668 0001:0006ABBC
 17670 0001:0006ABC1 17672 0001:0006ABC6 17673 0001:0006ABC7 17674 0001:0006ABCA
 17676 0001:0006ABCD 17677 0001:0006ABDD 17689 0001:0006ABE4 17690 0001:0006ABF0
 17693 0001:0006ABF8 17694 0001:0006AC07 17695 0001:0006AC15 17696 0001:0006AC1F
 17697 0001:0006AC2E 17699 0001:0006AC39 17700 0001:0006AC43 17701 0001:0006AC52
 17703 0001:0006AC5D 17704 0001:0006AC67 17705 0001:0006AC76 17707 0001:0006AC81
 17710 0001:0006AC8E 17714 0001:0006AC9A 17715 0001:0006ACAF 17716 0001:0006ACB9
 17707 0001:0006ACBA 17718 0001:0006ACBD 17721 0001:0006ACCA 17722 0001:0006ACE7
 17723 0001:0006ACFB 17718 0001:0006ACFC 17725 0001:0006AD0C 17727 0001:0006AD1C
 17737 0001:0006AD24 17739 0001:0006AD27 17740 0001:0006AD2D 17743 0001:0006AD34
 17745 0001:0006AD47 17746 0001:0006AD5D 17747 0001:0006AD6A 17748 0001:0006AD85
 17752 0001:0006AD9A 17753 0001:0006ADA7 17757 0001:0006ADAC 17758 0001:0006ADB3
 17759 0001:0006ADB9 17761 0001:0006ADBC 17762 0001:0006ADC7 17764 0001:0006ADCE
 17765 0001:0006ADD5 17766 0001:0006ADE5 17768 0001:0006ADF1 17769 0001:0006ADF6
 17771 0001:0006AE11 17772 0001:0006AE23 17774 0001:0006AE30 17775 0001:0006AE37
 17776 0001:0006AE48 17778 0001:0006AE55 17779 0001:0006AE5A 17781 0001:0006AE76
 17783 0001:0006AE84 17793 0001:0006AE8C 17794 0001:0006AEA7 17795 0001:0006AEB4
 17796 0001:0006AED0 17797 0001:0006AF1D 17799 0001:0006AF6C 17801 0001:0006AF8A
 17812 0001:0006AFA5 17822 0001:0006AFC0 17832 0001:0006AFCD 17835 0001:0006AFDE
 17842 0001:0006AFEF 17846 0001:0006B00A 17852 0001:0006B025 17855 0001:0006B02A
 17859 0001:0006B04A 17868 0001:0006B06A 17869 0001:0006B06B 17871 0001:0006B075
 17876 0001:0006B095 17885 0001:0006B0B0 17890 0001:0006B0CB 17891 0001:0006B0D4
 17896 0001:0006B0EF 17898 0001:0006B0FD 17901 0001:0006B13A 17905 0001:0006B400
 17906 0001:0006B41A 17909 0001:0006B41C 17910 0001:0006B41F 17911 0001:0006B430
 17914 0001:0006B434 17918 0001:0006B437 17920 0001:0006B43E 17949 0001:0006B440
 17950 0001:0006B443 17952 0001:0006B44A 17957 0001:0006B44C 17958 0001:0006B454
 17960 0001:0006B463 17961 0001:0006B468 17963 0001:0006B475 17966 0001:0006B49D
 17967 0001:0006B4B0 17969 0001:0006B4B2 17961 0001:0006B4B3 17970 0001:0006B4B6
 17981 0001:0006B4BC 17982 0001:0006B4C3 17983 0001:0006B4D6 17984 0001:0006B4E4
 17986 0001:0006B4FB 17988 0001:0006B50B 17990 0001:0006B510 17991 0001:0006B52D
 17992 0001:0006B531 17994 0001:0006B54E 17995 0001:0006B55D 17996 0001:0006B56B
 17997 0001:0006B583 17999 0001:0006B597 18000 0001:0006B5AA 18001 0001:0006B5B0
 18002 0001:0006B5B8 18003 0001:0006B5CC 18005 0001:0006B5DF 18007 0001:0006B614
 18009 0001:0006B61C 18010 0001:0006B63B 18011 0001:0006B659 18013 0001:0006B663
 18015 0001:0006B66E 18018 0001:0006B698 18029 0001:0006B6B5 18031 0001:0006B6BC
 18033 0001:0006B6C3 18034 0001:0006B6CA 18035 0001:0006B6D1 18036 0001:0006B6D8
 18038 0001:0006B6ED 18042 0001:0006B6F4 18043 0001:0006B6FB 18044 0001:0006B702
 18045 0001:0006B709 18046 0001:0006B710 18047 0001:0006B717 18048 0001:0006B71E
 18049 0001:0006B725 18050 0001:0006B72C 18051 0001:0006B743 18052 0001:0006B75A
 18053 0001:0006B761 18054 0001:0006B76B 18055 0001:0006B772 18056 0001:0006B781
 18057 0001:0006B788 18058 0001:0006B799 18059 0001:0006B7A3 18061 0001:0006B7AA
 18062 0001:0006B7B4 18063 0001:0006B7BE 18065 0001:0006B7C8 18067 0001:0006B7CD
 18070 0001:0006B7D6 18073 0001:0006B7DB 18075 0001:0006B7E9 18076 0001:0006B7F0
 18080 0001:0006B7F5 18081 0001:0006B806 18083 0001:0006B817 18084 0001:0006B830
 18085 0001:0006B839 18087 0001:0006B841 18125 0001:0006B854 18127 0001:0006B859
 18128 0001:0006B86A 18129 0001:0006B87B 18130 0001:0006B88C 18131 0001:0006B89D
 18137 0001:0006B8AE 18138 0001:0006B8B5 18139 0001:0006B8C1 18140 0001:0006B8C8
 18141 0001:0006B8CF 18142 0001:0006B8D9 18143 0001:0006B8E0 18144 0001:0006B8E7
 18147 0001:0006B909 18148 0001:0006B91C 18150 0001:0006B92A 18151 0001:0006B933
 18152 0001:0006B93B 18155 0001:0006B943 18156 0001:0006B948 18157 0001:0006B952
 18158 0001:0006B95C 18160 0001:0006B96D 18161 0001:0006B97E 18162 0001:0006B983
 18163 0001:0006B98A 18164 0001:0006B994 18165 0001:0006B99B 18166 0001:0006B9A2
 18167 0001:0006B9A9 18168 0001:0006B9B0 18169 0001:0006B9B7 18171 0001:0006B9BE
 18172 0001:0006B9C5 18173 0001:0006B9CC 18175 0001:0006B9D3 18177 0001:0006B9DA
 18180 0001:0006B9E2 18182 0001:0006B9EC 18184 0001:0006BA06 18185 0001:0006BA12
 18186 0001:0006BA1D 18187 0001:0006BA29 18189 0001:0006BA34 18192 0001:0006BA39
 18198 0001:0006BA86 18204 0001:0006BAD3 18210 0001:0006BB20 18211 0001:0006BB35
 18213 0001:0006BB3E 18227 0001:0006BB57 18233 0001:0006BBA4 18239 0001:0006BBF1
 18245 0001:0006BC3E 18247 0001:0006BC4C 18249 0001:0006BC5A 18251 0001:0006BC68
 18252 0001:0006BC6D 18256 0001:0006BC97 18258 0001:0006BCA4 18261 0001:0006BCB8
 18262 0001:0006BCE9 18266 0001:0006BD25 18270 0001:0006BD2C 18272 0001:0006BD35
 18273 0001:0006BD3A 18277 0001:0006BD69 18284 0001:0006BE3C 18285 0001:0006BE55
 18286 0001:0006BE63 18288 0001:0006BE76 18289 0001:0006BE80 18291 0001:0006BE8A
 18292 0001:0006BE9D 18294 0001:0006BEA4 18295 0001:0006BEAE 18296 0001:0006BEB5
 18297 0001:0006BEBF 18298 0001:0006BEC6 18299 0001:0006BED0 18300 0001:0006BED7
 18301 0001:0006BEE1 18302 0001:0006BEE8 18303 0001:0006BEF2 18305 0001:0006BEF9
 18306 0001:0006BEFE 18308 0001:0006BF09 18310 0001:0006BF1B 18311 0001:0006BF28
 18313 0001:0006BF35 18315 0001:0006BF3E 18316 0001:0006BF51 18321 0001:0006BF58
 18322 0001:0006BF61 18324 0001:0006BF70 18325 0001:0006BF7A 18326 0001:0006BF81
 18327 0001:0006BF8B 18328 0001:0006BF92 18329 0001:0006BF9C 18331 0001:0006BFA3
 18332 0001:0006BFAD 18333 0001:0006BFB7 18334 0001:0006BFC1 18335 0001:0006BFCB
 18338 0001:0006BFD2 18340 0001:0006BFDB 18341 0001:0006BFE8 18342 0001:0006BFF7
 18345 0001:0006C00D 18346 0001:0006C017 18347 0001:0006C01E 18348 0001:0006C028
 18349 0001:0006C02F 18350 0001:0006C039 18352 0001:0006C040 18353 0001:0006C04F
 18360 0001:0006C056 18362 0001:0006C05F 18363 0001:0006C06A 18364 0001:0006C074
 18365 0001:0006C07E 18373 0001:0006C085 18374 0001:0006C08A 18376 0001:0006C09E
 18377 0001:0006C0A8 18378 0001:0006C0AF 18380 0001:0006C0DE 18412 0001:0006C0E4
 18422 0001:0006C0F8 18423 0001:0006C124 18425 0001:0006C28A 18416 0001:0006C2A8
 18417 0001:0006C2CC 18418 0001:0006C2DB 18419 0001:0006C2E0 18421 0001:0006C2FF

Line numbers for DLL(C:\Works\Sync Folder\Sources\EurekaLog 6\Delphi Demos\DLL\DLL.dpr) segment .text

    13 0001:0006C320    14 0001:0006C325    17 0001:0006C328    18 0001:0006C32B
    19 0001:0006C330    22 0001:0006C334    23 0001:0006C337    24 0001:0006C33C
    27 0001:0006C340    28 0001:0006C343    29 0001:0006C348    34 0001:0006C494
    34 0001:0006C4A4

Bound resource files

..\..\Dialog.res
C:\DOCUME~1\ADMINI~1\LOCALS~1\Temp\dtf5D1.tmp


Program entry point at 0001:0006C494
